Archive member included to satisfy reference by file (symbol)

c:/program files (x86)/atmel/studio/7.0/toolchain/avr8/avr8-gnu-toolchain/bin/../lib/gcc/avr/5.4.0/avr5\libgcc.a(_udivmodhi4.o)
                              Free RTOS/queue.o (__udivmodhi4)
c:/program files (x86)/atmel/studio/7.0/toolchain/avr8/avr8-gnu-toolchain/bin/../lib/gcc/avr/5.4.0/avr5\libgcc.a(_exit.o)
                              C:/Program Files (x86)/Atmel/Studio/7.0/Packs/atmel/ATmega_DFP/1.7.374/gcc/dev/atmega32/avr5/crtatmega32.o (exit)
c:/program files (x86)/atmel/studio/7.0/toolchain/avr8/avr8-gnu-toolchain/bin/../lib/gcc/avr/5.4.0/avr5\libgcc.a(_tablejump2.o)
                              Free RTOS/timers.o (__tablejump2__)
c:/program files (x86)/atmel/studio/7.0/toolchain/avr8/avr8-gnu-toolchain/bin/../lib/gcc/avr/5.4.0/avr5\libgcc.a(_copy_data.o)
                              Free RTOS/heap_2.o (__do_copy_data)
c:/program files (x86)/atmel/studio/7.0/toolchain/avr8/avr8-gnu-toolchain/bin/../lib/gcc/avr/5.4.0/avr5\libgcc.a(_clear_bss.o)
                              ATMEGA 32 Drivers/Gpio.o (__do_clear_bss)
c:/program files (x86)/atmel/studio/7.0/toolchain/avr8/avr8-gnu-toolchain/bin/../lib/gcc/avr/5.4.0/avr5\libgcc.a(_udivdi3.o)
                              main.o (__udivdi3)
c:/program files (x86)/atmel/studio/7.0/toolchain/avr8/avr8-gnu-toolchain/bin/../lib/gcc/avr/5.4.0/avr5\libgcc.a(_udivmod64.o)
                              c:/program files (x86)/atmel/studio/7.0/toolchain/avr8/avr8-gnu-toolchain/bin/../lib/gcc/avr/5.4.0/avr5\libgcc.a(_udivdi3.o) (__udivmod64)
c:/program files (x86)/atmel/studio/7.0/toolchain/avr8/avr8-gnu-toolchain/bin/../lib/gcc/avr/5.4.0/avr5\libgcc.a(_ashldi3.o)
                              main.o (__ashldi3)
c:/program files (x86)/atmel/studio/7.0/toolchain/avr8/avr8-gnu-toolchain/bin/../lib/gcc/avr/5.4.0/avr5\libgcc.a(_adddi3.o)
                              main.o (__adddi3)
c:/program files (x86)/atmel/studio/7.0/toolchain/avr8/avr8-gnu-toolchain/bin/../lib/gcc/avr/5.4.0/avr5\libgcc.a(_subdi3.o)
                              main.o (__subdi3)
c:/program files (x86)/atmel/studio/7.0/toolchain/avr8/avr8-gnu-toolchain/bin/../lib/gcc/avr/5.4.0/../../../../avr/lib/avr5\libc.a(memcpy.o)
                              Free RTOS/queue.o (memcpy)
c:/program files (x86)/atmel/studio/7.0/toolchain/avr8/avr8-gnu-toolchain/bin/../lib/gcc/avr/5.4.0/../../../../avr/lib/avr5\libc.a(memset.o)
                              Free RTOS/tasks.o (memset)

Allocating common symbols
Common symbol       size              file

xQueueRegistry      0x20              Free RTOS/queue.o
taskomar            0x2               main.o
timer1              0x2               main.o

Discarded input sections

 .data          0x00000000        0x0 C:/Program Files (x86)/Atmel/Studio/7.0/Packs/atmel/ATmega_DFP/1.7.374/gcc/dev/atmega32/avr5/crtatmega32.o
 .bss           0x00000000        0x0 C:/Program Files (x86)/Atmel/Studio/7.0/Packs/atmel/ATmega_DFP/1.7.374/gcc/dev/atmega32/avr5/crtatmega32.o
 .text          0x00000000        0x0 ATMEGA 32 Drivers/Gpio.o
 .data          0x00000000        0x0 ATMEGA 32 Drivers/Gpio.o
 .bss           0x00000000        0x0 ATMEGA 32 Drivers/Gpio.o
 .text.attachInterrupt
                0x00000000       0xc8 ATMEGA 32 Drivers/Gpio.o
 .text.noInterrupts
                0x00000000        0x4 ATMEGA 32 Drivers/Gpio.o
 .text.Interrupts
                0x00000000        0x4 ATMEGA 32 Drivers/Gpio.o
 .text          0x00000000        0x0 Free RTOS/croutine.o
 .data          0x00000000        0x0 Free RTOS/croutine.o
 .bss           0x00000000        0x0 Free RTOS/croutine.o
 .debug_info    0x00000000       0x64 Free RTOS/croutine.o
 .debug_abbrev  0x00000000       0x26 Free RTOS/croutine.o
 .debug_aranges
                0x00000000       0x18 Free RTOS/croutine.o
 .debug_line    0x00000000       0x1a Free RTOS/croutine.o
 .debug_str     0x00000000      0x17c Free RTOS/croutine.o
 .comment       0x00000000       0x31 Free RTOS/croutine.o
 .text          0x00000000        0x0 Free RTOS/event_groups.o
 .data          0x00000000        0x0 Free RTOS/event_groups.o
 .bss           0x00000000        0x0 Free RTOS/event_groups.o
 .text.prvTestWaitCondition
                0x00000000       0x26 Free RTOS/event_groups.o
 .text.xEventGroupCreate
                0x00000000       0x26 Free RTOS/event_groups.o
 .text.xEventGroupWaitBits
                0x00000000       0xe4 Free RTOS/event_groups.o
 .text.xEventGroupClearBits
                0x00000000       0x1e Free RTOS/event_groups.o
 .text.xEventGroupGetBitsFromISR
                0x00000000        0x8 Free RTOS/event_groups.o
 .text.xEventGroupSetBits
                0x00000000       0xc8 Free RTOS/event_groups.o
 .text.xEventGroupSync
                0x00000000       0xd6 Free RTOS/event_groups.o
 .text.vEventGroupDelete
                0x00000000       0x2e Free RTOS/event_groups.o
 .text.vEventGroupSetBitsCallback
                0x00000000        0x8 Free RTOS/event_groups.o
 .text.vEventGroupClearBitsCallback
                0x00000000        0x8 Free RTOS/event_groups.o
 .text.uxEventGroupGetNumber
                0x00000000        0xe Free RTOS/event_groups.o
 .text.vEventGroupSetNumber
                0x00000000        0x6 Free RTOS/event_groups.o
 .debug_info    0x00000000      0x97a Free RTOS/event_groups.o
 .debug_abbrev  0x00000000      0x1dc Free RTOS/event_groups.o
 .debug_loc     0x00000000      0xbeb Free RTOS/event_groups.o
 .debug_aranges
                0x00000000       0x78 Free RTOS/event_groups.o
 .debug_ranges  0x00000000       0x80 Free RTOS/event_groups.o
 .debug_line    0x00000000      0x444 Free RTOS/event_groups.o
 .debug_str     0x00000000      0x5d6 Free RTOS/event_groups.o
 .comment       0x00000000       0x31 Free RTOS/event_groups.o
 .debug_frame   0x00000000      0x17c Free RTOS/event_groups.o
 .text          0x00000000        0x0 Free RTOS/heap_2.o
 .data          0x00000000        0x0 Free RTOS/heap_2.o
 .bss           0x00000000        0x0 Free RTOS/heap_2.o
 .text.xPortGetFreeHeapSize
                0x00000000        0xa Free RTOS/heap_2.o
 .text.vPortInitialiseBlocks
                0x00000000        0x2 Free RTOS/heap_2.o
 .text          0x00000000        0x0 Free RTOS/list.o
 .data          0x00000000        0x0 Free RTOS/list.o
 .bss           0x00000000        0x0 Free RTOS/list.o
 .text.vListInsertEnd
                0x00000000       0x42 Free RTOS/list.o
 .text          0x00000000        0x0 Free RTOS/port.o
 .data          0x00000000        0x0 Free RTOS/port.o
 .bss           0x00000000        0x0 Free RTOS/port.o
 .text.vPortEndScheduler
                0x00000000        0x2 Free RTOS/port.o
 .text          0x00000000        0x0 Free RTOS/queue.o
 .data          0x00000000        0x0 Free RTOS/queue.o
 .bss           0x00000000        0x0 Free RTOS/queue.o
 .text.prvGetDisinheritPriorityAfterTimeout
                0x00000000       0x20 Free RTOS/queue.o
 .text.xQueueGenericCreateStatic
                0x00000000       0x50 Free RTOS/queue.o
 .text.prvInitialiseMutex
                0x00000000       0x20 Free RTOS/queue.o
 .text.xQueueCreateMutex
                0x00000000       0x1c Free RTOS/queue.o
 .text.xQueueCreateMutexStatic
                0x00000000       0x26 Free RTOS/queue.o
 .text.xQueueGiveFromISR
                0x00000000       0x52 Free RTOS/queue.o
 .text.xQueueSemaphoreTake
                0x00000000      0x162 Free RTOS/queue.o
 .text.xQueuePeek
                0x00000000      0x122 Free RTOS/queue.o
 .text.xQueueReceiveFromISR
                0x00000000       0x6e Free RTOS/queue.o
 .text.xQueuePeekFromISR
                0x00000000       0x2e Free RTOS/queue.o
 .text.uxQueueMessagesWaiting
                0x00000000       0x10 Free RTOS/queue.o
 .text.uxQueueSpacesAvailable
                0x00000000       0x16 Free RTOS/queue.o
 .text.uxQueueMessagesWaitingFromISR
                0x00000000        0x6 Free RTOS/queue.o
 .text.uxQueueGetQueueNumber
                0x00000000        0x6 Free RTOS/queue.o
 .text.vQueueSetQueueNumber
                0x00000000        0x6 Free RTOS/queue.o
 .text.ucQueueGetQueueType
                0x00000000        0x6 Free RTOS/queue.o
 .text.xQueueIsQueueEmptyFromISR
                0x00000000       0x10 Free RTOS/queue.o
 .text.xQueueIsQueueFullFromISR
                0x00000000       0x12 Free RTOS/queue.o
 .text.pcQueueGetName
                0x00000000       0x42 Free RTOS/queue.o
 .text.vQueueUnregisterQueue
                0x00000000       0x42 Free RTOS/queue.o
 .text.vQueueDelete
                0x00000000       0x1c Free RTOS/queue.o
 .text          0x00000000        0x0 Free RTOS/stream_buffer.o
 .data          0x00000000        0x0 Free RTOS/stream_buffer.o
 .bss           0x00000000        0x0 Free RTOS/stream_buffer.o
 .text.prvBytesInBuffer
                0x00000000       0x26 Free RTOS/stream_buffer.o
 .text.prvInitialiseNewStreamBuffer
                0x00000000       0x20 Free RTOS/stream_buffer.o
 .text.prvWriteBytesToBuffer
                0x00000000       0x88 Free RTOS/stream_buffer.o
 .text.prvWriteMessageToBuffer
                0x00000000       0x90 Free RTOS/stream_buffer.o
 .text.prvReadBytesFromBuffer
                0x00000000       0x88 Free RTOS/stream_buffer.o
 .text.prvReadMessageFromBuffer
                0x00000000       0x90 Free RTOS/stream_buffer.o
 .text.xStreamBufferGenericCreate
                0x00000000       0x68 Free RTOS/stream_buffer.o
 .text.vStreamBufferDelete
                0x00000000       0x1a Free RTOS/stream_buffer.o
 .text.xStreamBufferReset
                0x00000000       0x52 Free RTOS/stream_buffer.o
 .text.xStreamBufferSetTriggerLevel
                0x00000000       0x22 Free RTOS/stream_buffer.o
 .text.xStreamBufferSpacesAvailable
                0x00000000       0x34 Free RTOS/stream_buffer.o
 .text.xStreamBufferBytesAvailable
                0x00000000        0x6 Free RTOS/stream_buffer.o
 .text.xStreamBufferSend
                0x00000000      0x174 Free RTOS/stream_buffer.o
 .text.xStreamBufferSendFromISR
                0x00000000       0x8e Free RTOS/stream_buffer.o
 .text.xStreamBufferReceive
                0x00000000      0x102 Free RTOS/stream_buffer.o
 .text.xStreamBufferNextMessageLengthBytes
                0x00000000       0x54 Free RTOS/stream_buffer.o
 .text.xStreamBufferReceiveFromISR
                0x00000000       0x8a Free RTOS/stream_buffer.o
 .text.xStreamBufferIsEmpty
                0x00000000       0x18 Free RTOS/stream_buffer.o
 .text.xStreamBufferIsFull
                0x00000000       0x2c Free RTOS/stream_buffer.o
 .text.xStreamBufferSendCompletedFromISR
                0x00000000       0x4c Free RTOS/stream_buffer.o
 .text.xStreamBufferReceiveCompletedFromISR
                0x00000000       0x4c Free RTOS/stream_buffer.o
 .text.uxStreamBufferGetStreamBufferNumber
                0x00000000        0x6 Free RTOS/stream_buffer.o
 .text.vStreamBufferSetStreamBufferNumber
                0x00000000        0x6 Free RTOS/stream_buffer.o
 .text.ucStreamBufferGetStreamBufferType
                0x00000000        0x8 Free RTOS/stream_buffer.o
 .debug_info    0x00000000     0x1373 Free RTOS/stream_buffer.o
 .debug_abbrev  0x00000000      0x22a Free RTOS/stream_buffer.o
 .debug_loc     0x00000000     0x1c29 Free RTOS/stream_buffer.o
 .debug_aranges
                0x00000000       0xd8 Free RTOS/stream_buffer.o
 .debug_ranges  0x00000000       0xc8 Free RTOS/stream_buffer.o
 .debug_line    0x00000000      0x7c8 Free RTOS/stream_buffer.o
 .debug_str     0x00000000      0x82f Free RTOS/stream_buffer.o
 .comment       0x00000000       0x31 Free RTOS/stream_buffer.o
 .debug_frame   0x00000000      0x424 Free RTOS/stream_buffer.o
 .text          0x00000000        0x0 Free RTOS/tasks.o
 .data          0x00000000        0x0 Free RTOS/tasks.o
 .bss           0x00000000        0x0 Free RTOS/tasks.o
 .text.prvTaskIsTaskSuspended
                0x00000000       0x2e Free RTOS/tasks.o
 .text.prvTaskCheckFreeStackSpace
                0x00000000       0x1a Free RTOS/tasks.o
 .text.vTaskDelete
                0x00000000       0xb0 Free RTOS/tasks.o
 .text.eTaskGetState
                0x00000000       0x98 Free RTOS/tasks.o
 .text.uxTaskPriorityGet
                0x00000000       0x1e Free RTOS/tasks.o
 .text.uxTaskPriorityGetFromISR
                0x00000000       0x14 Free RTOS/tasks.o
 .text.vTaskPrioritySet
                0x00000000      0x13e Free RTOS/tasks.o
 .text.vTaskResume
                0x00000000       0xcc Free RTOS/tasks.o
 .text.xTaskResumeFromISR
                0x00000000       0xda Free RTOS/tasks.o
 .text.vTaskEndScheduler
                0x00000000        0xc Free RTOS/tasks.o
 .text.xTaskGetTickCountFromISR
                0x00000000        0xa Free RTOS/tasks.o
 .text.uxTaskGetNumberOfTasks
                0x00000000        0x6 Free RTOS/tasks.o
 .text.pcTaskGetName
                0x00000000       0x10 Free RTOS/tasks.o
 .text.xTaskDelayUntil
                0x00000000       0x84 Free RTOS/tasks.o
 .text.vTaskDelay
                0x00000000       0x2c Free RTOS/tasks.o
 .text.xTaskCatchUpTicks
                0x00000000       0x28 Free RTOS/tasks.o
 .text.vTaskSuspend
                0x00000000       0xc2 Free RTOS/tasks.o
 .text.vTaskPlaceOnUnorderedEventList
                0x00000000       0x8c Free RTOS/tasks.o
 .text.vTaskRemoveFromUnorderedEventList
                0x00000000      0x14c Free RTOS/tasks.o
 .text.vTaskSetTimeOutState
                0x00000000       0x20 Free RTOS/tasks.o
 .text.uxTaskGetTaskNumber
                0x00000000        0xe Free RTOS/tasks.o
 .text.vTaskSetTaskNumber
                0x00000000        0xa Free RTOS/tasks.o
 .text.vTaskGetInfo
                0x00000000       0xa6 Free RTOS/tasks.o
 .text.prvListTasksWithinSingleList
                0x00000000       0xb4 Free RTOS/tasks.o
 .text.uxTaskGetSystemState
                0x00000000       0xe8 Free RTOS/tasks.o
 .text.xTaskGetCurrentTaskHandle
                0x00000000        0xa Free RTOS/tasks.o
 .text.xTaskPriorityInherit
                0x00000000      0x128 Free RTOS/tasks.o
 .text.vTaskPriorityDisinheritAfterTimeout
                0x00000000       0xe6 Free RTOS/tasks.o
 .text.uxTaskResetEventItemValue
                0x00000000       0x2e Free RTOS/tasks.o
 .text.pvTaskIncrementMutexHeldCount
                0x00000000       0x24 Free RTOS/tasks.o
 .text.ulTaskGenericNotifyTake
                0x00000000      0x106 Free RTOS/tasks.o
 .text.xTaskGenericNotifyWait
                0x00000000      0x142 Free RTOS/tasks.o
 .text.xTaskGenericNotify
                0x00000000      0x20a Free RTOS/tasks.o
 .text.xTaskGenericNotifyFromISR
                0x00000000      0x260 Free RTOS/tasks.o
 .text.vTaskGenericNotifyGiveFromISR
                0x00000000      0x194 Free RTOS/tasks.o
 .text.xTaskGenericNotifyStateClear
                0x00000000       0x34 Free RTOS/tasks.o
 .text.ulTaskGenericNotifyValueClear
                0x00000000       0x6c Free RTOS/tasks.o
 .text          0x00000000        0x0 Free RTOS/timers.o
 .data          0x00000000        0x0 Free RTOS/timers.o
 .bss           0x00000000        0x0 Free RTOS/timers.o
 .text.xTimerGetTimerDaemonTaskHandle
                0x00000000        0xa Free RTOS/timers.o
 .text.xTimerGetPeriod
                0x00000000        0x8 Free RTOS/timers.o
 .text.vTimerSetReloadMode
                0x00000000       0x22 Free RTOS/timers.o
 .text.uxTimerGetReloadMode
                0x00000000       0x1a Free RTOS/timers.o
 .text.xTimerGetExpiryTime
                0x00000000        0x8 Free RTOS/timers.o
 .text.pcTimerGetName
                0x00000000        0x8 Free RTOS/timers.o
 .text.xTimerIsTimerActive
                0x00000000       0x1a Free RTOS/timers.o
 .text.pvTimerGetTimerID
                0x00000000       0x12 Free RTOS/timers.o
 .text.vTimerSetTimerID
                0x00000000       0x12 Free RTOS/timers.o
 .text.uxTimerGetTimerNumber
                0x00000000        0x6 Free RTOS/timers.o
 .text.vTimerSetTimerNumber
                0x00000000        0x6 Free RTOS/timers.o
 .text          0x00000000        0x0 main.o
 .data          0x00000000        0x0 main.o
 .bss           0x00000000        0x0 main.o
 .text          0x00000000        0x0 c:/program files (x86)/atmel/studio/7.0/toolchain/avr8/avr8-gnu-toolchain/bin/../lib/gcc/avr/5.4.0/avr5\libgcc.a(_udivmodhi4.o)
 .data          0x00000000        0x0 c:/program files (x86)/atmel/studio/7.0/toolchain/avr8/avr8-gnu-toolchain/bin/../lib/gcc/avr/5.4.0/avr5\libgcc.a(_udivmodhi4.o)
 .bss           0x00000000        0x0 c:/program files (x86)/atmel/studio/7.0/toolchain/avr8/avr8-gnu-toolchain/bin/../lib/gcc/avr/5.4.0/avr5\libgcc.a(_udivmodhi4.o)
 .text.libgcc.mul
                0x00000000        0x0 c:/program files (x86)/atmel/studio/7.0/toolchain/avr8/avr8-gnu-toolchain/bin/../lib/gcc/avr/5.4.0/avr5\libgcc.a(_udivmodhi4.o)
 .text.libgcc   0x00000000        0x0 c:/program files (x86)/atmel/studio/7.0/toolchain/avr8/avr8-gnu-toolchain/bin/../lib/gcc/avr/5.4.0/avr5\libgcc.a(_udivmodhi4.o)
 .text.libgcc.prologue
                0x00000000        0x0 c:/program files (x86)/atmel/studio/7.0/toolchain/avr8/avr8-gnu-toolchain/bin/../lib/gcc/avr/5.4.0/avr5\libgcc.a(_udivmodhi4.o)
 .text.libgcc.builtins
                0x00000000        0x0 c:/program files (x86)/atmel/studio/7.0/toolchain/avr8/avr8-gnu-toolchain/bin/../lib/gcc/avr/5.4.0/avr5\libgcc.a(_udivmodhi4.o)
 .text.libgcc.fmul
                0x00000000        0x0 c:/program files (x86)/atmel/studio/7.0/toolchain/avr8/avr8-gnu-toolchain/bin/../lib/gcc/avr/5.4.0/avr5\libgcc.a(_udivmodhi4.o)
 .text.libgcc.fixed
                0x00000000        0x0 c:/program files (x86)/atmel/studio/7.0/toolchain/avr8/avr8-gnu-toolchain/bin/../lib/gcc/avr/5.4.0/avr5\libgcc.a(_udivmodhi4.o)
 .text          0x00000000        0x0 c:/program files (x86)/atmel/studio/7.0/toolchain/avr8/avr8-gnu-toolchain/bin/../lib/gcc/avr/5.4.0/avr5\libgcc.a(_exit.o)
 .data          0x00000000        0x0 c:/program files (x86)/atmel/studio/7.0/toolchain/avr8/avr8-gnu-toolchain/bin/../lib/gcc/avr/5.4.0/avr5\libgcc.a(_exit.o)
 .bss           0x00000000        0x0 c:/program files (x86)/atmel/studio/7.0/toolchain/avr8/avr8-gnu-toolchain/bin/../lib/gcc/avr/5.4.0/avr5\libgcc.a(_exit.o)
 .text.libgcc.mul
                0x00000000        0x0 c:/program files (x86)/atmel/studio/7.0/toolchain/avr8/avr8-gnu-toolchain/bin/../lib/gcc/avr/5.4.0/avr5\libgcc.a(_exit.o)
 .text.libgcc.div
                0x00000000        0x0 c:/program files (x86)/atmel/studio/7.0/toolchain/avr8/avr8-gnu-toolchain/bin/../lib/gcc/avr/5.4.0/avr5\libgcc.a(_exit.o)
 .text.libgcc   0x00000000        0x0 c:/program files (x86)/atmel/studio/7.0/toolchain/avr8/avr8-gnu-toolchain/bin/../lib/gcc/avr/5.4.0/avr5\libgcc.a(_exit.o)
 .text.libgcc.prologue
                0x00000000        0x0 c:/program files (x86)/atmel/studio/7.0/toolchain/avr8/avr8-gnu-toolchain/bin/../lib/gcc/avr/5.4.0/avr5\libgcc.a(_exit.o)
 .text.libgcc.builtins
                0x00000000        0x0 c:/program files (x86)/atmel/studio/7.0/toolchain/avr8/avr8-gnu-toolchain/bin/../lib/gcc/avr/5.4.0/avr5\libgcc.a(_exit.o)
 .text.libgcc.fmul
                0x00000000        0x0 c:/program files (x86)/atmel/studio/7.0/toolchain/avr8/avr8-gnu-toolchain/bin/../lib/gcc/avr/5.4.0/avr5\libgcc.a(_exit.o)
 .text.libgcc.fixed
                0x00000000        0x0 c:/program files (x86)/atmel/studio/7.0/toolchain/avr8/avr8-gnu-toolchain/bin/../lib/gcc/avr/5.4.0/avr5\libgcc.a(_exit.o)
 .text          0x00000000        0x0 c:/program files (x86)/atmel/studio/7.0/toolchain/avr8/avr8-gnu-toolchain/bin/../lib/gcc/avr/5.4.0/avr5\libgcc.a(_tablejump2.o)
 .data          0x00000000        0x0 c:/program files (x86)/atmel/studio/7.0/toolchain/avr8/avr8-gnu-toolchain/bin/../lib/gcc/avr/5.4.0/avr5\libgcc.a(_tablejump2.o)
 .bss           0x00000000        0x0 c:/program files (x86)/atmel/studio/7.0/toolchain/avr8/avr8-gnu-toolchain/bin/../lib/gcc/avr/5.4.0/avr5\libgcc.a(_tablejump2.o)
 .text.libgcc.mul
                0x00000000        0x0 c:/program files (x86)/atmel/studio/7.0/toolchain/avr8/avr8-gnu-toolchain/bin/../lib/gcc/avr/5.4.0/avr5\libgcc.a(_tablejump2.o)
 .text.libgcc.div
                0x00000000        0x0 c:/program files (x86)/atmel/studio/7.0/toolchain/avr8/avr8-gnu-toolchain/bin/../lib/gcc/avr/5.4.0/avr5\libgcc.a(_tablejump2.o)
 .text.libgcc.prologue
                0x00000000        0x0 c:/program files (x86)/atmel/studio/7.0/toolchain/avr8/avr8-gnu-toolchain/bin/../lib/gcc/avr/5.4.0/avr5\libgcc.a(_tablejump2.o)
 .text.libgcc.builtins
                0x00000000        0x0 c:/program files (x86)/atmel/studio/7.0/toolchain/avr8/avr8-gnu-toolchain/bin/../lib/gcc/avr/5.4.0/avr5\libgcc.a(_tablejump2.o)
 .text.libgcc.fmul
                0x00000000        0x0 c:/program files (x86)/atmel/studio/7.0/toolchain/avr8/avr8-gnu-toolchain/bin/../lib/gcc/avr/5.4.0/avr5\libgcc.a(_tablejump2.o)
 .text.libgcc.fixed
                0x00000000        0x0 c:/program files (x86)/atmel/studio/7.0/toolchain/avr8/avr8-gnu-toolchain/bin/../lib/gcc/avr/5.4.0/avr5\libgcc.a(_tablejump2.o)
 .text          0x00000000        0x0 c:/program files (x86)/atmel/studio/7.0/toolchain/avr8/avr8-gnu-toolchain/bin/../lib/gcc/avr/5.4.0/avr5\libgcc.a(_copy_data.o)
 .data          0x00000000        0x0 c:/program files (x86)/atmel/studio/7.0/toolchain/avr8/avr8-gnu-toolchain/bin/../lib/gcc/avr/5.4.0/avr5\libgcc.a(_copy_data.o)
 .bss           0x00000000        0x0 c:/program files (x86)/atmel/studio/7.0/toolchain/avr8/avr8-gnu-toolchain/bin/../lib/gcc/avr/5.4.0/avr5\libgcc.a(_copy_data.o)
 .text.libgcc.mul
                0x00000000        0x0 c:/program files (x86)/atmel/studio/7.0/toolchain/avr8/avr8-gnu-toolchain/bin/../lib/gcc/avr/5.4.0/avr5\libgcc.a(_copy_data.o)
 .text.libgcc.div
                0x00000000        0x0 c:/program files (x86)/atmel/studio/7.0/toolchain/avr8/avr8-gnu-toolchain/bin/../lib/gcc/avr/5.4.0/avr5\libgcc.a(_copy_data.o)
 .text.libgcc   0x00000000        0x0 c:/program files (x86)/atmel/studio/7.0/toolchain/avr8/avr8-gnu-toolchain/bin/../lib/gcc/avr/5.4.0/avr5\libgcc.a(_copy_data.o)
 .text.libgcc.prologue
                0x00000000        0x0 c:/program files (x86)/atmel/studio/7.0/toolchain/avr8/avr8-gnu-toolchain/bin/../lib/gcc/avr/5.4.0/avr5\libgcc.a(_copy_data.o)
 .text.libgcc.builtins
                0x00000000        0x0 c:/program files (x86)/atmel/studio/7.0/toolchain/avr8/avr8-gnu-toolchain/bin/../lib/gcc/avr/5.4.0/avr5\libgcc.a(_copy_data.o)
 .text.libgcc.fmul
                0x00000000        0x0 c:/program files (x86)/atmel/studio/7.0/toolchain/avr8/avr8-gnu-toolchain/bin/../lib/gcc/avr/5.4.0/avr5\libgcc.a(_copy_data.o)
 .text.libgcc.fixed
                0x00000000        0x0 c:/program files (x86)/atmel/studio/7.0/toolchain/avr8/avr8-gnu-toolchain/bin/../lib/gcc/avr/5.4.0/avr5\libgcc.a(_copy_data.o)
 .text          0x00000000        0x0 c:/program files (x86)/atmel/studio/7.0/toolchain/avr8/avr8-gnu-toolchain/bin/../lib/gcc/avr/5.4.0/avr5\libgcc.a(_clear_bss.o)
 .data          0x00000000        0x0 c:/program files (x86)/atmel/studio/7.0/toolchain/avr8/avr8-gnu-toolchain/bin/../lib/gcc/avr/5.4.0/avr5\libgcc.a(_clear_bss.o)
 .bss           0x00000000        0x0 c:/program files (x86)/atmel/studio/7.0/toolchain/avr8/avr8-gnu-toolchain/bin/../lib/gcc/avr/5.4.0/avr5\libgcc.a(_clear_bss.o)
 .text.libgcc.mul
                0x00000000        0x0 c:/program files (x86)/atmel/studio/7.0/toolchain/avr8/avr8-gnu-toolchain/bin/../lib/gcc/avr/5.4.0/avr5\libgcc.a(_clear_bss.o)
 .text.libgcc.div
                0x00000000        0x0 c:/program files (x86)/atmel/studio/7.0/toolchain/avr8/avr8-gnu-toolchain/bin/../lib/gcc/avr/5.4.0/avr5\libgcc.a(_clear_bss.o)
 .text.libgcc   0x00000000        0x0 c:/program files (x86)/atmel/studio/7.0/toolchain/avr8/avr8-gnu-toolchain/bin/../lib/gcc/avr/5.4.0/avr5\libgcc.a(_clear_bss.o)
 .text.libgcc.prologue
                0x00000000        0x0 c:/program files (x86)/atmel/studio/7.0/toolchain/avr8/avr8-gnu-toolchain/bin/../lib/gcc/avr/5.4.0/avr5\libgcc.a(_clear_bss.o)
 .text.libgcc.builtins
                0x00000000        0x0 c:/program files (x86)/atmel/studio/7.0/toolchain/avr8/avr8-gnu-toolchain/bin/../lib/gcc/avr/5.4.0/avr5\libgcc.a(_clear_bss.o)
 .text.libgcc.fmul
                0x00000000        0x0 c:/program files (x86)/atmel/studio/7.0/toolchain/avr8/avr8-gnu-toolchain/bin/../lib/gcc/avr/5.4.0/avr5\libgcc.a(_clear_bss.o)
 .text.libgcc.fixed
                0x00000000        0x0 c:/program files (x86)/atmel/studio/7.0/toolchain/avr8/avr8-gnu-toolchain/bin/../lib/gcc/avr/5.4.0/avr5\libgcc.a(_clear_bss.o)
 .text          0x00000000        0x0 c:/program files (x86)/atmel/studio/7.0/toolchain/avr8/avr8-gnu-toolchain/bin/../lib/gcc/avr/5.4.0/avr5\libgcc.a(_udivdi3.o)
 .data          0x00000000        0x0 c:/program files (x86)/atmel/studio/7.0/toolchain/avr8/avr8-gnu-toolchain/bin/../lib/gcc/avr/5.4.0/avr5\libgcc.a(_udivdi3.o)
 .bss           0x00000000        0x0 c:/program files (x86)/atmel/studio/7.0/toolchain/avr8/avr8-gnu-toolchain/bin/../lib/gcc/avr/5.4.0/avr5\libgcc.a(_udivdi3.o)
 .text.libgcc.mul
                0x00000000        0x0 c:/program files (x86)/atmel/studio/7.0/toolchain/avr8/avr8-gnu-toolchain/bin/../lib/gcc/avr/5.4.0/avr5\libgcc.a(_udivdi3.o)
 .text.libgcc   0x00000000        0x0 c:/program files (x86)/atmel/studio/7.0/toolchain/avr8/avr8-gnu-toolchain/bin/../lib/gcc/avr/5.4.0/avr5\libgcc.a(_udivdi3.o)
 .text.libgcc.prologue
                0x00000000        0x0 c:/program files (x86)/atmel/studio/7.0/toolchain/avr8/avr8-gnu-toolchain/bin/../lib/gcc/avr/5.4.0/avr5\libgcc.a(_udivdi3.o)
 .text.libgcc.builtins
                0x00000000        0x0 c:/program files (x86)/atmel/studio/7.0/toolchain/avr8/avr8-gnu-toolchain/bin/../lib/gcc/avr/5.4.0/avr5\libgcc.a(_udivdi3.o)
 .text.libgcc.fmul
                0x00000000        0x0 c:/program files (x86)/atmel/studio/7.0/toolchain/avr8/avr8-gnu-toolchain/bin/../lib/gcc/avr/5.4.0/avr5\libgcc.a(_udivdi3.o)
 .text.libgcc.fixed
                0x00000000        0x0 c:/program files (x86)/atmel/studio/7.0/toolchain/avr8/avr8-gnu-toolchain/bin/../lib/gcc/avr/5.4.0/avr5\libgcc.a(_udivdi3.o)
 .text          0x00000000        0x0 c:/program files (x86)/atmel/studio/7.0/toolchain/avr8/avr8-gnu-toolchain/bin/../lib/gcc/avr/5.4.0/avr5\libgcc.a(_udivmod64.o)
 .data          0x00000000        0x0 c:/program files (x86)/atmel/studio/7.0/toolchain/avr8/avr8-gnu-toolchain/bin/../lib/gcc/avr/5.4.0/avr5\libgcc.a(_udivmod64.o)
 .bss           0x00000000        0x0 c:/program files (x86)/atmel/studio/7.0/toolchain/avr8/avr8-gnu-toolchain/bin/../lib/gcc/avr/5.4.0/avr5\libgcc.a(_udivmod64.o)
 .text.libgcc.mul
                0x00000000        0x0 c:/program files (x86)/atmel/studio/7.0/toolchain/avr8/avr8-gnu-toolchain/bin/../lib/gcc/avr/5.4.0/avr5\libgcc.a(_udivmod64.o)
 .text.libgcc   0x00000000        0x0 c:/program files (x86)/atmel/studio/7.0/toolchain/avr8/avr8-gnu-toolchain/bin/../lib/gcc/avr/5.4.0/avr5\libgcc.a(_udivmod64.o)
 .text.libgcc.prologue
                0x00000000        0x0 c:/program files (x86)/atmel/studio/7.0/toolchain/avr8/avr8-gnu-toolchain/bin/../lib/gcc/avr/5.4.0/avr5\libgcc.a(_udivmod64.o)
 .text.libgcc.builtins
                0x00000000        0x0 c:/program files (x86)/atmel/studio/7.0/toolchain/avr8/avr8-gnu-toolchain/bin/../lib/gcc/avr/5.4.0/avr5\libgcc.a(_udivmod64.o)
 .text.libgcc.fmul
                0x00000000        0x0 c:/program files (x86)/atmel/studio/7.0/toolchain/avr8/avr8-gnu-toolchain/bin/../lib/gcc/avr/5.4.0/avr5\libgcc.a(_udivmod64.o)
 .text.libgcc.fixed
                0x00000000        0x0 c:/program files (x86)/atmel/studio/7.0/toolchain/avr8/avr8-gnu-toolchain/bin/../lib/gcc/avr/5.4.0/avr5\libgcc.a(_udivmod64.o)
 .text          0x00000000        0x0 c:/program files (x86)/atmel/studio/7.0/toolchain/avr8/avr8-gnu-toolchain/bin/../lib/gcc/avr/5.4.0/avr5\libgcc.a(_ashldi3.o)
 .data          0x00000000        0x0 c:/program files (x86)/atmel/studio/7.0/toolchain/avr8/avr8-gnu-toolchain/bin/../lib/gcc/avr/5.4.0/avr5\libgcc.a(_ashldi3.o)
 .bss           0x00000000        0x0 c:/program files (x86)/atmel/studio/7.0/toolchain/avr8/avr8-gnu-toolchain/bin/../lib/gcc/avr/5.4.0/avr5\libgcc.a(_ashldi3.o)
 .text.libgcc.mul
                0x00000000        0x0 c:/program files (x86)/atmel/studio/7.0/toolchain/avr8/avr8-gnu-toolchain/bin/../lib/gcc/avr/5.4.0/avr5\libgcc.a(_ashldi3.o)
 .text.libgcc.div
                0x00000000        0x0 c:/program files (x86)/atmel/studio/7.0/toolchain/avr8/avr8-gnu-toolchain/bin/../lib/gcc/avr/5.4.0/avr5\libgcc.a(_ashldi3.o)
 .text.libgcc   0x00000000        0x0 c:/program files (x86)/atmel/studio/7.0/toolchain/avr8/avr8-gnu-toolchain/bin/../lib/gcc/avr/5.4.0/avr5\libgcc.a(_ashldi3.o)
 .text.libgcc.prologue
                0x00000000        0x0 c:/program files (x86)/atmel/studio/7.0/toolchain/avr8/avr8-gnu-toolchain/bin/../lib/gcc/avr/5.4.0/avr5\libgcc.a(_ashldi3.o)
 .text.libgcc.fmul
                0x00000000        0x0 c:/program files (x86)/atmel/studio/7.0/toolchain/avr8/avr8-gnu-toolchain/bin/../lib/gcc/avr/5.4.0/avr5\libgcc.a(_ashldi3.o)
 .text.libgcc.fixed
                0x00000000        0x0 c:/program files (x86)/atmel/studio/7.0/toolchain/avr8/avr8-gnu-toolchain/bin/../lib/gcc/avr/5.4.0/avr5\libgcc.a(_ashldi3.o)
 .text          0x00000000        0x0 c:/program files (x86)/atmel/studio/7.0/toolchain/avr8/avr8-gnu-toolchain/bin/../lib/gcc/avr/5.4.0/avr5\libgcc.a(_adddi3.o)
 .data          0x00000000        0x0 c:/program files (x86)/atmel/studio/7.0/toolchain/avr8/avr8-gnu-toolchain/bin/../lib/gcc/avr/5.4.0/avr5\libgcc.a(_adddi3.o)
 .bss           0x00000000        0x0 c:/program files (x86)/atmel/studio/7.0/toolchain/avr8/avr8-gnu-toolchain/bin/../lib/gcc/avr/5.4.0/avr5\libgcc.a(_adddi3.o)
 .text.libgcc.mul
                0x00000000        0x0 c:/program files (x86)/atmel/studio/7.0/toolchain/avr8/avr8-gnu-toolchain/bin/../lib/gcc/avr/5.4.0/avr5\libgcc.a(_adddi3.o)
 .text.libgcc.div
                0x00000000        0x0 c:/program files (x86)/atmel/studio/7.0/toolchain/avr8/avr8-gnu-toolchain/bin/../lib/gcc/avr/5.4.0/avr5\libgcc.a(_adddi3.o)
 .text.libgcc.prologue
                0x00000000        0x0 c:/program files (x86)/atmel/studio/7.0/toolchain/avr8/avr8-gnu-toolchain/bin/../lib/gcc/avr/5.4.0/avr5\libgcc.a(_adddi3.o)
 .text.libgcc.builtins
                0x00000000        0x0 c:/program files (x86)/atmel/studio/7.0/toolchain/avr8/avr8-gnu-toolchain/bin/../lib/gcc/avr/5.4.0/avr5\libgcc.a(_adddi3.o)
 .text.libgcc.fmul
                0x00000000        0x0 c:/program files (x86)/atmel/studio/7.0/toolchain/avr8/avr8-gnu-toolchain/bin/../lib/gcc/avr/5.4.0/avr5\libgcc.a(_adddi3.o)
 .text.libgcc.fixed
                0x00000000        0x0 c:/program files (x86)/atmel/studio/7.0/toolchain/avr8/avr8-gnu-toolchain/bin/../lib/gcc/avr/5.4.0/avr5\libgcc.a(_adddi3.o)
 .text          0x00000000        0x0 c:/program files (x86)/atmel/studio/7.0/toolchain/avr8/avr8-gnu-toolchain/bin/../lib/gcc/avr/5.4.0/avr5\libgcc.a(_subdi3.o)
 .data          0x00000000        0x0 c:/program files (x86)/atmel/studio/7.0/toolchain/avr8/avr8-gnu-toolchain/bin/../lib/gcc/avr/5.4.0/avr5\libgcc.a(_subdi3.o)
 .bss           0x00000000        0x0 c:/program files (x86)/atmel/studio/7.0/toolchain/avr8/avr8-gnu-toolchain/bin/../lib/gcc/avr/5.4.0/avr5\libgcc.a(_subdi3.o)
 .text.libgcc.mul
                0x00000000        0x0 c:/program files (x86)/atmel/studio/7.0/toolchain/avr8/avr8-gnu-toolchain/bin/../lib/gcc/avr/5.4.0/avr5\libgcc.a(_subdi3.o)
 .text.libgcc.div
                0x00000000        0x0 c:/program files (x86)/atmel/studio/7.0/toolchain/avr8/avr8-gnu-toolchain/bin/../lib/gcc/avr/5.4.0/avr5\libgcc.a(_subdi3.o)
 .text.libgcc.prologue
                0x00000000        0x0 c:/program files (x86)/atmel/studio/7.0/toolchain/avr8/avr8-gnu-toolchain/bin/../lib/gcc/avr/5.4.0/avr5\libgcc.a(_subdi3.o)
 .text.libgcc.builtins
                0x00000000        0x0 c:/program files (x86)/atmel/studio/7.0/toolchain/avr8/avr8-gnu-toolchain/bin/../lib/gcc/avr/5.4.0/avr5\libgcc.a(_subdi3.o)
 .text.libgcc.fmul
                0x00000000        0x0 c:/program files (x86)/atmel/studio/7.0/toolchain/avr8/avr8-gnu-toolchain/bin/../lib/gcc/avr/5.4.0/avr5\libgcc.a(_subdi3.o)
 .text.libgcc.fixed
                0x00000000        0x0 c:/program files (x86)/atmel/studio/7.0/toolchain/avr8/avr8-gnu-toolchain/bin/../lib/gcc/avr/5.4.0/avr5\libgcc.a(_subdi3.o)
 .text          0x00000000        0x0 c:/program files (x86)/atmel/studio/7.0/toolchain/avr8/avr8-gnu-toolchain/bin/../lib/gcc/avr/5.4.0/../../../../avr/lib/avr5\libc.a(memcpy.o)
 .data          0x00000000        0x0 c:/program files (x86)/atmel/studio/7.0/toolchain/avr8/avr8-gnu-toolchain/bin/../lib/gcc/avr/5.4.0/../../../../avr/lib/avr5\libc.a(memcpy.o)
 .bss           0x00000000        0x0 c:/program files (x86)/atmel/studio/7.0/toolchain/avr8/avr8-gnu-toolchain/bin/../lib/gcc/avr/5.4.0/../../../../avr/lib/avr5\libc.a(memcpy.o)
 .text          0x00000000        0x0 c:/program files (x86)/atmel/studio/7.0/toolchain/avr8/avr8-gnu-toolchain/bin/../lib/gcc/avr/5.4.0/../../../../avr/lib/avr5\libc.a(memset.o)
 .data          0x00000000        0x0 c:/program files (x86)/atmel/studio/7.0/toolchain/avr8/avr8-gnu-toolchain/bin/../lib/gcc/avr/5.4.0/../../../../avr/lib/avr5\libc.a(memset.o)
 .bss           0x00000000        0x0 c:/program files (x86)/atmel/studio/7.0/toolchain/avr8/avr8-gnu-toolchain/bin/../lib/gcc/avr/5.4.0/../../../../avr/lib/avr5\libc.a(memset.o)

Memory Configuration

Name             Origin             Length             Attributes
text             0x00000000         0x00008000         xr
data             0x00800060         0x00000800         rw !x
eeprom           0x00810000         0x00000400         rw !x
fuse             0x00820000         0x00000002         rw !x
lock             0x00830000         0x00000400         rw !x
signature        0x00840000         0x00000400         rw !x
user_signatures  0x00850000         0x00000400         rw !x
*default*        0x00000000         0xffffffff

Linker script and memory map

LOAD C:/Program Files (x86)/Atmel/Studio/7.0/Packs/atmel/ATmega_DFP/1.7.374/gcc/dev/atmega32/avr5/crtatmega32.o
LOAD ATMEGA 32 Drivers/Gpio.o
LOAD Free RTOS/croutine.o
LOAD Free RTOS/event_groups.o
LOAD Free RTOS/heap_2.o
LOAD Free RTOS/list.o
LOAD Free RTOS/port.o
LOAD Free RTOS/queue.o
LOAD Free RTOS/stream_buffer.o
LOAD Free RTOS/tasks.o
LOAD Free RTOS/timers.o
LOAD main.o
START GROUP
LOAD c:/program files (x86)/atmel/studio/7.0/toolchain/avr8/avr8-gnu-toolchain/bin/../lib/gcc/avr/5.4.0/../../../../avr/lib/avr5\libm.a
END GROUP
START GROUP
LOAD c:/program files (x86)/atmel/studio/7.0/toolchain/avr8/avr8-gnu-toolchain/bin/../lib/gcc/avr/5.4.0/avr5\libgcc.a
LOAD c:/program files (x86)/atmel/studio/7.0/toolchain/avr8/avr8-gnu-toolchain/bin/../lib/gcc/avr/5.4.0/../../../../avr/lib/avr5\libm.a
LOAD c:/program files (x86)/atmel/studio/7.0/toolchain/avr8/avr8-gnu-toolchain/bin/../lib/gcc/avr/5.4.0/../../../../avr/lib/avr5\libc.a
LOAD C:/Program Files (x86)/Atmel/Studio/7.0/Packs/atmel/ATmega_DFP/1.7.374/gcc/dev/atmega32/avr5\libatmega32.a
END GROUP
                0x00000000                __TEXT_REGION_ORIGIN__ = DEFINED (__TEXT_REGION_ORIGIN__)?__TEXT_REGION_ORIGIN__:0x0
                [0x00800060]                __DATA_REGION_ORIGIN__ = DEFINED (__DATA_REGION_ORIGIN__)?__DATA_REGION_ORIGIN__:0x800060
                [0x00008000]                __TEXT_REGION_LENGTH__ = DEFINED (__TEXT_REGION_LENGTH__)?__TEXT_REGION_LENGTH__:0x20000
                [0x00000800]                __DATA_REGION_LENGTH__ = DEFINED (__DATA_REGION_LENGTH__)?__DATA_REGION_LENGTH__:0xffa0
                [0x00000400]                __EEPROM_REGION_LENGTH__ = DEFINED (__EEPROM_REGION_LENGTH__)?__EEPROM_REGION_LENGTH__:0x10000
                [0x00000002]                __FUSE_REGION_LENGTH__ = DEFINED (__FUSE_REGION_LENGTH__)?__FUSE_REGION_LENGTH__:0x400
                0x00000400                __LOCK_REGION_LENGTH__ = DEFINED (__LOCK_REGION_LENGTH__)?__LOCK_REGION_LENGTH__:0x400
                0x00000400                __SIGNATURE_REGION_LENGTH__ = DEFINED (__SIGNATURE_REGION_LENGTH__)?__SIGNATURE_REGION_LENGTH__:0x400
                0x00000400                __USER_SIGNATURE_REGION_LENGTH__ = DEFINED (__USER_SIGNATURE_REGION_LENGTH__)?__USER_SIGNATURE_REGION_LENGTH__:0x400

.hash
 *(.hash)

.dynsym
 *(.dynsym)

.dynstr
 *(.dynstr)

.gnu.version
 *(.gnu.version)

.gnu.version_d
 *(.gnu.version_d)

.gnu.version_r
 *(.gnu.version_r)

.rel.init
 *(.rel.init)

.rela.init
 *(.rela.init)

.rel.text
 *(.rel.text)
 *(.rel.text.*)
 *(.rel.gnu.linkonce.t*)

.rela.text
 *(.rela.text)
 *(.rela.text.*)
 *(.rela.gnu.linkonce.t*)

.rel.fini
 *(.rel.fini)

.rela.fini
 *(.rela.fini)

.rel.rodata
 *(.rel.rodata)
 *(.rel.rodata.*)
 *(.rel.gnu.linkonce.r*)

.rela.rodata
 *(.rela.rodata)
 *(.rela.rodata.*)
 *(.rela.gnu.linkonce.r*)

.rel.data
 *(.rel.data)
 *(.rel.data.*)
 *(.rel.gnu.linkonce.d*)

.rela.data
 *(.rela.data)
 *(.rela.data.*)
 *(.rela.gnu.linkonce.d*)

.rel.ctors
 *(.rel.ctors)

.rela.ctors
 *(.rela.ctors)

.rel.dtors
 *(.rel.dtors)

.rela.dtors
 *(.rela.dtors)

.rel.got
 *(.rel.got)

.rela.got
 *(.rela.got)

.rel.bss
 *(.rel.bss)

.rela.bss
 *(.rela.bss)

.rel.plt
 *(.rel.plt)

.rela.plt
 *(.rela.plt)

.text           0x00000000     0x2ad4
 *(.vectors)
 .vectors       0x00000000       0x54 C:/Program Files (x86)/Atmel/Studio/7.0/Packs/atmel/ATmega_DFP/1.7.374/gcc/dev/atmega32/avr5/crtatmega32.o
                0x00000000                __vector_default
                0x00000000                __vectors
 *(.vectors)
 *(.progmem.gcc*)
 .progmem.gcc_sw_table.prvProcessReceivedCommands
                0x00000054       0x12 Free RTOS/timers.o
                0x00000066                . = ALIGN (0x2)
                0x00000066                __trampolines_start = .
 *(.trampolines)
 .trampolines   0x00000066        0x0 linker stubs
 *(.trampolines*)
                0x00000066                __trampolines_end = .
 *libprintf_flt.a:*(.progmem.data)
 *libc.a:*(.progmem.data)
 *(.progmem*)
                0x00000066                . = ALIGN (0x2)
 *(.jumptables)
 *(.jumptables*)
 *(.lowtext)
 *(.lowtext*)
                0x00000066                __ctors_start = .
 *(.ctors)
                0x00000066                __ctors_end = .
                0x00000066                __dtors_start = .
 *(.dtors)
                0x00000066                __dtors_end = .
 SORT(*)(.ctors)
 SORT(*)(.dtors)
 *(.init0)
 .init0         0x00000066        0x0 C:/Program Files (x86)/Atmel/Studio/7.0/Packs/atmel/ATmega_DFP/1.7.374/gcc/dev/atmega32/avr5/crtatmega32.o
                0x00000066                __init
 *(.init0)
 *(.init1)
 *(.init1)
 *(.init2)
 .init2         0x00000066        0xc C:/Program Files (x86)/Atmel/Studio/7.0/Packs/atmel/ATmega_DFP/1.7.374/gcc/dev/atmega32/avr5/crtatmega32.o
 *(.init2)
 *(.init3)
 *(.init3)
 *(.init4)
 .init4         0x00000072       0x16 c:/program files (x86)/atmel/studio/7.0/toolchain/avr8/avr8-gnu-toolchain/bin/../lib/gcc/avr/5.4.0/avr5\libgcc.a(_copy_data.o)
                0x00000072                __do_copy_data
 .init4         0x00000088       0x10 c:/program files (x86)/atmel/studio/7.0/toolchain/avr8/avr8-gnu-toolchain/bin/../lib/gcc/avr/5.4.0/avr5\libgcc.a(_clear_bss.o)
                0x00000088                __do_clear_bss
 *(.init4)
 *(.init5)
 *(.init5)
 *(.init6)
 *(.init6)
 *(.init7)
 *(.init7)
 *(.init8)
 *(.init8)
 *(.init9)
 .init9         0x00000098        0x8 C:/Program Files (x86)/Atmel/Studio/7.0/Packs/atmel/ATmega_DFP/1.7.374/gcc/dev/atmega32/avr5/crtatmega32.o
 *(.init9)
 *(.text)
 .text          0x000000a0        0x4 C:/Program Files (x86)/Atmel/Studio/7.0/Packs/atmel/ATmega_DFP/1.7.374/gcc/dev/atmega32/avr5/crtatmega32.o
                0x000000a0                __vector_12
                0x000000a0                __bad_interrupt
                0x000000a0                __vector_6
                0x000000a0                __vector_11
                0x000000a0                __vector_13
                0x000000a0                __vector_17
                0x000000a0                __vector_19
                0x000000a0                __vector_5
                0x000000a0                __vector_4
                0x000000a0                __vector_9
                0x000000a0                __vector_15
                0x000000a0                __vector_8
                0x000000a0                __vector_14
                0x000000a0                __vector_10
                0x000000a0                __vector_16
                0x000000a0                __vector_18
                0x000000a0                __vector_20
                0x000000a4                . = ALIGN (0x2)
 *(.text.*)
 .text.pinMode  0x000000a4      0x312 ATMEGA 32 Drivers/Gpio.o
                0x000000a4                pinMode
 .text.digitalWrite
                0x000003b6      0x254 ATMEGA 32 Drivers/Gpio.o
                0x000003b6                digitalWrite
 .text.digitalRead
                0x0000060a       0xe6 ATMEGA 32 Drivers/Gpio.o
                0x0000060a                digitalRead
 .text.__vector_1
                0x000006f0       0x4e ATMEGA 32 Drivers/Gpio.o
                0x000006f0                __vector_1
 .text.__vector_2
                0x0000073e       0x4e ATMEGA 32 Drivers/Gpio.o
                0x0000073e                __vector_2
 .text.__vector_3
                0x0000078c       0x4e ATMEGA 32 Drivers/Gpio.o
                0x0000078c                __vector_3
 .text.prvHeapInit
                0x000007da       0x36 Free RTOS/heap_2.o
 .text.pvPortMalloc
                0x00000810      0x12a Free RTOS/heap_2.o
                0x00000810                pvPortMalloc
 .text.vPortFree
                0x0000093a       0x66 Free RTOS/heap_2.o
                0x0000093a                vPortFree
 .text.vListInitialise
                0x000009a0       0x1c Free RTOS/list.o
                0x000009a0                vListInitialise
 .text.vListInitialiseItem
                0x000009bc        0x8 Free RTOS/list.o
                0x000009bc                vListInitialiseItem
 .text.vListInsert
                0x000009c4       0x62 Free RTOS/list.o
                0x000009c4                vListInsert
 .text.uxListRemove
                0x00000a26       0x4e Free RTOS/list.o
                0x00000a26                uxListRemove
 .text.prvSetupTimerInterrupt
                0x00000a74       0x12 Free RTOS/port.o
 .text.pxPortInitialiseStack
                0x00000a86       0xd8 Free RTOS/port.o
                0x00000a86                pxPortInitialiseStack
 .text.xPortStartScheduler
                0x00000b5e       0x5e Free RTOS/port.o
                0x00000b5e                xPortStartScheduler
 .text.vPortYield
                0x00000bbc       0xb2 Free RTOS/port.o
                0x00000bbc                vPortYield
 .text.vPortYieldFromTick
                0x00000c6e       0xb8 Free RTOS/port.o
                0x00000c6e                vPortYieldFromTick
 .text.__vector_7
                0x00000d26        0x6 Free RTOS/port.o
                0x00000d26                __vector_7
 .text.prvIsQueueEmpty
                0x00000d2c       0x1a Free RTOS/queue.o
 .text.prvIsQueueFull
                0x00000d46       0x1c Free RTOS/queue.o
 .text.prvCopyDataToQueue
                0x00000d62       0xbe Free RTOS/queue.o
 .text.prvCopyDataFromQueue
                0x00000e20       0x34 Free RTOS/queue.o
 .text.prvUnlockQueue
                0x00000e54       0x68 Free RTOS/queue.o
 .text.xQueueGenericReset
                0x00000ebc       0xc0 Free RTOS/queue.o
                0x00000ebc                xQueueGenericReset
 .text.prvInitialiseNewQueue
                0x00000f7c       0x36 Free RTOS/queue.o
 .text.xQueueGenericCreate
                0x00000fb2       0x86 Free RTOS/queue.o
                0x00000fb2                xQueueGenericCreate
 .text.xQueueGenericSend
                0x00001038      0x124 Free RTOS/queue.o
                0x00001038                xQueueGenericSend
 .text.xQueueGenericSendFromISR
                0x0000115c       0x78 Free RTOS/queue.o
                0x0000115c                xQueueGenericSendFromISR
 .text.xQueueReceive
                0x000011d4      0x11e Free RTOS/queue.o
                0x000011d4                xQueueReceive
 .text.vQueueAddToRegistry
                0x000012f2       0x74 Free RTOS/queue.o
                0x000012f2                vQueueAddToRegistry
 .text.vQueueWaitForMessageRestricted
                0x00001366       0x3a Free RTOS/queue.o
                0x00001366                vQueueWaitForMessageRestricted
 .text.prvResetNextTaskUnblockTime
                0x000013a0       0x38 Free RTOS/tasks.o
 .text.prvDeleteTCB
                0x000013d8       0x1a Free RTOS/tasks.o
 .text.prvInitialiseNewTask
                0x000013f2      0x120 Free RTOS/tasks.o
 .text.prvInitialiseTaskLists
                0x00001512       0x6e Free RTOS/tasks.o
 .text.prvAddNewTaskToReadyList
                0x00001580       0xfc Free RTOS/tasks.o
 .text.prvCheckTasksWaitingTermination
                0x0000167c       0x4c Free RTOS/tasks.o
 .text.prvIdleTask
                0x000016c8       0x12 Free RTOS/tasks.o
 .text.prvAddCurrentTaskToDelayedList
                0x000016da      0x102 Free RTOS/tasks.o
 .text.xTaskCreate
                0x000017dc       0xa8 Free RTOS/tasks.o
                0x000017dc                xTaskCreate
 .text.vTaskStartScheduler
                0x00001884       0x60 Free RTOS/tasks.o
                0x00001884                vTaskStartScheduler
 .text.vTaskSuspendAll
                0x000018e4        0xc Free RTOS/tasks.o
                0x000018e4                vTaskSuspendAll
 .text.xTaskGetTickCount
                0x000018f0       0x14 Free RTOS/tasks.o
                0x000018f0                xTaskGetTickCount
 .text.xTaskIncrementTick
                0x00001904      0x208 Free RTOS/tasks.o
                0x00001904                xTaskIncrementTick
 .text.xTaskResumeAll
                0x00001b0c      0x1aa Free RTOS/tasks.o
                0x00001b0c                xTaskResumeAll
 .text.vTaskSwitchContext
                0x00001cb6       0xa8 Free RTOS/tasks.o
                0x00001cb6                vTaskSwitchContext
 .text.vTaskPlaceOnEventList
                0x00001d5e       0x24 Free RTOS/tasks.o
                0x00001d5e                vTaskPlaceOnEventList
 .text.vTaskPlaceOnEventListRestricted
                0x00001d82       0x92 Free RTOS/tasks.o
                0x00001d82                vTaskPlaceOnEventListRestricted
 .text.xTaskRemoveFromEventList
                0x00001e14      0x17a Free RTOS/tasks.o
                0x00001e14                xTaskRemoveFromEventList
 .text.vTaskInternalSetTimeOutState
                0x00001f8e       0x16 Free RTOS/tasks.o
                0x00001f8e                vTaskInternalSetTimeOutState
 .text.xTaskCheckForTimeOut
                0x00001fa4       0x7e Free RTOS/tasks.o
                0x00001fa4                xTaskCheckForTimeOut
 .text.vTaskMissedYield
                0x00002022        0x8 Free RTOS/tasks.o
                0x00002022                vTaskMissedYield
 .text.xTaskGetSchedulerState
                0x0000202a       0x1c Free RTOS/tasks.o
                0x0000202a                xTaskGetSchedulerState
 .text.xTaskPriorityDisinherit
                0x00002046       0xc6 Free RTOS/tasks.o
                0x00002046                xTaskPriorityDisinherit
 .text.prvGetNextExpireTime
                0x0000210c       0x2a Free RTOS/timers.o
 .text.prvInsertTimerInActiveList
                0x00002136       0x5e Free RTOS/timers.o
 .text.prvReloadTimer
                0x00002194       0x48 Free RTOS/timers.o
 .text.prvProcessExpiredTimer
                0x000021dc       0x56 Free RTOS/timers.o
 .text.prvSwitchTimerLists
                0x00002232       0x3c Free RTOS/timers.o
 .text.prvSampleTimeNow
                0x0000226e       0x42 Free RTOS/timers.o
 .text.prvProcessTimerOrBlockTask
                0x000022b0       0x90 Free RTOS/timers.o
 .text.prvProcessReceivedCommands
                0x00002340      0x140 Free RTOS/timers.o
 .text.prvTimerTask
                0x00002480       0x1e Free RTOS/timers.o
 .text.prvCheckForValidListAndQueue
                0x0000249e       0x5e Free RTOS/timers.o
 .text.prvInitialiseNewTimer
                0x000024fc       0x66 Free RTOS/timers.o
 .text.xTimerCreateTimerTask
                0x00002562       0x44 Free RTOS/timers.o
                0x00002562                xTimerCreateTimerTask
 .text.xTimerCreate
                0x000025a6       0x5e Free RTOS/timers.o
                0x000025a6                xTimerCreate
 .text.xTimerGenericCommand
                0x00002604       0x90 Free RTOS/timers.o
                0x00002604                xTimerGenericCommand
 .text.led_toggle
                0x00002694       0x2a main.o
                0x00002694                led_toggle
 .text.read_button
                0x000026be      0x1fc main.o
                0x000026be                read_button
 .text.main     0x000028ba       0xae main.o
                0x000028ba                main
 .text.libgcc.div
                0x00002968       0x28 c:/program files (x86)/atmel/studio/7.0/toolchain/avr8/avr8-gnu-toolchain/bin/../lib/gcc/avr/5.4.0/avr5\libgcc.a(_udivmodhi4.o)
                0x00002968                __udivmodhi4
 .text.libgcc   0x00002990        0xc c:/program files (x86)/atmel/studio/7.0/toolchain/avr8/avr8-gnu-toolchain/bin/../lib/gcc/avr/5.4.0/avr5\libgcc.a(_tablejump2.o)
                0x00002990                __tablejump2__
 .text.libgcc.div
                0x0000299c       0x1c c:/program files (x86)/atmel/studio/7.0/toolchain/avr8/avr8-gnu-toolchain/bin/../lib/gcc/avr/5.4.0/avr5\libgcc.a(_udivdi3.o)
                0x0000299c                __umoddi3
                0x000029a0                __udivdi3
                0x000029a2                __udivdi3_umoddi3
 .text.libgcc.div
                0x000029b8       0xa2 c:/program files (x86)/atmel/studio/7.0/toolchain/avr8/avr8-gnu-toolchain/bin/../lib/gcc/avr/5.4.0/avr5\libgcc.a(_udivmod64.o)
                0x000029b8                __udivmod64
 .text.libgcc.builtins
                0x00002a5a       0x32 c:/program files (x86)/atmel/studio/7.0/toolchain/avr8/avr8-gnu-toolchain/bin/../lib/gcc/avr/5.4.0/avr5\libgcc.a(_ashldi3.o)
                0x00002a5a                __ashldi3
 .text.libgcc   0x00002a8c       0x12 c:/program files (x86)/atmel/studio/7.0/toolchain/avr8/avr8-gnu-toolchain/bin/../lib/gcc/avr/5.4.0/avr5\libgcc.a(_adddi3.o)
                0x00002a8c                __adddi3
 .text.libgcc   0x00002a9e       0x12 c:/program files (x86)/atmel/studio/7.0/toolchain/avr8/avr8-gnu-toolchain/bin/../lib/gcc/avr/5.4.0/avr5\libgcc.a(_subdi3.o)
                0x00002a9e                __subdi3
 .text.avr-libc
                0x00002ab0       0x12 c:/program files (x86)/atmel/studio/7.0/toolchain/avr8/avr8-gnu-toolchain/bin/../lib/gcc/avr/5.4.0/../../../../avr/lib/avr5\libc.a(memcpy.o)
                0x00002ab0                memcpy
 .text.avr-libc
                0x00002ac2        0xe c:/program files (x86)/atmel/studio/7.0/toolchain/avr8/avr8-gnu-toolchain/bin/../lib/gcc/avr/5.4.0/../../../../avr/lib/avr5\libc.a(memset.o)
                0x00002ac2                memset
                0x00002ad0                . = ALIGN (0x2)
 *(.fini9)
 .fini9         0x00002ad0        0x0 c:/program files (x86)/atmel/studio/7.0/toolchain/avr8/avr8-gnu-toolchain/bin/../lib/gcc/avr/5.4.0/avr5\libgcc.a(_exit.o)
                0x00002ad0                _exit
                0x00002ad0                exit
 *(.fini9)
 *(.fini8)
 *(.fini8)
 *(.fini7)
 *(.fini7)
 *(.fini6)
 *(.fini6)
 *(.fini5)
 *(.fini5)
 *(.fini4)
 *(.fini4)
 *(.fini3)
 *(.fini3)
 *(.fini2)
 *(.fini2)
 *(.fini1)
 *(.fini1)
 *(.fini0)
 .fini0         0x00002ad0        0x4 c:/program files (x86)/atmel/studio/7.0/toolchain/avr8/avr8-gnu-toolchain/bin/../lib/gcc/avr/5.4.0/avr5\libgcc.a(_exit.o)
 *(.fini0)
                0x00002ad4                _etext = .

.data           0x00800060       0x22 load address 0x00002ad4
                0x00800060                PROVIDE (__data_start, .)
 *(.data)
 *(.data*)
 .data.xFreeBytesRemaining
                0x00800060        0x2 Free RTOS/heap_2.o
 .data.uxTopUsedPriority
                0x00800062        0x1 Free RTOS/tasks.o
                0x00800062                uxTopUsedPriority
 .data.period   0x00800063        0x2 main.o
                0x00800063                period
 *(.gnu.linkonce.d*)
 *(.rodata)
 *(.rodata*)
 .rodata.str1.1
                0x00800065        0x5 Free RTOS/tasks.o
 .rodata.str1.1
                0x0080006a        0xd Free RTOS/timers.o
 .rodata.str1.1
                0x00800077        0xb main.o
 *(.gnu.linkonce.r*)
                0x00800082                . = ALIGN (0x2)
                0x00800082                _edata = .
                0x00800082                PROVIDE (__data_end, .)

.bss            0x00800082      0x3e1
                0x00800082                PROVIDE (__bss_start, .)
 *(.bss)
 *(.bss*)
 .bss.ISR2      0x00800082        0x2 ATMEGA 32 Drivers/Gpio.o
                0x00800082                ISR2
 .bss.ISR1      0x00800084        0x2 ATMEGA 32 Drivers/Gpio.o
                0x00800084                ISR1
 .bss.ISR0      0x00800086        0x2 ATMEGA 32 Drivers/Gpio.o
                0x00800086                ISR0
 .bss.xHeapHasBeenInitialised.2121
                0x00800088        0x1 Free RTOS/heap_2.o
 .bss.xEnd      0x00800089        0x4 Free RTOS/heap_2.o
 .bss.xStart    0x0080008d        0x4 Free RTOS/heap_2.o
 .bss.ucHeap    0x00800091      0x320 Free RTOS/heap_2.o
 .bss.uxSchedulerSuspended
                0x008003b1        0x1 Free RTOS/tasks.o
 .bss.xIdleTaskHandle
                0x008003b2        0x2 Free RTOS/tasks.o
 .bss.xNextTaskUnblockTime
                0x008003b4        0x2 Free RTOS/tasks.o
 .bss.uxTaskNumber
                0x008003b6        0x1 Free RTOS/tasks.o
 .bss.xNumOfOverflows
                0x008003b7        0x1 Free RTOS/tasks.o
 .bss.xYieldPending
                0x008003b8        0x1 Free RTOS/tasks.o
 .bss.xPendedTicks
                0x008003b9        0x2 Free RTOS/tasks.o
 .bss.xSchedulerRunning
                0x008003bb        0x1 Free RTOS/tasks.o
 .bss.uxTopReadyPriority
                0x008003bc        0x1 Free RTOS/tasks.o
 .bss.xTickCount
                0x008003bd        0x2 Free RTOS/tasks.o
 .bss.uxCurrentNumberOfTasks
                0x008003bf        0x1 Free RTOS/tasks.o
 .bss.xSuspendedTaskList
                0x008003c0        0x9 Free RTOS/tasks.o
 .bss.uxDeletedTasksWaitingCleanUp
                0x008003c9        0x1 Free RTOS/tasks.o
 .bss.xTasksWaitingTermination
                0x008003ca        0x9 Free RTOS/tasks.o
 .bss.xPendingReadyList
                0x008003d3        0x9 Free RTOS/tasks.o
 .bss.pxOverflowDelayedTaskList
                0x008003dc        0x2 Free RTOS/tasks.o
 .bss.pxDelayedTaskList
                0x008003de        0x2 Free RTOS/tasks.o
 .bss.xDelayedTaskList2
                0x008003e0        0x9 Free RTOS/tasks.o
 .bss.xDelayedTaskList1
                0x008003e9        0x9 Free RTOS/tasks.o
 .bss.pxReadyTasksLists
                0x008003f2       0x2d Free RTOS/tasks.o
 .bss.pxCurrentTCB
                0x0080041f        0x2 Free RTOS/tasks.o
                0x0080041f                pxCurrentTCB
 .bss.xLastTime.2434
                0x00800421        0x2 Free RTOS/timers.o
 .bss.xTimerTaskHandle
                0x00800423        0x2 Free RTOS/timers.o
 .bss.xTimerQueue
                0x00800425        0x2 Free RTOS/timers.o
 .bss.pxOverflowTimerList
                0x00800427        0x2 Free RTOS/timers.o
 .bss.pxCurrentTimerList
                0x00800429        0x2 Free RTOS/timers.o
 .bss.xActiveTimerList2
                0x0080042b        0x9 Free RTOS/timers.o
 .bss.xActiveTimerList1
                0x00800434        0x9 Free RTOS/timers.o
 .bss.flag1     0x0080043d        0x1 main.o
                0x0080043d                flag1
 .bss.flag      0x0080043e        0x1 main.o
                0x0080043e                flag
 *(COMMON)
 COMMON         0x0080043f       0x20 Free RTOS/queue.o
                0x0080043f                xQueueRegistry
 COMMON         0x0080045f        0x4 main.o
                0x0080045f                taskomar
                0x00800461                timer1
                0x00800463                PROVIDE (__bss_end, .)
                0x00002ad4                __data_load_start = LOADADDR (.data)
                0x00002af6                __data_load_end = (__data_load_start + SIZEOF (.data))

.noinit         0x00800463        0x0
                [!provide]                PROVIDE (__noinit_start, .)
 *(.noinit*)
                [!provide]                PROVIDE (__noinit_end, .)
                0x00800463                _end = .
                [!provide]                PROVIDE (__heap_start, .)

.eeprom         0x00810000        0x0
 *(.eeprom*)
                0x00810000                __eeprom_end = .

.fuse
 *(.fuse)
 *(.lfuse)
 *(.hfuse)
 *(.efuse)

.lock
 *(.lock*)

.signature
 *(.signature*)

.user_signatures
 *(.user_signatures*)

.stab
 *(.stab)

.stabstr
 *(.stabstr)

.stab.excl
 *(.stab.excl)

.stab.exclstr
 *(.stab.exclstr)

.stab.index
 *(.stab.index)

.stab.indexstr
 *(.stab.indexstr)

.comment        0x00000000       0x30
 *(.comment)
 .comment       0x00000000       0x30 ATMEGA 32 Drivers/Gpio.o
                                 0x31 (size before relaxing)
 .comment       0x00000030       0x31 Free RTOS/heap_2.o
 .comment       0x00000030       0x31 Free RTOS/list.o
 .comment       0x00000030       0x31 Free RTOS/port.o
 .comment       0x00000030       0x31 Free RTOS/queue.o
 .comment       0x00000030       0x31 Free RTOS/tasks.o
 .comment       0x00000030       0x31 Free RTOS/timers.o
 .comment       0x00000030       0x31 main.o

.note.gnu.avr.deviceinfo
                0x00000000       0x3c
 .note.gnu.avr.deviceinfo
                0x00000000       0x3c C:/Program Files (x86)/Atmel/Studio/7.0/Packs/atmel/ATmega_DFP/1.7.374/gcc/dev/atmega32/avr5/crtatmega32.o

.note.gnu.build-id
 *(.note.gnu.build-id)

.debug
 *(.debug)

.line
 *(.line)

.debug_srcinfo
 *(.debug_srcinfo)

.debug_sfnames
 *(.debug_sfnames)

.debug_aranges  0x00000000      0x560
 *(.debug_aranges)
 .debug_aranges
                0x00000000       0x60 ATMEGA 32 Drivers/Gpio.o
 .debug_aranges
                0x00000060       0x40 Free RTOS/heap_2.o
 .debug_aranges
                0x000000a0       0x40 Free RTOS/list.o
 .debug_aranges
                0x000000e0       0x50 Free RTOS/port.o
 .debug_aranges
                0x00000130      0x128 Free RTOS/queue.o
 .debug_aranges
                0x00000258      0x1f8 Free RTOS/tasks.o
 .debug_aranges
                0x00000450       0xe0 Free RTOS/timers.o
 .debug_aranges
                0x00000530       0x30 main.o

.debug_pubnames
 *(.debug_pubnames)

.debug_info     0x00000000     0x670c
 *(.debug_info .gnu.linkonce.wi.*)
 .debug_info    0x00000000      0x4e6 C:/Program Files (x86)/Atmel/Studio/7.0/Packs/atmel/ATmega_DFP/1.7.374/gcc/dev/atmega32/avr5/crtatmega32.o
 .debug_info    0x000004e6      0x209 ATMEGA 32 Drivers/Gpio.o
 .debug_info    0x000006ef      0x32a Free RTOS/heap_2.o
 .debug_info    0x00000a19      0x2d8 Free RTOS/list.o
 .debug_info    0x00000cf1      0x24e Free RTOS/port.o
 .debug_info    0x00000f3f     0x1bdf Free RTOS/queue.o
 .debug_info    0x00002b1e     0x2655 Free RTOS/tasks.o
 .debug_info    0x00005173     0x1091 Free RTOS/timers.o
 .debug_info    0x00006204      0x508 main.o

.debug_abbrev   0x00000000     0x1298
 *(.debug_abbrev)
 .debug_abbrev  0x00000000      0x4a3 C:/Program Files (x86)/Atmel/Studio/7.0/Packs/atmel/ATmega_DFP/1.7.374/gcc/dev/atmega32/avr5/crtatmega32.o
 .debug_abbrev  0x000004a3       0xde ATMEGA 32 Drivers/Gpio.o
 .debug_abbrev  0x00000581      0x191 Free RTOS/heap_2.o
 .debug_abbrev  0x00000712       0xff Free RTOS/list.o
 .debug_abbrev  0x00000811      0x143 Free RTOS/port.o
 .debug_abbrev  0x00000954      0x2d6 Free RTOS/queue.o
 .debug_abbrev  0x00000c2a      0x2c8 Free RTOS/tasks.o
 .debug_abbrev  0x00000ef2      0x27f Free RTOS/timers.o
 .debug_abbrev  0x00001171      0x127 main.o

.debug_line     0x00000000     0x3a1f
 *(.debug_line .debug_line.* .debug_line_end)
 .debug_line    0x00000000      0x116 C:/Program Files (x86)/Atmel/Studio/7.0/Packs/atmel/ATmega_DFP/1.7.374/gcc/dev/atmega32/avr5/crtatmega32.o
 .debug_line    0x00000116      0x3b5 ATMEGA 32 Drivers/Gpio.o
 .debug_line    0x000004cb      0x2cb Free RTOS/heap_2.o
 .debug_line    0x00000796      0x1d8 Free RTOS/list.o
 .debug_line    0x0000096e      0x2a5 Free RTOS/port.o
 .debug_line    0x00000c13      0xdad Free RTOS/queue.o
 .debug_line    0x000019c0     0x17fa Free RTOS/tasks.o
 .debug_line    0x000031ba      0x63c Free RTOS/timers.o
 .debug_line    0x000037f6      0x229 main.o

.debug_frame    0x00000000     0x123c
 *(.debug_frame)
 .debug_frame   0x00000000      0x17c ATMEGA 32 Drivers/Gpio.o
 .debug_frame   0x0000017c       0x98 Free RTOS/heap_2.o
 .debug_frame   0x00000214       0x88 Free RTOS/list.o
 .debug_frame   0x0000029c       0x84 Free RTOS/port.o
 .debug_frame   0x00000320      0x414 Free RTOS/queue.o
 .debug_frame   0x00000734      0x7a4 Free RTOS/tasks.o
 .debug_frame   0x00000ed8      0x30c Free RTOS/timers.o
 .debug_frame   0x000011e4       0x58 main.o

.debug_str      0x00000000     0x1faa
 *(.debug_str)
 .debug_str     0x00000000      0x196 C:/Program Files (x86)/Atmel/Studio/7.0/Packs/atmel/ATmega_DFP/1.7.374/gcc/dev/atmega32/avr5/crtatmega32.o
 .debug_str     0x00000196      0x1d0 ATMEGA 32 Drivers/Gpio.o
                                0x21c (size before relaxing)
 .debug_str     0x00000366      0x196 Free RTOS/heap_2.o
                                0x304 (size before relaxing)
 .debug_str     0x000004fc      0x127 Free RTOS/list.o
                                0x2bb (size before relaxing)
 .debug_str     0x00000623      0x120 Free RTOS/port.o
                                0x2b4 (size before relaxing)
 .debug_str     0x00000743      0x825 Free RTOS/queue.o
                                0xb0b (size before relaxing)
 .debug_str     0x00000f68      0xb8b Free RTOS/tasks.o
                               0x10ea (size before relaxing)
 .debug_str     0x00001af3      0x45e Free RTOS/timers.o
                                0x893 (size before relaxing)
 .debug_str     0x00001f51       0x59 main.o
                                0x298 (size before relaxing)

.debug_loc      0x00000000     0x6ef3
 *(.debug_loc)
 .debug_loc     0x00000000      0x78c ATMEGA 32 Drivers/Gpio.o
 .debug_loc     0x0000078c      0x2bb Free RTOS/heap_2.o
 .debug_loc     0x00000a47      0x145 Free RTOS/list.o
 .debug_loc     0x00000b8c      0x2a0 Free RTOS/port.o
 .debug_loc     0x00000e2c     0x2053 Free RTOS/queue.o
 .debug_loc     0x00002e7f     0x30d2 Free RTOS/tasks.o
 .debug_loc     0x00005f51      0xf33 Free RTOS/timers.o
 .debug_loc     0x00006e84       0x6f main.o

.debug_macinfo
 *(.debug_macinfo)

.debug_weaknames
 *(.debug_weaknames)

.debug_funcnames
 *(.debug_funcnames)

.debug_typenames
 *(.debug_typenames)

.debug_varnames
 *(.debug_varnames)

.debug_pubtypes
 *(.debug_pubtypes)

.debug_ranges   0x00000000      0x588
 *(.debug_ranges)
 .debug_ranges  0x00000000       0x50 ATMEGA 32 Drivers/Gpio.o
 .debug_ranges  0x00000050       0x30 Free RTOS/heap_2.o
 .debug_ranges  0x00000080       0x30 Free RTOS/list.o
 .debug_ranges  0x000000b0       0x40 Free RTOS/port.o
 .debug_ranges  0x000000f0      0x160 Free RTOS/queue.o
 .debug_ranges  0x00000250      0x248 Free RTOS/tasks.o
 .debug_ranges  0x00000498       0xd0 Free RTOS/timers.o
 .debug_ranges  0x00000568       0x20 main.o

.debug_macro
 *(.debug_macro)
OUTPUT(RTOS Timers.elf elf32-avr)
LOAD linker stubs
