Archive member included to satisfy reference by file (symbol)

c:/program files (x86)/atmel/studio/7.0/toolchain/avr8/avr8-gnu-toolchain/bin/../lib/gcc/avr/5.4.0/../../../../avr/lib/avr5\libm.a(addsf3.o)
                              ATMEGA 32 Drivers/Serial.o (__subsf3)
c:/program files (x86)/atmel/studio/7.0/toolchain/avr8/avr8-gnu-toolchain/bin/../lib/gcc/avr/5.4.0/../../../../avr/lib/avr5\libm.a(addsf3x.o)
                              c:/program files (x86)/atmel/studio/7.0/toolchain/avr8/avr8-gnu-toolchain/bin/../lib/gcc/avr/5.4.0/../../../../avr/lib/avr5\libm.a(addsf3.o) (__addsf3x)
c:/program files (x86)/atmel/studio/7.0/toolchain/avr8/avr8-gnu-toolchain/bin/../lib/gcc/avr/5.4.0/../../../../avr/lib/avr5\libm.a(fixsfsi.o)
                              ATMEGA 32 Drivers/Serial.o (__fixsfsi)
c:/program files (x86)/atmel/studio/7.0/toolchain/avr8/avr8-gnu-toolchain/bin/../lib/gcc/avr/5.4.0/../../../../avr/lib/avr5\libm.a(fixunssfsi.o)
                              c:/program files (x86)/atmel/studio/7.0/toolchain/avr8/avr8-gnu-toolchain/bin/../lib/gcc/avr/5.4.0/../../../../avr/lib/avr5\libm.a(fixsfsi.o) (__fixunssfsi)
c:/program files (x86)/atmel/studio/7.0/toolchain/avr8/avr8-gnu-toolchain/bin/../lib/gcc/avr/5.4.0/../../../../avr/lib/avr5\libm.a(floor.o)
                              ATMEGA 32 Drivers/Serial.o (floor)
c:/program files (x86)/atmel/studio/7.0/toolchain/avr8/avr8-gnu-toolchain/bin/../lib/gcc/avr/5.4.0/../../../../avr/lib/avr5\libm.a(fp_inf.o)
                              c:/program files (x86)/atmel/studio/7.0/toolchain/avr8/avr8-gnu-toolchain/bin/../lib/gcc/avr/5.4.0/../../../../avr/lib/avr5\libm.a(addsf3x.o) (__fp_inf)
c:/program files (x86)/atmel/studio/7.0/toolchain/avr8/avr8-gnu-toolchain/bin/../lib/gcc/avr/5.4.0/../../../../avr/lib/avr5\libm.a(fp_mintl.o)
                              c:/program files (x86)/atmel/studio/7.0/toolchain/avr8/avr8-gnu-toolchain/bin/../lib/gcc/avr/5.4.0/../../../../avr/lib/avr5\libm.a(floor.o) (__fp_mintl)
c:/program files (x86)/atmel/studio/7.0/toolchain/avr8/avr8-gnu-toolchain/bin/../lib/gcc/avr/5.4.0/../../../../avr/lib/avr5\libm.a(fp_mpack.o)
                              c:/program files (x86)/atmel/studio/7.0/toolchain/avr8/avr8-gnu-toolchain/bin/../lib/gcc/avr/5.4.0/../../../../avr/lib/avr5\libm.a(floor.o) (__fp_mpack)
c:/program files (x86)/atmel/studio/7.0/toolchain/avr8/avr8-gnu-toolchain/bin/../lib/gcc/avr/5.4.0/../../../../avr/lib/avr5\libm.a(fp_nan.o)
                              c:/program files (x86)/atmel/studio/7.0/toolchain/avr8/avr8-gnu-toolchain/bin/../lib/gcc/avr/5.4.0/../../../../avr/lib/avr5\libm.a(addsf3x.o) (__fp_nan)
c:/program files (x86)/atmel/studio/7.0/toolchain/avr8/avr8-gnu-toolchain/bin/../lib/gcc/avr/5.4.0/../../../../avr/lib/avr5\libm.a(fp_pscA.o)
                              c:/program files (x86)/atmel/studio/7.0/toolchain/avr8/avr8-gnu-toolchain/bin/../lib/gcc/avr/5.4.0/../../../../avr/lib/avr5\libm.a(addsf3x.o) (__fp_pscA)
c:/program files (x86)/atmel/studio/7.0/toolchain/avr8/avr8-gnu-toolchain/bin/../lib/gcc/avr/5.4.0/../../../../avr/lib/avr5\libm.a(fp_pscB.o)
                              c:/program files (x86)/atmel/studio/7.0/toolchain/avr8/avr8-gnu-toolchain/bin/../lib/gcc/avr/5.4.0/../../../../avr/lib/avr5\libm.a(addsf3x.o) (__fp_pscB)
c:/program files (x86)/atmel/studio/7.0/toolchain/avr8/avr8-gnu-toolchain/bin/../lib/gcc/avr/5.4.0/../../../../avr/lib/avr5\libm.a(fp_round.o)
                              c:/program files (x86)/atmel/studio/7.0/toolchain/avr8/avr8-gnu-toolchain/bin/../lib/gcc/avr/5.4.0/../../../../avr/lib/avr5\libm.a(addsf3.o) (__fp_round)
c:/program files (x86)/atmel/studio/7.0/toolchain/avr8/avr8-gnu-toolchain/bin/../lib/gcc/avr/5.4.0/../../../../avr/lib/avr5\libm.a(fp_split3.o)
                              c:/program files (x86)/atmel/studio/7.0/toolchain/avr8/avr8-gnu-toolchain/bin/../lib/gcc/avr/5.4.0/../../../../avr/lib/avr5\libm.a(addsf3x.o) (__fp_split3)
c:/program files (x86)/atmel/studio/7.0/toolchain/avr8/avr8-gnu-toolchain/bin/../lib/gcc/avr/5.4.0/../../../../avr/lib/avr5\libm.a(fp_trunc.o)
                              c:/program files (x86)/atmel/studio/7.0/toolchain/avr8/avr8-gnu-toolchain/bin/../lib/gcc/avr/5.4.0/../../../../avr/lib/avr5\libm.a(floor.o) (__fp_trunc)
c:/program files (x86)/atmel/studio/7.0/toolchain/avr8/avr8-gnu-toolchain/bin/../lib/gcc/avr/5.4.0/../../../../avr/lib/avr5\libm.a(fp_zero.o)
                              c:/program files (x86)/atmel/studio/7.0/toolchain/avr8/avr8-gnu-toolchain/bin/../lib/gcc/avr/5.4.0/../../../../avr/lib/avr5\libm.a(addsf3x.o) (__fp_zero)
c:/program files (x86)/atmel/studio/7.0/toolchain/avr8/avr8-gnu-toolchain/bin/../lib/gcc/avr/5.4.0/../../../../avr/lib/avr5\libm.a(mulsf3.o)
                              ATMEGA 32 Drivers/Serial.o (__mulsf3)
c:/program files (x86)/atmel/studio/7.0/toolchain/avr8/avr8-gnu-toolchain/bin/../lib/gcc/avr/5.4.0/../../../../avr/lib/avr5\libm.a(mulsf3x.o)
                              c:/program files (x86)/atmel/studio/7.0/toolchain/avr8/avr8-gnu-toolchain/bin/../lib/gcc/avr/5.4.0/../../../../avr/lib/avr5\libm.a(mulsf3.o) (__mulsf3x)
c:/program files (x86)/atmel/studio/7.0/toolchain/avr8/avr8-gnu-toolchain/bin/../lib/gcc/avr/5.4.0/avr5\libgcc.a(_udivmodhi4.o)
                              RTOS/queue.o (__udivmodhi4)
c:/program files (x86)/atmel/studio/7.0/toolchain/avr8/avr8-gnu-toolchain/bin/../lib/gcc/avr/5.4.0/avr5\libgcc.a(_udivmodsi4.o)
                              ATMEGA 32 Drivers/Serial.o (__udivmodsi4)
c:/program files (x86)/atmel/studio/7.0/toolchain/avr8/avr8-gnu-toolchain/bin/../lib/gcc/avr/5.4.0/avr5\libgcc.a(_exit.o)
                              C:/Program Files (x86)/Atmel/Studio/7.0/Packs/atmel/ATmega_DFP/1.7.374/gcc/dev/atmega32/avr5/crtatmega32.o (exit)
c:/program files (x86)/atmel/studio/7.0/toolchain/avr8/avr8-gnu-toolchain/bin/../lib/gcc/avr/5.4.0/avr5\libgcc.a(_copy_data.o)
                              ATMEGA 32 Drivers/Serial.o (__do_copy_data)
c:/program files (x86)/atmel/studio/7.0/toolchain/avr8/avr8-gnu-toolchain/bin/../lib/gcc/avr/5.4.0/avr5\libgcc.a(_clear_bss.o)
                              ATMEGA 32 Drivers/Gpio.o (__do_clear_bss)
c:/program files (x86)/atmel/studio/7.0/toolchain/avr8/avr8-gnu-toolchain/bin/../lib/gcc/avr/5.4.0/../../../../avr/lib/avr5\libc.a(memcpy.o)
                              RTOS/queue.o (memcpy)
c:/program files (x86)/atmel/studio/7.0/toolchain/avr8/avr8-gnu-toolchain/bin/../lib/gcc/avr/5.4.0/../../../../avr/lib/avr5\libc.a(memset.o)
                              RTOS/tasks.o (memset)
c:/program files (x86)/atmel/studio/7.0/toolchain/avr8/avr8-gnu-toolchain/bin/../lib/gcc/avr/5.4.0/../../../../avr/lib/avr5\libc.a(sprintf.o)
                              ATMEGA 32 Drivers/Serial.o (sprintf)
c:/program files (x86)/atmel/studio/7.0/toolchain/avr8/avr8-gnu-toolchain/bin/../lib/gcc/avr/5.4.0/../../../../avr/lib/avr5\libc.a(vfprintf_std.o)
                              c:/program files (x86)/atmel/studio/7.0/toolchain/avr8/avr8-gnu-toolchain/bin/../lib/gcc/avr/5.4.0/../../../../avr/lib/avr5\libc.a(sprintf.o) (vfprintf)
c:/program files (x86)/atmel/studio/7.0/toolchain/avr8/avr8-gnu-toolchain/bin/../lib/gcc/avr/5.4.0/../../../../avr/lib/avr5\libc.a(strnlen_P.o)
                              c:/program files (x86)/atmel/studio/7.0/toolchain/avr8/avr8-gnu-toolchain/bin/../lib/gcc/avr/5.4.0/../../../../avr/lib/avr5\libc.a(vfprintf_std.o) (strnlen_P)
c:/program files (x86)/atmel/studio/7.0/toolchain/avr8/avr8-gnu-toolchain/bin/../lib/gcc/avr/5.4.0/../../../../avr/lib/avr5\libc.a(strnlen.o)
                              c:/program files (x86)/atmel/studio/7.0/toolchain/avr8/avr8-gnu-toolchain/bin/../lib/gcc/avr/5.4.0/../../../../avr/lib/avr5\libc.a(vfprintf_std.o) (strnlen)
c:/program files (x86)/atmel/studio/7.0/toolchain/avr8/avr8-gnu-toolchain/bin/../lib/gcc/avr/5.4.0/../../../../avr/lib/avr5\libc.a(fputc.o)
                              c:/program files (x86)/atmel/studio/7.0/toolchain/avr8/avr8-gnu-toolchain/bin/../lib/gcc/avr/5.4.0/../../../../avr/lib/avr5\libc.a(vfprintf_std.o) (fputc)
c:/program files (x86)/atmel/studio/7.0/toolchain/avr8/avr8-gnu-toolchain/bin/../lib/gcc/avr/5.4.0/../../../../avr/lib/avr5\libc.a(ultoa_invert.o)
                              c:/program files (x86)/atmel/studio/7.0/toolchain/avr8/avr8-gnu-toolchain/bin/../lib/gcc/avr/5.4.0/../../../../avr/lib/avr5\libc.a(vfprintf_std.o) (__ultoa_invert)
c:/program files (x86)/atmel/studio/7.0/toolchain/avr8/avr8-gnu-toolchain/bin/../lib/gcc/avr/5.4.0/avr5\libgcc.a(_prologue.o)
                              c:/program files (x86)/atmel/studio/7.0/toolchain/avr8/avr8-gnu-toolchain/bin/../lib/gcc/avr/5.4.0/../../../../avr/lib/avr5\libc.a(sprintf.o) (__prologue_saves__)
c:/program files (x86)/atmel/studio/7.0/toolchain/avr8/avr8-gnu-toolchain/bin/../lib/gcc/avr/5.4.0/avr5\libgcc.a(_epilogue.o)
                              c:/program files (x86)/atmel/studio/7.0/toolchain/avr8/avr8-gnu-toolchain/bin/../lib/gcc/avr/5.4.0/../../../../avr/lib/avr5\libc.a(sprintf.o) (__epilogue_restores__)

Allocating common symbols
Common symbol       size              file

baud                0x2               ATMEGA 32 Drivers/Serial.o
xQueueRegistry      0x20              RTOS/queue.o

Discarded input sections

 .data          0x00000000        0x0 C:/Program Files (x86)/Atmel/Studio/7.0/Packs/atmel/ATmega_DFP/1.7.374/gcc/dev/atmega32/avr5/crtatmega32.o
 .bss           0x00000000        0x0 C:/Program Files (x86)/Atmel/Studio/7.0/Packs/atmel/ATmega_DFP/1.7.374/gcc/dev/atmega32/avr5/crtatmega32.o
 .text          0x00000000        0x0 ATMEGA 32 Drivers/Gpio.o
 .data          0x00000000        0x0 ATMEGA 32 Drivers/Gpio.o
 .bss           0x00000000        0x0 ATMEGA 32 Drivers/Gpio.o
 .text.attachInterrupt
                0x00000000       0xc8 ATMEGA 32 Drivers/Gpio.o
 .text.noInterrupts
                0x00000000        0x4 ATMEGA 32 Drivers/Gpio.o
 .text.Interrupts
                0x00000000        0x4 ATMEGA 32 Drivers/Gpio.o
 .text          0x00000000        0x0 ATMEGA 32 Drivers/Serial.o
 .data          0x00000000        0x0 ATMEGA 32 Drivers/Serial.o
 .bss           0x00000000        0x0 ATMEGA 32 Drivers/Serial.o
 .text.Set_U2X_transmission
                0x00000000       0xa8 ATMEGA 32 Drivers/Serial.o
 .rodata.str1.1
                0x00000000        0x9 ATMEGA 32 Drivers/Serial.o
 .text.Serial_print
                0x00000000      0x168 ATMEGA 32 Drivers/Serial.o
 .text.Serial_begin
                0x00000000       0xbe ATMEGA 32 Drivers/Serial.o
 .text.Serial_available
                0x00000000        0xa ATMEGA 32 Drivers/Serial.o
 .text.Add_ParityBit
                0x00000000       0x36 ATMEGA 32 Drivers/Serial.o
 .text.Serial_attachInterrupt
                0x00000000       0x2a ATMEGA 32 Drivers/Serial.o
 .text.Serial_flush
                0x00000000        0xe ATMEGA 32 Drivers/Serial.o
 .text.Serial_read
                0x00000000        0x4 ATMEGA 32 Drivers/Serial.o
 .text.Serial_readString
                0x00000000       0x48 ATMEGA 32 Drivers/Serial.o
 .text.Serial_readStringUntil
                0x00000000       0x40 ATMEGA 32 Drivers/Serial.o
 COMMON         0x00000000        0x2 ATMEGA 32 Drivers/Serial.o
 .text          0x00000000        0x0 main.o
 .data          0x00000000        0x0 main.o
 .bss           0x00000000        0x0 main.o
 .text          0x00000000        0x0 RTOS/croutine.o
 .data          0x00000000        0x0 RTOS/croutine.o
 .bss           0x00000000        0x0 RTOS/croutine.o
 .debug_info    0x00000000       0x64 RTOS/croutine.o
 .debug_abbrev  0x00000000       0x26 RTOS/croutine.o
 .debug_aranges
                0x00000000       0x18 RTOS/croutine.o
 .debug_line    0x00000000       0x1a RTOS/croutine.o
 .debug_str     0x00000000      0x17f RTOS/croutine.o
 .comment       0x00000000       0x31 RTOS/croutine.o
 .text          0x00000000        0x0 RTOS/event_groups.o
 .data          0x00000000        0x0 RTOS/event_groups.o
 .bss           0x00000000        0x0 RTOS/event_groups.o
 .text.prvTestWaitCondition
                0x00000000       0x26 RTOS/event_groups.o
 .text.xEventGroupCreate
                0x00000000       0x26 RTOS/event_groups.o
 .text.xEventGroupWaitBits
                0x00000000       0xe4 RTOS/event_groups.o
 .text.xEventGroupClearBits
                0x00000000       0x1e RTOS/event_groups.o
 .text.xEventGroupGetBitsFromISR
                0x00000000        0x8 RTOS/event_groups.o
 .text.xEventGroupSetBits
                0x00000000       0xc8 RTOS/event_groups.o
 .text.xEventGroupSync
                0x00000000       0xd6 RTOS/event_groups.o
 .text.vEventGroupDelete
                0x00000000       0x2e RTOS/event_groups.o
 .text.vEventGroupSetBitsCallback
                0x00000000        0x8 RTOS/event_groups.o
 .text.vEventGroupClearBitsCallback
                0x00000000        0x8 RTOS/event_groups.o
 .text.uxEventGroupGetNumber
                0x00000000        0xe RTOS/event_groups.o
 .text.vEventGroupSetNumber
                0x00000000        0x6 RTOS/event_groups.o
 .debug_info    0x00000000      0x97a RTOS/event_groups.o
 .debug_abbrev  0x00000000      0x1dc RTOS/event_groups.o
 .debug_loc     0x00000000      0xbeb RTOS/event_groups.o
 .debug_aranges
                0x00000000       0x78 RTOS/event_groups.o
 .debug_ranges  0x00000000       0x80 RTOS/event_groups.o
 .debug_line    0x00000000      0x43f RTOS/event_groups.o
 .debug_str     0x00000000      0x5d9 RTOS/event_groups.o
 .comment       0x00000000       0x31 RTOS/event_groups.o
 .debug_frame   0x00000000      0x17c RTOS/event_groups.o
 .text          0x00000000        0x0 RTOS/heap_2.o
 .data          0x00000000        0x0 RTOS/heap_2.o
 .bss           0x00000000        0x0 RTOS/heap_2.o
 .text.xPortGetFreeHeapSize
                0x00000000        0xa RTOS/heap_2.o
 .text.vPortInitialiseBlocks
                0x00000000        0x2 RTOS/heap_2.o
 .text          0x00000000        0x0 RTOS/list.o
 .data          0x00000000        0x0 RTOS/list.o
 .bss           0x00000000        0x0 RTOS/list.o
 .text.vListInsertEnd
                0x00000000       0x42 RTOS/list.o
 .text          0x00000000        0x0 RTOS/port.o
 .data          0x00000000        0x0 RTOS/port.o
 .bss           0x00000000        0x0 RTOS/port.o
 .text.vPortEndScheduler
                0x00000000        0x2 RTOS/port.o
 .text          0x00000000        0x0 RTOS/queue.o
 .data          0x00000000        0x0 RTOS/queue.o
 .bss           0x00000000        0x0 RTOS/queue.o
 .text.prvCopyDataFromQueue
                0x00000000       0x34 RTOS/queue.o
 .text.xQueueCreateCountingSemaphore
                0x00000000       0x2c RTOS/queue.o
 .text.prvInitialiseMutex
                0x00000000       0x20 RTOS/queue.o
 .text.xQueueCreateMutex
                0x00000000       0x1c RTOS/queue.o
 .text.xQueueGenericSendFromISR
                0x00000000       0x78 RTOS/queue.o
 .text.xQueueGiveFromISR
                0x00000000       0x52 RTOS/queue.o
 .text.xQueueReceive
                0x00000000      0x11e RTOS/queue.o
 .text.xQueuePeek
                0x00000000      0x122 RTOS/queue.o
 .text.xQueueReceiveFromISR
                0x00000000       0x6e RTOS/queue.o
 .text.xQueuePeekFromISR
                0x00000000       0x2e RTOS/queue.o
 .text.uxQueueMessagesWaiting
                0x00000000       0x10 RTOS/queue.o
 .text.uxQueueSpacesAvailable
                0x00000000       0x16 RTOS/queue.o
 .text.uxQueueMessagesWaitingFromISR
                0x00000000        0x6 RTOS/queue.o
 .text.uxQueueGetQueueNumber
                0x00000000        0x6 RTOS/queue.o
 .text.vQueueSetQueueNumber
                0x00000000        0x6 RTOS/queue.o
 .text.ucQueueGetQueueType
                0x00000000        0x6 RTOS/queue.o
 .text.xQueueIsQueueEmptyFromISR
                0x00000000       0x10 RTOS/queue.o
 .text.xQueueIsQueueFullFromISR
                0x00000000       0x12 RTOS/queue.o
 .text.vQueueAddToRegistry
                0x00000000       0x74 RTOS/queue.o
 .text.pcQueueGetName
                0x00000000       0x42 RTOS/queue.o
 .text.vQueueUnregisterQueue
                0x00000000       0x42 RTOS/queue.o
 .text.vQueueDelete
                0x00000000       0x16 RTOS/queue.o
 COMMON         0x00000000       0x20 RTOS/queue.o
 .text          0x00000000        0x0 RTOS/stream_buffer.o
 .data          0x00000000        0x0 RTOS/stream_buffer.o
 .bss           0x00000000        0x0 RTOS/stream_buffer.o
 .text.prvBytesInBuffer
                0x00000000       0x26 RTOS/stream_buffer.o
 .text.prvInitialiseNewStreamBuffer
                0x00000000       0x20 RTOS/stream_buffer.o
 .text.prvWriteBytesToBuffer
                0x00000000       0x88 RTOS/stream_buffer.o
 .text.prvWriteMessageToBuffer
                0x00000000       0x90 RTOS/stream_buffer.o
 .text.prvReadBytesFromBuffer
                0x00000000       0x88 RTOS/stream_buffer.o
 .text.prvReadMessageFromBuffer
                0x00000000       0x90 RTOS/stream_buffer.o
 .text.xStreamBufferGenericCreate
                0x00000000       0x68 RTOS/stream_buffer.o
 .text.vStreamBufferDelete
                0x00000000       0x1a RTOS/stream_buffer.o
 .text.xStreamBufferReset
                0x00000000       0x52 RTOS/stream_buffer.o
 .text.xStreamBufferSetTriggerLevel
                0x00000000       0x22 RTOS/stream_buffer.o
 .text.xStreamBufferSpacesAvailable
                0x00000000       0x34 RTOS/stream_buffer.o
 .text.xStreamBufferBytesAvailable
                0x00000000        0x6 RTOS/stream_buffer.o
 .text.xStreamBufferSend
                0x00000000      0x174 RTOS/stream_buffer.o
 .text.xStreamBufferSendFromISR
                0x00000000       0x8e RTOS/stream_buffer.o
 .text.xStreamBufferReceive
                0x00000000      0x102 RTOS/stream_buffer.o
 .text.xStreamBufferNextMessageLengthBytes
                0x00000000       0x54 RTOS/stream_buffer.o
 .text.xStreamBufferReceiveFromISR
                0x00000000       0x8a RTOS/stream_buffer.o
 .text.xStreamBufferIsEmpty
                0x00000000       0x18 RTOS/stream_buffer.o
 .text.xStreamBufferIsFull
                0x00000000       0x2c RTOS/stream_buffer.o
 .text.xStreamBufferSendCompletedFromISR
                0x00000000       0x4c RTOS/stream_buffer.o
 .text.xStreamBufferReceiveCompletedFromISR
                0x00000000       0x4c RTOS/stream_buffer.o
 .text.uxStreamBufferGetStreamBufferNumber
                0x00000000        0x6 RTOS/stream_buffer.o
 .text.vStreamBufferSetStreamBufferNumber
                0x00000000        0x6 RTOS/stream_buffer.o
 .text.ucStreamBufferGetStreamBufferType
                0x00000000        0x8 RTOS/stream_buffer.o
 .debug_info    0x00000000     0x1373 RTOS/stream_buffer.o
 .debug_abbrev  0x00000000      0x22a RTOS/stream_buffer.o
 .debug_loc     0x00000000     0x1c29 RTOS/stream_buffer.o
 .debug_aranges
                0x00000000       0xd8 RTOS/stream_buffer.o
 .debug_ranges  0x00000000       0xc8 RTOS/stream_buffer.o
 .debug_line    0x00000000      0x7c3 RTOS/stream_buffer.o
 .debug_str     0x00000000      0x832 RTOS/stream_buffer.o
 .comment       0x00000000       0x31 RTOS/stream_buffer.o
 .debug_frame   0x00000000      0x424 RTOS/stream_buffer.o
 .text          0x00000000        0x0 RTOS/tasks.o
 .data          0x00000000        0x0 RTOS/tasks.o
 .bss           0x00000000        0x0 RTOS/tasks.o
 .text.prvTaskIsTaskSuspended
                0x00000000       0x2e RTOS/tasks.o
 .text.prvTaskCheckFreeStackSpace
                0x00000000       0x1a RTOS/tasks.o
 .text.vTaskDelete
                0x00000000       0xb0 RTOS/tasks.o
 .text.eTaskGetState
                0x00000000       0x98 RTOS/tasks.o
 .text.uxTaskPriorityGet
                0x00000000       0x1e RTOS/tasks.o
 .text.uxTaskPriorityGetFromISR
                0x00000000       0x14 RTOS/tasks.o
 .text.vTaskPrioritySet
                0x00000000      0x13e RTOS/tasks.o
 .text.vTaskResume
                0x00000000       0xcc RTOS/tasks.o
 .text.xTaskResumeFromISR
                0x00000000       0xda RTOS/tasks.o
 .text.vTaskEndScheduler
                0x00000000        0xc RTOS/tasks.o
 .text.xTaskGetTickCount
                0x00000000       0x14 RTOS/tasks.o
 .text.xTaskGetTickCountFromISR
                0x00000000        0xa RTOS/tasks.o
 .text.uxTaskGetNumberOfTasks
                0x00000000        0x6 RTOS/tasks.o
 .text.pcTaskGetName
                0x00000000       0x10 RTOS/tasks.o
 .text.xTaskDelayUntil
                0x00000000       0x84 RTOS/tasks.o
 .text.vTaskDelay
                0x00000000       0x2c RTOS/tasks.o
 .text.xTaskCatchUpTicks
                0x00000000       0x28 RTOS/tasks.o
 .text.vTaskSuspend
                0x00000000       0xc2 RTOS/tasks.o
 .text.vTaskPlaceOnUnorderedEventList
                0x00000000       0x8c RTOS/tasks.o
 .text.vTaskRemoveFromUnorderedEventList
                0x00000000      0x14c RTOS/tasks.o
 .text.vTaskSetTimeOutState
                0x00000000       0x20 RTOS/tasks.o
 .text.uxTaskGetTaskNumber
                0x00000000        0xe RTOS/tasks.o
 .text.vTaskSetTaskNumber
                0x00000000        0xa RTOS/tasks.o
 .text.vTaskGetInfo
                0x00000000       0xa6 RTOS/tasks.o
 .text.prvListTasksWithinSingleList
                0x00000000       0xb4 RTOS/tasks.o
 .text.uxTaskGetSystemState
                0x00000000       0xe8 RTOS/tasks.o
 .text.xTaskGetCurrentTaskHandle
                0x00000000        0xa RTOS/tasks.o
 .text.uxTaskResetEventItemValue
                0x00000000       0x2e RTOS/tasks.o
 .text.ulTaskGenericNotifyTake
                0x00000000      0x106 RTOS/tasks.o
 .text.xTaskGenericNotifyWait
                0x00000000      0x142 RTOS/tasks.o
 .text.xTaskGenericNotify
                0x00000000      0x20a RTOS/tasks.o
 .text.xTaskGenericNotifyFromISR
                0x00000000      0x260 RTOS/tasks.o
 .text.vTaskGenericNotifyGiveFromISR
                0x00000000      0x194 RTOS/tasks.o
 .text.xTaskGenericNotifyStateClear
                0x00000000       0x34 RTOS/tasks.o
 .text.ulTaskGenericNotifyValueClear
                0x00000000       0x6c RTOS/tasks.o
 .text          0x00000000        0x0 RTOS/timers.o
 .data          0x00000000        0x0 RTOS/timers.o
 .bss           0x00000000        0x0 RTOS/timers.o
 .debug_info    0x00000000       0x64 RTOS/timers.o
 .debug_abbrev  0x00000000       0x26 RTOS/timers.o
 .debug_aranges
                0x00000000       0x18 RTOS/timers.o
 .debug_line    0x00000000       0x1a RTOS/timers.o
 .debug_str     0x00000000      0x17d RTOS/timers.o
 .comment       0x00000000       0x31 RTOS/timers.o
 .text          0x00000000        0x0 c:/program files (x86)/atmel/studio/7.0/toolchain/avr8/avr8-gnu-toolchain/bin/../lib/gcc/avr/5.4.0/../../../../avr/lib/avr5\libm.a(addsf3.o)
 .data          0x00000000        0x0 c:/program files (x86)/atmel/studio/7.0/toolchain/avr8/avr8-gnu-toolchain/bin/../lib/gcc/avr/5.4.0/../../../../avr/lib/avr5\libm.a(addsf3.o)
 .bss           0x00000000        0x0 c:/program files (x86)/atmel/studio/7.0/toolchain/avr8/avr8-gnu-toolchain/bin/../lib/gcc/avr/5.4.0/../../../../avr/lib/avr5\libm.a(addsf3.o)
 .text.avr-libc.fplib
                0x00000000        0xe c:/program files (x86)/atmel/studio/7.0/toolchain/avr8/avr8-gnu-toolchain/bin/../lib/gcc/avr/5.4.0/../../../../avr/lib/avr5\libm.a(addsf3.o)
 .text          0x00000000        0x0 c:/program files (x86)/atmel/studio/7.0/toolchain/avr8/avr8-gnu-toolchain/bin/../lib/gcc/avr/5.4.0/../../../../avr/lib/avr5\libm.a(addsf3x.o)
 .data          0x00000000        0x0 c:/program files (x86)/atmel/studio/7.0/toolchain/avr8/avr8-gnu-toolchain/bin/../lib/gcc/avr/5.4.0/../../../../avr/lib/avr5\libm.a(addsf3x.o)
 .bss           0x00000000        0x0 c:/program files (x86)/atmel/studio/7.0/toolchain/avr8/avr8-gnu-toolchain/bin/../lib/gcc/avr/5.4.0/../../../../avr/lib/avr5\libm.a(addsf3x.o)
 .text.avr-libc.fplib
                0x00000000       0xcc c:/program files (x86)/atmel/studio/7.0/toolchain/avr8/avr8-gnu-toolchain/bin/../lib/gcc/avr/5.4.0/../../../../avr/lib/avr5\libm.a(addsf3x.o)
 .text          0x00000000        0x0 c:/program files (x86)/atmel/studio/7.0/toolchain/avr8/avr8-gnu-toolchain/bin/../lib/gcc/avr/5.4.0/../../../../avr/lib/avr5\libm.a(fixsfsi.o)
 .data          0x00000000        0x0 c:/program files (x86)/atmel/studio/7.0/toolchain/avr8/avr8-gnu-toolchain/bin/../lib/gcc/avr/5.4.0/../../../../avr/lib/avr5\libm.a(fixsfsi.o)
 .bss           0x00000000        0x0 c:/program files (x86)/atmel/studio/7.0/toolchain/avr8/avr8-gnu-toolchain/bin/../lib/gcc/avr/5.4.0/../../../../avr/lib/avr5\libm.a(fixsfsi.o)
 .text.avr-libc.fplib
                0x00000000        0xe c:/program files (x86)/atmel/studio/7.0/toolchain/avr8/avr8-gnu-toolchain/bin/../lib/gcc/avr/5.4.0/../../../../avr/lib/avr5\libm.a(fixsfsi.o)
 .text          0x00000000        0x0 c:/program files (x86)/atmel/studio/7.0/toolchain/avr8/avr8-gnu-toolchain/bin/../lib/gcc/avr/5.4.0/../../../../avr/lib/avr5\libm.a(fixunssfsi.o)
 .data          0x00000000        0x0 c:/program files (x86)/atmel/studio/7.0/toolchain/avr8/avr8-gnu-toolchain/bin/../lib/gcc/avr/5.4.0/../../../../avr/lib/avr5\libm.a(fixunssfsi.o)
 .bss           0x00000000        0x0 c:/program files (x86)/atmel/studio/7.0/toolchain/avr8/avr8-gnu-toolchain/bin/../lib/gcc/avr/5.4.0/../../../../avr/lib/avr5\libm.a(fixunssfsi.o)
 .text.avr-libc.fplib
                0x00000000       0x5e c:/program files (x86)/atmel/studio/7.0/toolchain/avr8/avr8-gnu-toolchain/bin/../lib/gcc/avr/5.4.0/../../../../avr/lib/avr5\libm.a(fixunssfsi.o)
 .text          0x00000000        0x0 c:/program files (x86)/atmel/studio/7.0/toolchain/avr8/avr8-gnu-toolchain/bin/../lib/gcc/avr/5.4.0/../../../../avr/lib/avr5\libm.a(floor.o)
 .data          0x00000000        0x0 c:/program files (x86)/atmel/studio/7.0/toolchain/avr8/avr8-gnu-toolchain/bin/../lib/gcc/avr/5.4.0/../../../../avr/lib/avr5\libm.a(floor.o)
 .bss           0x00000000        0x0 c:/program files (x86)/atmel/studio/7.0/toolchain/avr8/avr8-gnu-toolchain/bin/../lib/gcc/avr/5.4.0/../../../../avr/lib/avr5\libm.a(floor.o)
 .text.avr-libc.fplib
                0x00000000       0x2e c:/program files (x86)/atmel/studio/7.0/toolchain/avr8/avr8-gnu-toolchain/bin/../lib/gcc/avr/5.4.0/../../../../avr/lib/avr5\libm.a(floor.o)
 .text          0x00000000        0x0 c:/program files (x86)/atmel/studio/7.0/toolchain/avr8/avr8-gnu-toolchain/bin/../lib/gcc/avr/5.4.0/../../../../avr/lib/avr5\libm.a(fp_inf.o)
 .data          0x00000000        0x0 c:/program files (x86)/atmel/studio/7.0/toolchain/avr8/avr8-gnu-toolchain/bin/../lib/gcc/avr/5.4.0/../../../../avr/lib/avr5\libm.a(fp_inf.o)
 .bss           0x00000000        0x0 c:/program files (x86)/atmel/studio/7.0/toolchain/avr8/avr8-gnu-toolchain/bin/../lib/gcc/avr/5.4.0/../../../../avr/lib/avr5\libm.a(fp_inf.o)
 .text.avr-libc.fplib
                0x00000000        0xc c:/program files (x86)/atmel/studio/7.0/toolchain/avr8/avr8-gnu-toolchain/bin/../lib/gcc/avr/5.4.0/../../../../avr/lib/avr5\libm.a(fp_inf.o)
 .text          0x00000000        0x0 c:/program files (x86)/atmel/studio/7.0/toolchain/avr8/avr8-gnu-toolchain/bin/../lib/gcc/avr/5.4.0/../../../../avr/lib/avr5\libm.a(fp_mintl.o)
 .data          0x00000000        0x0 c:/program files (x86)/atmel/studio/7.0/toolchain/avr8/avr8-gnu-toolchain/bin/../lib/gcc/avr/5.4.0/../../../../avr/lib/avr5\libm.a(fp_mintl.o)
 .bss           0x00000000        0x0 c:/program files (x86)/atmel/studio/7.0/toolchain/avr8/avr8-gnu-toolchain/bin/../lib/gcc/avr/5.4.0/../../../../avr/lib/avr5\libm.a(fp_mintl.o)
 .text.avr-libc.fplib
                0x00000000       0x36 c:/program files (x86)/atmel/studio/7.0/toolchain/avr8/avr8-gnu-toolchain/bin/../lib/gcc/avr/5.4.0/../../../../avr/lib/avr5\libm.a(fp_mintl.o)
 .text          0x00000000        0x0 c:/program files (x86)/atmel/studio/7.0/toolchain/avr8/avr8-gnu-toolchain/bin/../lib/gcc/avr/5.4.0/../../../../avr/lib/avr5\libm.a(fp_mpack.o)
 .data          0x00000000        0x0 c:/program files (x86)/atmel/studio/7.0/toolchain/avr8/avr8-gnu-toolchain/bin/../lib/gcc/avr/5.4.0/../../../../avr/lib/avr5\libm.a(fp_mpack.o)
 .bss           0x00000000        0x0 c:/program files (x86)/atmel/studio/7.0/toolchain/avr8/avr8-gnu-toolchain/bin/../lib/gcc/avr/5.4.0/../../../../avr/lib/avr5\libm.a(fp_mpack.o)
 .text.avr-libc.fplib
                0x00000000       0x1c c:/program files (x86)/atmel/studio/7.0/toolchain/avr8/avr8-gnu-toolchain/bin/../lib/gcc/avr/5.4.0/../../../../avr/lib/avr5\libm.a(fp_mpack.o)
 .text          0x00000000        0x0 c:/program files (x86)/atmel/studio/7.0/toolchain/avr8/avr8-gnu-toolchain/bin/../lib/gcc/avr/5.4.0/../../../../avr/lib/avr5\libm.a(fp_nan.o)
 .data          0x00000000        0x0 c:/program files (x86)/atmel/studio/7.0/toolchain/avr8/avr8-gnu-toolchain/bin/../lib/gcc/avr/5.4.0/../../../../avr/lib/avr5\libm.a(fp_nan.o)
 .bss           0x00000000        0x0 c:/program files (x86)/atmel/studio/7.0/toolchain/avr8/avr8-gnu-toolchain/bin/../lib/gcc/avr/5.4.0/../../../../avr/lib/avr5\libm.a(fp_nan.o)
 .text.avr-libc.fplib
                0x00000000        0x6 c:/program files (x86)/atmel/studio/7.0/toolchain/avr8/avr8-gnu-toolchain/bin/../lib/gcc/avr/5.4.0/../../../../avr/lib/avr5\libm.a(fp_nan.o)
 .text          0x00000000        0x0 c:/program files (x86)/atmel/studio/7.0/toolchain/avr8/avr8-gnu-toolchain/bin/../lib/gcc/avr/5.4.0/../../../../avr/lib/avr5\libm.a(fp_pscA.o)
 .data          0x00000000        0x0 c:/program files (x86)/atmel/studio/7.0/toolchain/avr8/avr8-gnu-toolchain/bin/../lib/gcc/avr/5.4.0/../../../../avr/lib/avr5\libm.a(fp_pscA.o)
 .bss           0x00000000        0x0 c:/program files (x86)/atmel/studio/7.0/toolchain/avr8/avr8-gnu-toolchain/bin/../lib/gcc/avr/5.4.0/../../../../avr/lib/avr5\libm.a(fp_pscA.o)
 .text.avr-libc.fplib
                0x00000000        0xe c:/program files (x86)/atmel/studio/7.0/toolchain/avr8/avr8-gnu-toolchain/bin/../lib/gcc/avr/5.4.0/../../../../avr/lib/avr5\libm.a(fp_pscA.o)
 .text          0x00000000        0x0 c:/program files (x86)/atmel/studio/7.0/toolchain/avr8/avr8-gnu-toolchain/bin/../lib/gcc/avr/5.4.0/../../../../avr/lib/avr5\libm.a(fp_pscB.o)
 .data          0x00000000        0x0 c:/program files (x86)/atmel/studio/7.0/toolchain/avr8/avr8-gnu-toolchain/bin/../lib/gcc/avr/5.4.0/../../../../avr/lib/avr5\libm.a(fp_pscB.o)
 .bss           0x00000000        0x0 c:/program files (x86)/atmel/studio/7.0/toolchain/avr8/avr8-gnu-toolchain/bin/../lib/gcc/avr/5.4.0/../../../../avr/lib/avr5\libm.a(fp_pscB.o)
 .text.avr-libc.fplib
                0x00000000        0xe c:/program files (x86)/atmel/studio/7.0/toolchain/avr8/avr8-gnu-toolchain/bin/../lib/gcc/avr/5.4.0/../../../../avr/lib/avr5\libm.a(fp_pscB.o)
 .text          0x00000000        0x0 c:/program files (x86)/atmel/studio/7.0/toolchain/avr8/avr8-gnu-toolchain/bin/../lib/gcc/avr/5.4.0/../../../../avr/lib/avr5\libm.a(fp_round.o)
 .data          0x00000000        0x0 c:/program files (x86)/atmel/studio/7.0/toolchain/avr8/avr8-gnu-toolchain/bin/../lib/gcc/avr/5.4.0/../../../../avr/lib/avr5\libm.a(fp_round.o)
 .bss           0x00000000        0x0 c:/program files (x86)/atmel/studio/7.0/toolchain/avr8/avr8-gnu-toolchain/bin/../lib/gcc/avr/5.4.0/../../../../avr/lib/avr5\libm.a(fp_round.o)
 .text.avr-libc.fplib
                0x00000000       0x22 c:/program files (x86)/atmel/studio/7.0/toolchain/avr8/avr8-gnu-toolchain/bin/../lib/gcc/avr/5.4.0/../../../../avr/lib/avr5\libm.a(fp_round.o)
 .text          0x00000000        0x0 c:/program files (x86)/atmel/studio/7.0/toolchain/avr8/avr8-gnu-toolchain/bin/../lib/gcc/avr/5.4.0/../../../../avr/lib/avr5\libm.a(fp_split3.o)
 .data          0x00000000        0x0 c:/program files (x86)/atmel/studio/7.0/toolchain/avr8/avr8-gnu-toolchain/bin/../lib/gcc/avr/5.4.0/../../../../avr/lib/avr5\libm.a(fp_split3.o)
 .bss           0x00000000        0x0 c:/program files (x86)/atmel/studio/7.0/toolchain/avr8/avr8-gnu-toolchain/bin/../lib/gcc/avr/5.4.0/../../../../avr/lib/avr5\libm.a(fp_split3.o)
 .text.avr-libc.fplib
                0x00000000       0x44 c:/program files (x86)/atmel/studio/7.0/toolchain/avr8/avr8-gnu-toolchain/bin/../lib/gcc/avr/5.4.0/../../../../avr/lib/avr5\libm.a(fp_split3.o)
 .text          0x00000000        0x0 c:/program files (x86)/atmel/studio/7.0/toolchain/avr8/avr8-gnu-toolchain/bin/../lib/gcc/avr/5.4.0/../../../../avr/lib/avr5\libm.a(fp_trunc.o)
 .data          0x00000000        0x0 c:/program files (x86)/atmel/studio/7.0/toolchain/avr8/avr8-gnu-toolchain/bin/../lib/gcc/avr/5.4.0/../../../../avr/lib/avr5\libm.a(fp_trunc.o)
 .bss           0x00000000        0x0 c:/program files (x86)/atmel/studio/7.0/toolchain/avr8/avr8-gnu-toolchain/bin/../lib/gcc/avr/5.4.0/../../../../avr/lib/avr5\libm.a(fp_trunc.o)
 .text.avr-libc.fplib
                0x00000000       0x30 c:/program files (x86)/atmel/studio/7.0/toolchain/avr8/avr8-gnu-toolchain/bin/../lib/gcc/avr/5.4.0/../../../../avr/lib/avr5\libm.a(fp_trunc.o)
 .text          0x00000000        0x0 c:/program files (x86)/atmel/studio/7.0/toolchain/avr8/avr8-gnu-toolchain/bin/../lib/gcc/avr/5.4.0/../../../../avr/lib/avr5\libm.a(fp_zero.o)
 .data          0x00000000        0x0 c:/program files (x86)/atmel/studio/7.0/toolchain/avr8/avr8-gnu-toolchain/bin/../lib/gcc/avr/5.4.0/../../../../avr/lib/avr5\libm.a(fp_zero.o)
 .bss           0x00000000        0x0 c:/program files (x86)/atmel/studio/7.0/toolchain/avr8/avr8-gnu-toolchain/bin/../lib/gcc/avr/5.4.0/../../../../avr/lib/avr5\libm.a(fp_zero.o)
 .text.avr-libc.fplib
                0x00000000        0xe c:/program files (x86)/atmel/studio/7.0/toolchain/avr8/avr8-gnu-toolchain/bin/../lib/gcc/avr/5.4.0/../../../../avr/lib/avr5\libm.a(fp_zero.o)
 .text          0x00000000        0x0 c:/program files (x86)/atmel/studio/7.0/toolchain/avr8/avr8-gnu-toolchain/bin/../lib/gcc/avr/5.4.0/../../../../avr/lib/avr5\libm.a(mulsf3.o)
 .data          0x00000000        0x0 c:/program files (x86)/atmel/studio/7.0/toolchain/avr8/avr8-gnu-toolchain/bin/../lib/gcc/avr/5.4.0/../../../../avr/lib/avr5\libm.a(mulsf3.o)
 .bss           0x00000000        0x0 c:/program files (x86)/atmel/studio/7.0/toolchain/avr8/avr8-gnu-toolchain/bin/../lib/gcc/avr/5.4.0/../../../../avr/lib/avr5\libm.a(mulsf3.o)
 .text.avr-libc.fplib
                0x00000000        0x8 c:/program files (x86)/atmel/studio/7.0/toolchain/avr8/avr8-gnu-toolchain/bin/../lib/gcc/avr/5.4.0/../../../../avr/lib/avr5\libm.a(mulsf3.o)
 .text          0x00000000        0x0 c:/program files (x86)/atmel/studio/7.0/toolchain/avr8/avr8-gnu-toolchain/bin/../lib/gcc/avr/5.4.0/../../../../avr/lib/avr5\libm.a(mulsf3x.o)
 .data          0x00000000        0x0 c:/program files (x86)/atmel/studio/7.0/toolchain/avr8/avr8-gnu-toolchain/bin/../lib/gcc/avr/5.4.0/../../../../avr/lib/avr5\libm.a(mulsf3x.o)
 .bss           0x00000000        0x0 c:/program files (x86)/atmel/studio/7.0/toolchain/avr8/avr8-gnu-toolchain/bin/../lib/gcc/avr/5.4.0/../../../../avr/lib/avr5\libm.a(mulsf3x.o)
 .text.avr-libc.fplib
                0x00000000       0xd2 c:/program files (x86)/atmel/studio/7.0/toolchain/avr8/avr8-gnu-toolchain/bin/../lib/gcc/avr/5.4.0/../../../../avr/lib/avr5\libm.a(mulsf3x.o)
 .text          0x00000000        0x0 c:/program files (x86)/atmel/studio/7.0/toolchain/avr8/avr8-gnu-toolchain/bin/../lib/gcc/avr/5.4.0/avr5\libgcc.a(_udivmodhi4.o)
 .data          0x00000000        0x0 c:/program files (x86)/atmel/studio/7.0/toolchain/avr8/avr8-gnu-toolchain/bin/../lib/gcc/avr/5.4.0/avr5\libgcc.a(_udivmodhi4.o)
 .bss           0x00000000        0x0 c:/program files (x86)/atmel/studio/7.0/toolchain/avr8/avr8-gnu-toolchain/bin/../lib/gcc/avr/5.4.0/avr5\libgcc.a(_udivmodhi4.o)
 .text.libgcc.mul
                0x00000000        0x0 c:/program files (x86)/atmel/studio/7.0/toolchain/avr8/avr8-gnu-toolchain/bin/../lib/gcc/avr/5.4.0/avr5\libgcc.a(_udivmodhi4.o)
 .text.libgcc   0x00000000        0x0 c:/program files (x86)/atmel/studio/7.0/toolchain/avr8/avr8-gnu-toolchain/bin/../lib/gcc/avr/5.4.0/avr5\libgcc.a(_udivmodhi4.o)
 .text.libgcc.prologue
                0x00000000        0x0 c:/program files (x86)/atmel/studio/7.0/toolchain/avr8/avr8-gnu-toolchain/bin/../lib/gcc/avr/5.4.0/avr5\libgcc.a(_udivmodhi4.o)
 .text.libgcc.builtins
                0x00000000        0x0 c:/program files (x86)/atmel/studio/7.0/toolchain/avr8/avr8-gnu-toolchain/bin/../lib/gcc/avr/5.4.0/avr5\libgcc.a(_udivmodhi4.o)
 .text.libgcc.fmul
                0x00000000        0x0 c:/program files (x86)/atmel/studio/7.0/toolchain/avr8/avr8-gnu-toolchain/bin/../lib/gcc/avr/5.4.0/avr5\libgcc.a(_udivmodhi4.o)
 .text.libgcc.fixed
                0x00000000        0x0 c:/program files (x86)/atmel/studio/7.0/toolchain/avr8/avr8-gnu-toolchain/bin/../lib/gcc/avr/5.4.0/avr5\libgcc.a(_udivmodhi4.o)
 .text          0x00000000        0x0 c:/program files (x86)/atmel/studio/7.0/toolchain/avr8/avr8-gnu-toolchain/bin/../lib/gcc/avr/5.4.0/avr5\libgcc.a(_udivmodsi4.o)
 .data          0x00000000        0x0 c:/program files (x86)/atmel/studio/7.0/toolchain/avr8/avr8-gnu-toolchain/bin/../lib/gcc/avr/5.4.0/avr5\libgcc.a(_udivmodsi4.o)
 .bss           0x00000000        0x0 c:/program files (x86)/atmel/studio/7.0/toolchain/avr8/avr8-gnu-toolchain/bin/../lib/gcc/avr/5.4.0/avr5\libgcc.a(_udivmodsi4.o)
 .text.libgcc.mul
                0x00000000        0x0 c:/program files (x86)/atmel/studio/7.0/toolchain/avr8/avr8-gnu-toolchain/bin/../lib/gcc/avr/5.4.0/avr5\libgcc.a(_udivmodsi4.o)
 .text.libgcc.div
                0x00000000       0x44 c:/program files (x86)/atmel/studio/7.0/toolchain/avr8/avr8-gnu-toolchain/bin/../lib/gcc/avr/5.4.0/avr5\libgcc.a(_udivmodsi4.o)
 .text.libgcc   0x00000000        0x0 c:/program files (x86)/atmel/studio/7.0/toolchain/avr8/avr8-gnu-toolchain/bin/../lib/gcc/avr/5.4.0/avr5\libgcc.a(_udivmodsi4.o)
 .text.libgcc.prologue
                0x00000000        0x0 c:/program files (x86)/atmel/studio/7.0/toolchain/avr8/avr8-gnu-toolchain/bin/../lib/gcc/avr/5.4.0/avr5\libgcc.a(_udivmodsi4.o)
 .text.libgcc.builtins
                0x00000000        0x0 c:/program files (x86)/atmel/studio/7.0/toolchain/avr8/avr8-gnu-toolchain/bin/../lib/gcc/avr/5.4.0/avr5\libgcc.a(_udivmodsi4.o)
 .text.libgcc.fmul
                0x00000000        0x0 c:/program files (x86)/atmel/studio/7.0/toolchain/avr8/avr8-gnu-toolchain/bin/../lib/gcc/avr/5.4.0/avr5\libgcc.a(_udivmodsi4.o)
 .text.libgcc.fixed
                0x00000000        0x0 c:/program files (x86)/atmel/studio/7.0/toolchain/avr8/avr8-gnu-toolchain/bin/../lib/gcc/avr/5.4.0/avr5\libgcc.a(_udivmodsi4.o)
 .text          0x00000000        0x0 c:/program files (x86)/atmel/studio/7.0/toolchain/avr8/avr8-gnu-toolchain/bin/../lib/gcc/avr/5.4.0/avr5\libgcc.a(_exit.o)
 .data          0x00000000        0x0 c:/program files (x86)/atmel/studio/7.0/toolchain/avr8/avr8-gnu-toolchain/bin/../lib/gcc/avr/5.4.0/avr5\libgcc.a(_exit.o)
 .bss           0x00000000        0x0 c:/program files (x86)/atmel/studio/7.0/toolchain/avr8/avr8-gnu-toolchain/bin/../lib/gcc/avr/5.4.0/avr5\libgcc.a(_exit.o)
 .text.libgcc.mul
                0x00000000        0x0 c:/program files (x86)/atmel/studio/7.0/toolchain/avr8/avr8-gnu-toolchain/bin/../lib/gcc/avr/5.4.0/avr5\libgcc.a(_exit.o)
 .text.libgcc.div
                0x00000000        0x0 c:/program files (x86)/atmel/studio/7.0/toolchain/avr8/avr8-gnu-toolchain/bin/../lib/gcc/avr/5.4.0/avr5\libgcc.a(_exit.o)
 .text.libgcc   0x00000000        0x0 c:/program files (x86)/atmel/studio/7.0/toolchain/avr8/avr8-gnu-toolchain/bin/../lib/gcc/avr/5.4.0/avr5\libgcc.a(_exit.o)
 .text.libgcc.prologue
                0x00000000        0x0 c:/program files (x86)/atmel/studio/7.0/toolchain/avr8/avr8-gnu-toolchain/bin/../lib/gcc/avr/5.4.0/avr5\libgcc.a(_exit.o)
 .text.libgcc.builtins
                0x00000000        0x0 c:/program files (x86)/atmel/studio/7.0/toolchain/avr8/avr8-gnu-toolchain/bin/../lib/gcc/avr/5.4.0/avr5\libgcc.a(_exit.o)
 .text.libgcc.fmul
                0x00000000        0x0 c:/program files (x86)/atmel/studio/7.0/toolchain/avr8/avr8-gnu-toolchain/bin/../lib/gcc/avr/5.4.0/avr5\libgcc.a(_exit.o)
 .text.libgcc.fixed
                0x00000000        0x0 c:/program files (x86)/atmel/studio/7.0/toolchain/avr8/avr8-gnu-toolchain/bin/../lib/gcc/avr/5.4.0/avr5\libgcc.a(_exit.o)
 .text          0x00000000        0x0 c:/program files (x86)/atmel/studio/7.0/toolchain/avr8/avr8-gnu-toolchain/bin/../lib/gcc/avr/5.4.0/avr5\libgcc.a(_copy_data.o)
 .data          0x00000000        0x0 c:/program files (x86)/atmel/studio/7.0/toolchain/avr8/avr8-gnu-toolchain/bin/../lib/gcc/avr/5.4.0/avr5\libgcc.a(_copy_data.o)
 .bss           0x00000000        0x0 c:/program files (x86)/atmel/studio/7.0/toolchain/avr8/avr8-gnu-toolchain/bin/../lib/gcc/avr/5.4.0/avr5\libgcc.a(_copy_data.o)
 .text.libgcc.mul
                0x00000000        0x0 c:/program files (x86)/atmel/studio/7.0/toolchain/avr8/avr8-gnu-toolchain/bin/../lib/gcc/avr/5.4.0/avr5\libgcc.a(_copy_data.o)
 .text.libgcc.div
                0x00000000        0x0 c:/program files (x86)/atmel/studio/7.0/toolchain/avr8/avr8-gnu-toolchain/bin/../lib/gcc/avr/5.4.0/avr5\libgcc.a(_copy_data.o)
 .text.libgcc   0x00000000        0x0 c:/program files (x86)/atmel/studio/7.0/toolchain/avr8/avr8-gnu-toolchain/bin/../lib/gcc/avr/5.4.0/avr5\libgcc.a(_copy_data.o)
 .text.libgcc.prologue
                0x00000000        0x0 c:/program files (x86)/atmel/studio/7.0/toolchain/avr8/avr8-gnu-toolchain/bin/../lib/gcc/avr/5.4.0/avr5\libgcc.a(_copy_data.o)
 .text.libgcc.builtins
                0x00000000        0x0 c:/program files (x86)/atmel/studio/7.0/toolchain/avr8/avr8-gnu-toolchain/bin/../lib/gcc/avr/5.4.0/avr5\libgcc.a(_copy_data.o)
 .text.libgcc.fmul
                0x00000000        0x0 c:/program files (x86)/atmel/studio/7.0/toolchain/avr8/avr8-gnu-toolchain/bin/../lib/gcc/avr/5.4.0/avr5\libgcc.a(_copy_data.o)
 .text.libgcc.fixed
                0x00000000        0x0 c:/program files (x86)/atmel/studio/7.0/toolchain/avr8/avr8-gnu-toolchain/bin/../lib/gcc/avr/5.4.0/avr5\libgcc.a(_copy_data.o)
 .text          0x00000000        0x0 c:/program files (x86)/atmel/studio/7.0/toolchain/avr8/avr8-gnu-toolchain/bin/../lib/gcc/avr/5.4.0/avr5\libgcc.a(_clear_bss.o)
 .data          0x00000000        0x0 c:/program files (x86)/atmel/studio/7.0/toolchain/avr8/avr8-gnu-toolchain/bin/../lib/gcc/avr/5.4.0/avr5\libgcc.a(_clear_bss.o)
 .bss           0x00000000        0x0 c:/program files (x86)/atmel/studio/7.0/toolchain/avr8/avr8-gnu-toolchain/bin/../lib/gcc/avr/5.4.0/avr5\libgcc.a(_clear_bss.o)
 .text.libgcc.mul
                0x00000000        0x0 c:/program files (x86)/atmel/studio/7.0/toolchain/avr8/avr8-gnu-toolchain/bin/../lib/gcc/avr/5.4.0/avr5\libgcc.a(_clear_bss.o)
 .text.libgcc.div
                0x00000000        0x0 c:/program files (x86)/atmel/studio/7.0/toolchain/avr8/avr8-gnu-toolchain/bin/../lib/gcc/avr/5.4.0/avr5\libgcc.a(_clear_bss.o)
 .text.libgcc   0x00000000        0x0 c:/program files (x86)/atmel/studio/7.0/toolchain/avr8/avr8-gnu-toolchain/bin/../lib/gcc/avr/5.4.0/avr5\libgcc.a(_clear_bss.o)
 .text.libgcc.prologue
                0x00000000        0x0 c:/program files (x86)/atmel/studio/7.0/toolchain/avr8/avr8-gnu-toolchain/bin/../lib/gcc/avr/5.4.0/avr5\libgcc.a(_clear_bss.o)
 .text.libgcc.builtins
                0x00000000        0x0 c:/program files (x86)/atmel/studio/7.0/toolchain/avr8/avr8-gnu-toolchain/bin/../lib/gcc/avr/5.4.0/avr5\libgcc.a(_clear_bss.o)
 .text.libgcc.fmul
                0x00000000        0x0 c:/program files (x86)/atmel/studio/7.0/toolchain/avr8/avr8-gnu-toolchain/bin/../lib/gcc/avr/5.4.0/avr5\libgcc.a(_clear_bss.o)
 .text.libgcc.fixed
                0x00000000        0x0 c:/program files (x86)/atmel/studio/7.0/toolchain/avr8/avr8-gnu-toolchain/bin/../lib/gcc/avr/5.4.0/avr5\libgcc.a(_clear_bss.o)
 .text          0x00000000        0x0 c:/program files (x86)/atmel/studio/7.0/toolchain/avr8/avr8-gnu-toolchain/bin/../lib/gcc/avr/5.4.0/../../../../avr/lib/avr5\libc.a(memcpy.o)
 .data          0x00000000        0x0 c:/program files (x86)/atmel/studio/7.0/toolchain/avr8/avr8-gnu-toolchain/bin/../lib/gcc/avr/5.4.0/../../../../avr/lib/avr5\libc.a(memcpy.o)
 .bss           0x00000000        0x0 c:/program files (x86)/atmel/studio/7.0/toolchain/avr8/avr8-gnu-toolchain/bin/../lib/gcc/avr/5.4.0/../../../../avr/lib/avr5\libc.a(memcpy.o)
 .text          0x00000000        0x0 c:/program files (x86)/atmel/studio/7.0/toolchain/avr8/avr8-gnu-toolchain/bin/../lib/gcc/avr/5.4.0/../../../../avr/lib/avr5\libc.a(memset.o)
 .data          0x00000000        0x0 c:/program files (x86)/atmel/studio/7.0/toolchain/avr8/avr8-gnu-toolchain/bin/../lib/gcc/avr/5.4.0/../../../../avr/lib/avr5\libc.a(memset.o)
 .bss           0x00000000        0x0 c:/program files (x86)/atmel/studio/7.0/toolchain/avr8/avr8-gnu-toolchain/bin/../lib/gcc/avr/5.4.0/../../../../avr/lib/avr5\libc.a(memset.o)
 .text          0x00000000        0x0 c:/program files (x86)/atmel/studio/7.0/toolchain/avr8/avr8-gnu-toolchain/bin/../lib/gcc/avr/5.4.0/../../../../avr/lib/avr5\libc.a(sprintf.o)
 .data          0x00000000        0x0 c:/program files (x86)/atmel/studio/7.0/toolchain/avr8/avr8-gnu-toolchain/bin/../lib/gcc/avr/5.4.0/../../../../avr/lib/avr5\libc.a(sprintf.o)
 .bss           0x00000000        0x0 c:/program files (x86)/atmel/studio/7.0/toolchain/avr8/avr8-gnu-toolchain/bin/../lib/gcc/avr/5.4.0/../../../../avr/lib/avr5\libc.a(sprintf.o)
 .text.avr-libc
                0x00000000       0x44 c:/program files (x86)/atmel/studio/7.0/toolchain/avr8/avr8-gnu-toolchain/bin/../lib/gcc/avr/5.4.0/../../../../avr/lib/avr5\libc.a(sprintf.o)
 .comment       0x00000000       0x31 c:/program files (x86)/atmel/studio/7.0/toolchain/avr8/avr8-gnu-toolchain/bin/../lib/gcc/avr/5.4.0/../../../../avr/lib/avr5\libc.a(sprintf.o)
 .text          0x00000000        0x0 c:/program files (x86)/atmel/studio/7.0/toolchain/avr8/avr8-gnu-toolchain/bin/../lib/gcc/avr/5.4.0/../../../../avr/lib/avr5\libc.a(vfprintf_std.o)
 .data          0x00000000        0x0 c:/program files (x86)/atmel/studio/7.0/toolchain/avr8/avr8-gnu-toolchain/bin/../lib/gcc/avr/5.4.0/../../../../avr/lib/avr5\libc.a(vfprintf_std.o)
 .bss           0x00000000        0x0 c:/program files (x86)/atmel/studio/7.0/toolchain/avr8/avr8-gnu-toolchain/bin/../lib/gcc/avr/5.4.0/../../../../avr/lib/avr5\libc.a(vfprintf_std.o)
 .text.avr-libc
                0x00000000      0x3c2 c:/program files (x86)/atmel/studio/7.0/toolchain/avr8/avr8-gnu-toolchain/bin/../lib/gcc/avr/5.4.0/../../../../avr/lib/avr5\libc.a(vfprintf_std.o)
 .comment       0x00000000       0x2d c:/program files (x86)/atmel/studio/7.0/toolchain/avr8/avr8-gnu-toolchain/bin/../lib/gcc/avr/5.4.0/../../../../avr/lib/avr5\libc.a(vfprintf_std.o)
 .text          0x00000000        0x0 c:/program files (x86)/atmel/studio/7.0/toolchain/avr8/avr8-gnu-toolchain/bin/../lib/gcc/avr/5.4.0/../../../../avr/lib/avr5\libc.a(strnlen_P.o)
 .data          0x00000000        0x0 c:/program files (x86)/atmel/studio/7.0/toolchain/avr8/avr8-gnu-toolchain/bin/../lib/gcc/avr/5.4.0/../../../../avr/lib/avr5\libc.a(strnlen_P.o)
 .bss           0x00000000        0x0 c:/program files (x86)/atmel/studio/7.0/toolchain/avr8/avr8-gnu-toolchain/bin/../lib/gcc/avr/5.4.0/../../../../avr/lib/avr5\libc.a(strnlen_P.o)
 .text.avr-libc
                0x00000000       0x16 c:/program files (x86)/atmel/studio/7.0/toolchain/avr8/avr8-gnu-toolchain/bin/../lib/gcc/avr/5.4.0/../../../../avr/lib/avr5\libc.a(strnlen_P.o)
 .text          0x00000000        0x0 c:/program files (x86)/atmel/studio/7.0/toolchain/avr8/avr8-gnu-toolchain/bin/../lib/gcc/avr/5.4.0/../../../../avr/lib/avr5\libc.a(strnlen.o)
 .data          0x00000000        0x0 c:/program files (x86)/atmel/studio/7.0/toolchain/avr8/avr8-gnu-toolchain/bin/../lib/gcc/avr/5.4.0/../../../../avr/lib/avr5\libc.a(strnlen.o)
 .bss           0x00000000        0x0 c:/program files (x86)/atmel/studio/7.0/toolchain/avr8/avr8-gnu-toolchain/bin/../lib/gcc/avr/5.4.0/../../../../avr/lib/avr5\libc.a(strnlen.o)
 .text.avr-libc
                0x00000000       0x16 c:/program files (x86)/atmel/studio/7.0/toolchain/avr8/avr8-gnu-toolchain/bin/../lib/gcc/avr/5.4.0/../../../../avr/lib/avr5\libc.a(strnlen.o)
 .text          0x00000000        0x0 c:/program files (x86)/atmel/studio/7.0/toolchain/avr8/avr8-gnu-toolchain/bin/../lib/gcc/avr/5.4.0/../../../../avr/lib/avr5\libc.a(fputc.o)
 .data          0x00000000        0x0 c:/program files (x86)/atmel/studio/7.0/toolchain/avr8/avr8-gnu-toolchain/bin/../lib/gcc/avr/5.4.0/../../../../avr/lib/avr5\libc.a(fputc.o)
 .bss           0x00000000        0x0 c:/program files (x86)/atmel/studio/7.0/toolchain/avr8/avr8-gnu-toolchain/bin/../lib/gcc/avr/5.4.0/../../../../avr/lib/avr5\libc.a(fputc.o)
 .text.avr-libc
                0x00000000       0x78 c:/program files (x86)/atmel/studio/7.0/toolchain/avr8/avr8-gnu-toolchain/bin/../lib/gcc/avr/5.4.0/../../../../avr/lib/avr5\libc.a(fputc.o)
 .comment       0x00000000       0x31 c:/program files (x86)/atmel/studio/7.0/toolchain/avr8/avr8-gnu-toolchain/bin/../lib/gcc/avr/5.4.0/../../../../avr/lib/avr5\libc.a(fputc.o)
 .text          0x00000000        0x0 c:/program files (x86)/atmel/studio/7.0/toolchain/avr8/avr8-gnu-toolchain/bin/../lib/gcc/avr/5.4.0/../../../../avr/lib/avr5\libc.a(ultoa_invert.o)
 .data          0x00000000        0x0 c:/program files (x86)/atmel/studio/7.0/toolchain/avr8/avr8-gnu-toolchain/bin/../lib/gcc/avr/5.4.0/../../../../avr/lib/avr5\libc.a(ultoa_invert.o)
 .bss           0x00000000        0x0 c:/program files (x86)/atmel/studio/7.0/toolchain/avr8/avr8-gnu-toolchain/bin/../lib/gcc/avr/5.4.0/../../../../avr/lib/avr5\libc.a(ultoa_invert.o)
 .text.avr-libc
                0x00000000       0xbc c:/program files (x86)/atmel/studio/7.0/toolchain/avr8/avr8-gnu-toolchain/bin/../lib/gcc/avr/5.4.0/../../../../avr/lib/avr5\libc.a(ultoa_invert.o)
 .text          0x00000000        0x0 c:/program files (x86)/atmel/studio/7.0/toolchain/avr8/avr8-gnu-toolchain/bin/../lib/gcc/avr/5.4.0/avr5\libgcc.a(_prologue.o)
 .data          0x00000000        0x0 c:/program files (x86)/atmel/studio/7.0/toolchain/avr8/avr8-gnu-toolchain/bin/../lib/gcc/avr/5.4.0/avr5\libgcc.a(_prologue.o)
 .bss           0x00000000        0x0 c:/program files (x86)/atmel/studio/7.0/toolchain/avr8/avr8-gnu-toolchain/bin/../lib/gcc/avr/5.4.0/avr5\libgcc.a(_prologue.o)
 .text.libgcc.mul
                0x00000000        0x0 c:/program files (x86)/atmel/studio/7.0/toolchain/avr8/avr8-gnu-toolchain/bin/../lib/gcc/avr/5.4.0/avr5\libgcc.a(_prologue.o)
 .text.libgcc.div
                0x00000000        0x0 c:/program files (x86)/atmel/studio/7.0/toolchain/avr8/avr8-gnu-toolchain/bin/../lib/gcc/avr/5.4.0/avr5\libgcc.a(_prologue.o)
 .text.libgcc   0x00000000        0x0 c:/program files (x86)/atmel/studio/7.0/toolchain/avr8/avr8-gnu-toolchain/bin/../lib/gcc/avr/5.4.0/avr5\libgcc.a(_prologue.o)
 .text.libgcc.prologue
                0x00000000       0x38 c:/program files (x86)/atmel/studio/7.0/toolchain/avr8/avr8-gnu-toolchain/bin/../lib/gcc/avr/5.4.0/avr5\libgcc.a(_prologue.o)
 .text.libgcc.builtins
                0x00000000        0x0 c:/program files (x86)/atmel/studio/7.0/toolchain/avr8/avr8-gnu-toolchain/bin/../lib/gcc/avr/5.4.0/avr5\libgcc.a(_prologue.o)
 .text.libgcc.fmul
                0x00000000        0x0 c:/program files (x86)/atmel/studio/7.0/toolchain/avr8/avr8-gnu-toolchain/bin/../lib/gcc/avr/5.4.0/avr5\libgcc.a(_prologue.o)
 .text.libgcc.fixed
                0x00000000        0x0 c:/program files (x86)/atmel/studio/7.0/toolchain/avr8/avr8-gnu-toolchain/bin/../lib/gcc/avr/5.4.0/avr5\libgcc.a(_prologue.o)
 .text          0x00000000        0x0 c:/program files (x86)/atmel/studio/7.0/toolchain/avr8/avr8-gnu-toolchain/bin/../lib/gcc/avr/5.4.0/avr5\libgcc.a(_epilogue.o)
 .data          0x00000000        0x0 c:/program files (x86)/atmel/studio/7.0/toolchain/avr8/avr8-gnu-toolchain/bin/../lib/gcc/avr/5.4.0/avr5\libgcc.a(_epilogue.o)
 .bss           0x00000000        0x0 c:/program files (x86)/atmel/studio/7.0/toolchain/avr8/avr8-gnu-toolchain/bin/../lib/gcc/avr/5.4.0/avr5\libgcc.a(_epilogue.o)
 .text.libgcc.mul
                0x00000000        0x0 c:/program files (x86)/atmel/studio/7.0/toolchain/avr8/avr8-gnu-toolchain/bin/../lib/gcc/avr/5.4.0/avr5\libgcc.a(_epilogue.o)
 .text.libgcc.div
                0x00000000        0x0 c:/program files (x86)/atmel/studio/7.0/toolchain/avr8/avr8-gnu-toolchain/bin/../lib/gcc/avr/5.4.0/avr5\libgcc.a(_epilogue.o)
 .text.libgcc   0x00000000        0x0 c:/program files (x86)/atmel/studio/7.0/toolchain/avr8/avr8-gnu-toolchain/bin/../lib/gcc/avr/5.4.0/avr5\libgcc.a(_epilogue.o)
 .text.libgcc.prologue
                0x00000000       0x36 c:/program files (x86)/atmel/studio/7.0/toolchain/avr8/avr8-gnu-toolchain/bin/../lib/gcc/avr/5.4.0/avr5\libgcc.a(_epilogue.o)
 .text.libgcc.builtins
                0x00000000        0x0 c:/program files (x86)/atmel/studio/7.0/toolchain/avr8/avr8-gnu-toolchain/bin/../lib/gcc/avr/5.4.0/avr5\libgcc.a(_epilogue.o)
 .text.libgcc.fmul
                0x00000000        0x0 c:/program files (x86)/atmel/studio/7.0/toolchain/avr8/avr8-gnu-toolchain/bin/../lib/gcc/avr/5.4.0/avr5\libgcc.a(_epilogue.o)
 .text.libgcc.fixed
                0x00000000        0x0 c:/program files (x86)/atmel/studio/7.0/toolchain/avr8/avr8-gnu-toolchain/bin/../lib/gcc/avr/5.4.0/avr5\libgcc.a(_epilogue.o)

Memory Configuration

Name             Origin             Length             Attributes
text             0x00000000         0x00008000         xr
data             0x00800060         0x00000800         rw !x
eeprom           0x00810000         0x00000400         rw !x
fuse             0x00820000         0x00000002         rw !x
lock             0x00830000         0x00000400         rw !x
signature        0x00840000         0x00000400         rw !x
user_signatures  0x00850000         0x00000400         rw !x
*default*        0x00000000         0xffffffff

Linker script and memory map

LOAD C:/Program Files (x86)/Atmel/Studio/7.0/Packs/atmel/ATmega_DFP/1.7.374/gcc/dev/atmega32/avr5/crtatmega32.o
LOAD ATMEGA 32 Drivers/Gpio.o
LOAD ATMEGA 32 Drivers/Serial.o
LOAD main.o
LOAD RTOS/croutine.o
LOAD RTOS/event_groups.o
LOAD RTOS/heap_2.o
LOAD RTOS/list.o
LOAD RTOS/port.o
LOAD RTOS/queue.o
LOAD RTOS/stream_buffer.o
LOAD RTOS/tasks.o
LOAD RTOS/timers.o
START GROUP
LOAD c:/program files (x86)/atmel/studio/7.0/toolchain/avr8/avr8-gnu-toolchain/bin/../lib/gcc/avr/5.4.0/../../../../avr/lib/avr5\libm.a
END GROUP
START GROUP
LOAD c:/program files (x86)/atmel/studio/7.0/toolchain/avr8/avr8-gnu-toolchain/bin/../lib/gcc/avr/5.4.0/avr5\libgcc.a
LOAD c:/program files (x86)/atmel/studio/7.0/toolchain/avr8/avr8-gnu-toolchain/bin/../lib/gcc/avr/5.4.0/../../../../avr/lib/avr5\libm.a
LOAD c:/program files (x86)/atmel/studio/7.0/toolchain/avr8/avr8-gnu-toolchain/bin/../lib/gcc/avr/5.4.0/../../../../avr/lib/avr5\libc.a
LOAD C:/Program Files (x86)/Atmel/Studio/7.0/Packs/atmel/ATmega_DFP/1.7.374/gcc/dev/atmega32/avr5\libatmega32.a
END GROUP
                0x00000000                __TEXT_REGION_ORIGIN__ = DEFINED (__TEXT_REGION_ORIGIN__)?__TEXT_REGION_ORIGIN__:0x0
                [0x00800060]                __DATA_REGION_ORIGIN__ = DEFINED (__DATA_REGION_ORIGIN__)?__DATA_REGION_ORIGIN__:0x800060
                [0x00008000]                __TEXT_REGION_LENGTH__ = DEFINED (__TEXT_REGION_LENGTH__)?__TEXT_REGION_LENGTH__:0x20000
                [0x00000800]                __DATA_REGION_LENGTH__ = DEFINED (__DATA_REGION_LENGTH__)?__DATA_REGION_LENGTH__:0xffa0
                [0x00000400]                __EEPROM_REGION_LENGTH__ = DEFINED (__EEPROM_REGION_LENGTH__)?__EEPROM_REGION_LENGTH__:0x10000
                [0x00000002]                __FUSE_REGION_LENGTH__ = DEFINED (__FUSE_REGION_LENGTH__)?__FUSE_REGION_LENGTH__:0x400
                0x00000400                __LOCK_REGION_LENGTH__ = DEFINED (__LOCK_REGION_LENGTH__)?__LOCK_REGION_LENGTH__:0x400
                0x00000400                __SIGNATURE_REGION_LENGTH__ = DEFINED (__SIGNATURE_REGION_LENGTH__)?__SIGNATURE_REGION_LENGTH__:0x400
                0x00000400                __USER_SIGNATURE_REGION_LENGTH__ = DEFINED (__USER_SIGNATURE_REGION_LENGTH__)?__USER_SIGNATURE_REGION_LENGTH__:0x400

.hash
 *(.hash)

.dynsym
 *(.dynsym)

.dynstr
 *(.dynstr)

.gnu.version
 *(.gnu.version)

.gnu.version_d
 *(.gnu.version_d)

.gnu.version_r
 *(.gnu.version_r)

.rel.init
 *(.rel.init)

.rela.init
 *(.rela.init)

.rel.text
 *(.rel.text)
 *(.rel.text.*)
 *(.rel.gnu.linkonce.t*)

.rela.text
 *(.rela.text)
 *(.rela.text.*)
 *(.rela.gnu.linkonce.t*)

.rel.fini
 *(.rel.fini)

.rela.fini
 *(.rela.fini)

.rel.rodata
 *(.rel.rodata)
 *(.rel.rodata.*)
 *(.rel.gnu.linkonce.r*)

.rela.rodata
 *(.rela.rodata)
 *(.rela.rodata.*)
 *(.rela.gnu.linkonce.r*)

.rel.data
 *(.rel.data)
 *(.rel.data.*)
 *(.rel.gnu.linkonce.d*)

.rela.data
 *(.rela.data)
 *(.rela.data.*)
 *(.rela.gnu.linkonce.d*)

.rel.ctors
 *(.rel.ctors)

.rela.ctors
 *(.rela.ctors)

.rel.dtors
 *(.rel.dtors)

.rela.dtors
 *(.rela.dtors)

.rel.got
 *(.rel.got)

.rela.got
 *(.rela.got)

.rel.bss
 *(.rel.bss)

.rela.bss
 *(.rela.bss)

.rel.plt
 *(.rel.plt)

.rela.plt
 *(.rela.plt)

.text           0x00000000     0x2344
 *(.vectors)
 .vectors       0x00000000       0x54 C:/Program Files (x86)/Atmel/Studio/7.0/Packs/atmel/ATmega_DFP/1.7.374/gcc/dev/atmega32/avr5/crtatmega32.o
                0x00000000                __vector_default
                0x00000000                __vectors
 *(.vectors)
 *(.progmem.gcc*)
                0x00000054                . = ALIGN (0x2)
                0x00000054                __trampolines_start = .
 *(.trampolines)
 .trampolines   0x00000054        0x0 linker stubs
 *(.trampolines*)
                0x00000054                __trampolines_end = .
 *libprintf_flt.a:*(.progmem.data)
 *libc.a:*(.progmem.data)
 *(.progmem*)
                0x00000054                . = ALIGN (0x2)
 *(.jumptables)
 *(.jumptables*)
 *(.lowtext)
 *(.lowtext*)
                0x00000054                __ctors_start = .
 *(.ctors)
                0x00000054                __ctors_end = .
                0x00000054                __dtors_start = .
 *(.dtors)
                0x00000054                __dtors_end = .
 SORT(*)(.ctors)
 SORT(*)(.dtors)
 *(.init0)
 .init0         0x00000054        0x0 C:/Program Files (x86)/Atmel/Studio/7.0/Packs/atmel/ATmega_DFP/1.7.374/gcc/dev/atmega32/avr5/crtatmega32.o
                0x00000054                __init
 *(.init0)
 *(.init1)
 *(.init1)
 *(.init2)
 .init2         0x00000054        0xc C:/Program Files (x86)/Atmel/Studio/7.0/Packs/atmel/ATmega_DFP/1.7.374/gcc/dev/atmega32/avr5/crtatmega32.o
 *(.init2)
 *(.init3)
 *(.init3)
 *(.init4)
 .init4         0x00000060       0x16 c:/program files (x86)/atmel/studio/7.0/toolchain/avr8/avr8-gnu-toolchain/bin/../lib/gcc/avr/5.4.0/avr5\libgcc.a(_copy_data.o)
                0x00000060                __do_copy_data
 .init4         0x00000076       0x10 c:/program files (x86)/atmel/studio/7.0/toolchain/avr8/avr8-gnu-toolchain/bin/../lib/gcc/avr/5.4.0/avr5\libgcc.a(_clear_bss.o)
                0x00000076                __do_clear_bss
 *(.init4)
 *(.init5)
 *(.init5)
 *(.init6)
 *(.init6)
 *(.init7)
 *(.init7)
 *(.init8)
 *(.init8)
 *(.init9)
 .init9         0x00000086        0x8 C:/Program Files (x86)/Atmel/Studio/7.0/Packs/atmel/ATmega_DFP/1.7.374/gcc/dev/atmega32/avr5/crtatmega32.o
 *(.init9)
 *(.text)
 .text          0x0000008e        0x4 C:/Program Files (x86)/Atmel/Studio/7.0/Packs/atmel/ATmega_DFP/1.7.374/gcc/dev/atmega32/avr5/crtatmega32.o
                0x0000008e                __vector_12
                0x0000008e                __bad_interrupt
                0x0000008e                __vector_6
                0x0000008e                __vector_11
                0x0000008e                __vector_17
                0x0000008e                __vector_19
                0x0000008e                __vector_5
                0x0000008e                __vector_4
                0x0000008e                __vector_9
                0x0000008e                __vector_15
                0x0000008e                __vector_8
                0x0000008e                __vector_10
                0x0000008e                __vector_16
                0x0000008e                __vector_18
                0x0000008e                __vector_20
                0x00000092                . = ALIGN (0x2)
 *(.text.*)
 .text.pinMode  0x00000092      0x312 ATMEGA 32 Drivers/Gpio.o
                0x00000092                pinMode
 .text.digitalWrite
                0x000003a4      0x254 ATMEGA 32 Drivers/Gpio.o
                0x000003a4                digitalWrite
 .text.digitalRead
                0x000005f8       0xe6 ATMEGA 32 Drivers/Gpio.o
                0x000005f8                digitalRead
 .text.__vector_1
                0x000006de       0x4e ATMEGA 32 Drivers/Gpio.o
                0x000006de                __vector_1
 .text.__vector_2
                0x0000072c       0x4e ATMEGA 32 Drivers/Gpio.o
                0x0000072c                __vector_2
 .text.__vector_3
                0x0000077a       0x4e ATMEGA 32 Drivers/Gpio.o
                0x0000077a                __vector_3
 .text.__vector_13
                0x000007c8       0x4e ATMEGA 32 Drivers/Serial.o
                0x000007c8                __vector_13
 .text.__vector_14
                0x00000816       0x4e ATMEGA 32 Drivers/Serial.o
                0x00000816                __vector_14
 .text.read_button
                0x00000864       0x48 main.o
                0x00000864                read_button
 .text.led_toggle
                0x000008ac       0x4a main.o
                0x000008ac                led_toggle
 .text.main     0x000008f6       0x62 main.o
                0x000008f6                main
 .text.prvHeapInit
                0x00000958       0x36 RTOS/heap_2.o
 .text.pvPortMalloc
                0x0000098e      0x12a RTOS/heap_2.o
                0x0000098e                pvPortMalloc
 .text.vPortFree
                0x00000ab8       0x66 RTOS/heap_2.o
                0x00000ab8                vPortFree
 .text.vListInitialise
                0x00000b1e       0x1c RTOS/list.o
                0x00000b1e                vListInitialise
 .text.vListInitialiseItem
                0x00000b3a        0x8 RTOS/list.o
                0x00000b3a                vListInitialiseItem
 .text.vListInsert
                0x00000b42       0x62 RTOS/list.o
                0x00000b42                vListInsert
 .text.uxListRemove
                0x00000ba4       0x4e RTOS/list.o
                0x00000ba4                uxListRemove
 .text.prvSetupTimerInterrupt
                0x00000bf2       0x12 RTOS/port.o
 .text.pxPortInitialiseStack
                0x00000c04       0xd8 RTOS/port.o
                0x00000c04                pxPortInitialiseStack
 .text.xPortStartScheduler
                0x00000cdc       0x5e RTOS/port.o
                0x00000cdc                xPortStartScheduler
 .text.vPortYield
                0x00000d3a       0xb2 RTOS/port.o
                0x00000d3a                vPortYield
 .text.vPortYieldFromTick
                0x00000dec       0xb8 RTOS/port.o
                0x00000dec                vPortYieldFromTick
 .text.__vector_7
                0x00000ea4        0x6 RTOS/port.o
                0x00000ea4                __vector_7
 .text.prvGetDisinheritPriorityAfterTimeout
                0x00000eaa       0x20 RTOS/queue.o
 .text.prvIsQueueEmpty
                0x00000eca       0x1a RTOS/queue.o
 .text.prvIsQueueFull
                0x00000ee4       0x1c RTOS/queue.o
 .text.prvCopyDataToQueue
                0x00000f00       0xbe RTOS/queue.o
 .text.prvUnlockQueue
                0x00000fbe       0x68 RTOS/queue.o
 .text.xQueueGenericReset
                0x00001026       0xc0 RTOS/queue.o
                0x00001026                xQueueGenericReset
 .text.prvInitialiseNewQueue
                0x000010e6       0x36 RTOS/queue.o
 .text.xQueueGenericCreate
                0x0000111c       0x82 RTOS/queue.o
                0x0000111c                xQueueGenericCreate
 .text.xQueueGenericSend
                0x0000119e      0x124 RTOS/queue.o
                0x0000119e                xQueueGenericSend
 .text.xQueueSemaphoreTake
                0x000012c2      0x162 RTOS/queue.o
                0x000012c2                xQueueSemaphoreTake
 .text.prvResetNextTaskUnblockTime
                0x00001424       0x38 RTOS/tasks.o
 .text.prvDeleteTCB
                0x0000145c       0x1a RTOS/tasks.o
 .text.prvInitialiseNewTask
                0x00001476      0x120 RTOS/tasks.o
 .text.prvInitialiseTaskLists
                0x00001596       0x6e RTOS/tasks.o
 .text.prvAddNewTaskToReadyList
                0x00001604       0xfc RTOS/tasks.o
 .text.prvCheckTasksWaitingTermination
                0x00001700       0x4c RTOS/tasks.o
 .text.prvIdleTask
                0x0000174c       0x12 RTOS/tasks.o
 .text.prvAddCurrentTaskToDelayedList
                0x0000175e      0x102 RTOS/tasks.o
 .text.xTaskCreate
                0x00001860       0xa8 RTOS/tasks.o
                0x00001860                xTaskCreate
 .text.vTaskStartScheduler
                0x00001908       0x58 RTOS/tasks.o
                0x00001908                vTaskStartScheduler
 .text.vTaskSuspendAll
                0x00001960        0xc RTOS/tasks.o
                0x00001960                vTaskSuspendAll
 .text.xTaskIncrementTick
                0x0000196c      0x208 RTOS/tasks.o
                0x0000196c                xTaskIncrementTick
 .text.xTaskResumeAll
                0x00001b74      0x1aa RTOS/tasks.o
                0x00001b74                xTaskResumeAll
 .text.vTaskSwitchContext
                0x00001d1e       0xa8 RTOS/tasks.o
                0x00001d1e                vTaskSwitchContext
 .text.vTaskPlaceOnEventList
                0x00001dc6       0x24 RTOS/tasks.o
                0x00001dc6                vTaskPlaceOnEventList
 .text.xTaskRemoveFromEventList
                0x00001dea      0x17a RTOS/tasks.o
                0x00001dea                xTaskRemoveFromEventList
 .text.vTaskInternalSetTimeOutState
                0x00001f64       0x16 RTOS/tasks.o
                0x00001f64                vTaskInternalSetTimeOutState
 .text.xTaskCheckForTimeOut
                0x00001f7a       0x7e RTOS/tasks.o
                0x00001f7a                xTaskCheckForTimeOut
 .text.vTaskMissedYield
                0x00001ff8        0x8 RTOS/tasks.o
                0x00001ff8                vTaskMissedYield
 .text.xTaskPriorityInherit
                0x00002000      0x128 RTOS/tasks.o
                0x00002000                xTaskPriorityInherit
 .text.xTaskPriorityDisinherit
                0x00002128       0xc6 RTOS/tasks.o
                0x00002128                xTaskPriorityDisinherit
 .text.vTaskPriorityDisinheritAfterTimeout
                0x000021ee       0xe6 RTOS/tasks.o
                0x000021ee                vTaskPriorityDisinheritAfterTimeout
 .text.pvTaskIncrementMutexHeldCount
                0x000022d4       0x24 RTOS/tasks.o
                0x000022d4                pvTaskIncrementMutexHeldCount
 .text.libgcc.div
                0x000022f8       0x28 c:/program files (x86)/atmel/studio/7.0/toolchain/avr8/avr8-gnu-toolchain/bin/../lib/gcc/avr/5.4.0/avr5\libgcc.a(_udivmodhi4.o)
                0x000022f8                __udivmodhi4
 .text.avr-libc
                0x00002320       0x12 c:/program files (x86)/atmel/studio/7.0/toolchain/avr8/avr8-gnu-toolchain/bin/../lib/gcc/avr/5.4.0/../../../../avr/lib/avr5\libc.a(memcpy.o)
                0x00002320                memcpy
 .text.avr-libc
                0x00002332        0xe c:/program files (x86)/atmel/studio/7.0/toolchain/avr8/avr8-gnu-toolchain/bin/../lib/gcc/avr/5.4.0/../../../../avr/lib/avr5\libc.a(memset.o)
                0x00002332                memset
                0x00002340                . = ALIGN (0x2)
 *(.fini9)
 .fini9         0x00002340        0x0 c:/program files (x86)/atmel/studio/7.0/toolchain/avr8/avr8-gnu-toolchain/bin/../lib/gcc/avr/5.4.0/avr5\libgcc.a(_exit.o)
                0x00002340                _exit
                0x00002340                exit
 *(.fini9)
 *(.fini8)
 *(.fini8)
 *(.fini7)
 *(.fini7)
 *(.fini6)
 *(.fini6)
 *(.fini5)
 *(.fini5)
 *(.fini4)
 *(.fini4)
 *(.fini3)
 *(.fini3)
 *(.fini2)
 *(.fini2)
 *(.fini1)
 *(.fini1)
 *(.fini0)
 .fini0         0x00002340        0x4 c:/program files (x86)/atmel/studio/7.0/toolchain/avr8/avr8-gnu-toolchain/bin/../lib/gcc/avr/5.4.0/avr5\libgcc.a(_exit.o)
 *(.fini0)
                0x00002344                _etext = .

.data           0x00800060       0x14 load address 0x00002344
                0x00800060                PROVIDE (__data_start, .)
 *(.data)
 *(.data*)
 .data.xFreeBytesRemaining
                0x00800060        0x2 RTOS/heap_2.o
 .data.uxTopUsedPriority
                0x00800062        0x1 RTOS/tasks.o
                0x00800062                uxTopUsedPriority
 *(.gnu.linkonce.d*)
 *(.rodata)
 *(.rodata*)
 .rodata.str1.1
                0x00800063        0xb main.o
 .rodata.str1.1
                0x0080006e        0x5 RTOS/tasks.o
 *(.gnu.linkonce.r*)
                0x00800074                . = ALIGN (0x2)
 *fill*         0x00800073        0x1 
                0x00800074                _edata = .
                0x00800074                PROVIDE (__data_end, .)

.bss            0x00800074      0x3ab
                0x00800074                PROVIDE (__bss_start, .)
 *(.bss)
 *(.bss*)
 .bss.ISR2      0x00800074        0x2 ATMEGA 32 Drivers/Gpio.o
                0x00800074                ISR2
 .bss.ISR1      0x00800076        0x2 ATMEGA 32 Drivers/Gpio.o
                0x00800076                ISR1
 .bss.ISR0      0x00800078        0x2 ATMEGA 32 Drivers/Gpio.o
                0x00800078                ISR0
 .bss.TXC_ISR   0x0080007a        0x2 ATMEGA 32 Drivers/Serial.o
                0x0080007a                TXC_ISR
 .bss.RXC_ISR   0x0080007c        0x2 ATMEGA 32 Drivers/Serial.o
                0x0080007c                RXC_ISR
 .bss.led_handle
                0x0080007e        0x2 main.o
                0x0080007e                led_handle
 .bss.read_handle
                0x00800080        0x2 main.o
                0x00800080                read_handle
 .bss.led       0x00800082        0x2 main.o
                0x00800082                led
 .bss.flag1     0x00800084        0x1 main.o
                0x00800084                flag1
 .bss.flag      0x00800085        0x1 main.o
                0x00800085                flag
 .bss.xHeapHasBeenInitialised.2121
                0x00800086        0x1 RTOS/heap_2.o
 .bss.xEnd      0x00800087        0x4 RTOS/heap_2.o
 .bss.xStart    0x0080008b        0x4 RTOS/heap_2.o
 .bss.ucHeap    0x0080008f      0x320 RTOS/heap_2.o
 .bss.uxSchedulerSuspended
                0x008003af        0x1 RTOS/tasks.o
 .bss.xIdleTaskHandle
                0x008003b0        0x2 RTOS/tasks.o
 .bss.xNextTaskUnblockTime
                0x008003b2        0x2 RTOS/tasks.o
 .bss.uxTaskNumber
                0x008003b4        0x1 RTOS/tasks.o
 .bss.xNumOfOverflows
                0x008003b5        0x1 RTOS/tasks.o
 .bss.xYieldPending
                0x008003b6        0x1 RTOS/tasks.o
 .bss.xPendedTicks
                0x008003b7        0x2 RTOS/tasks.o
 .bss.xSchedulerRunning
                0x008003b9        0x1 RTOS/tasks.o
 .bss.uxTopReadyPriority
                0x008003ba        0x1 RTOS/tasks.o
 .bss.xTickCount
                0x008003bb        0x2 RTOS/tasks.o
 .bss.uxCurrentNumberOfTasks
                0x008003bd        0x1 RTOS/tasks.o
 .bss.xSuspendedTaskList
                0x008003be        0x9 RTOS/tasks.o
 .bss.uxDeletedTasksWaitingCleanUp
                0x008003c7        0x1 RTOS/tasks.o
 .bss.xTasksWaitingTermination
                0x008003c8        0x9 RTOS/tasks.o
 .bss.xPendingReadyList
                0x008003d1        0x9 RTOS/tasks.o
 .bss.pxOverflowDelayedTaskList
                0x008003da        0x2 RTOS/tasks.o
 .bss.pxDelayedTaskList
                0x008003dc        0x2 RTOS/tasks.o
 .bss.xDelayedTaskList2
                0x008003de        0x9 RTOS/tasks.o
 .bss.xDelayedTaskList1
                0x008003e7        0x9 RTOS/tasks.o
 .bss.pxReadyTasksLists
                0x008003f0       0x2d RTOS/tasks.o
 .bss.pxCurrentTCB
                0x0080041d        0x2 RTOS/tasks.o
                0x0080041d                pxCurrentTCB
 *(COMMON)
                0x0080041f                PROVIDE (__bss_end, .)
                0x00002344                __data_load_start = LOADADDR (.data)
                0x00002358                __data_load_end = (__data_load_start + SIZEOF (.data))

.noinit         0x0080041f        0x0
                [!provide]                PROVIDE (__noinit_start, .)
 *(.noinit*)
                [!provide]                PROVIDE (__noinit_end, .)
                0x0080041f                _end = .
                [!provide]                PROVIDE (__heap_start, .)

.eeprom         0x00810000        0x0
 *(.eeprom*)
                0x00810000                __eeprom_end = .

.fuse
 *(.fuse)
 *(.lfuse)
 *(.hfuse)
 *(.efuse)

.lock
 *(.lock*)

.signature
 *(.signature*)

.user_signatures
 *(.user_signatures*)

.stab
 *(.stab)

.stabstr
 *(.stabstr)

.stab.excl
 *(.stab.excl)

.stab.exclstr
 *(.stab.exclstr)

.stab.index
 *(.stab.index)

.stab.indexstr
 *(.stab.indexstr)

.comment        0x00000000       0x30
 *(.comment)
 .comment       0x00000000       0x30 ATMEGA 32 Drivers/Gpio.o
                                 0x31 (size before relaxing)
 .comment       0x00000030       0x31 ATMEGA 32 Drivers/Serial.o
 .comment       0x00000030       0x31 main.o
 .comment       0x00000030       0x31 RTOS/heap_2.o
 .comment       0x00000030       0x31 RTOS/list.o
 .comment       0x00000030       0x31 RTOS/port.o
 .comment       0x00000030       0x31 RTOS/queue.o
 .comment       0x00000030       0x31 RTOS/tasks.o

.note.gnu.avr.deviceinfo
                0x00000000       0x3c
 .note.gnu.avr.deviceinfo
                0x00000000       0x3c C:/Program Files (x86)/Atmel/Studio/7.0/Packs/atmel/ATmega_DFP/1.7.374/gcc/dev/atmega32/avr5/crtatmega32.o

.note.gnu.build-id
 *(.note.gnu.build-id)

.debug
 *(.debug)

.line
 *(.line)

.debug_srcinfo
 *(.debug_srcinfo)

.debug_sfnames
 *(.debug_sfnames)

.debug_aranges  0x00000000      0x4d8
 *(.debug_aranges)
 .debug_aranges
                0x00000000       0x60 ATMEGA 32 Drivers/Gpio.o
 .debug_aranges
                0x00000060       0x78 ATMEGA 32 Drivers/Serial.o
 .debug_aranges
                0x000000d8       0x30 main.o
 .debug_aranges
                0x00000108       0x40 RTOS/heap_2.o
 .debug_aranges
                0x00000148       0x40 RTOS/list.o
 .debug_aranges
                0x00000188       0x50 RTOS/port.o
 .debug_aranges
                0x000001d8      0x118 RTOS/queue.o
 .debug_aranges
                0x000002f0      0x1e8 RTOS/tasks.o

.debug_pubnames
 *(.debug_pubnames)

.debug_info     0x00000000     0x553d
 *(.debug_info .gnu.linkonce.wi.*)
 .debug_info    0x00000000      0x4e6 C:/Program Files (x86)/Atmel/Studio/7.0/Packs/atmel/ATmega_DFP/1.7.374/gcc/dev/atmega32/avr5/crtatmega32.o
 .debug_info    0x000004e6      0x209 ATMEGA 32 Drivers/Gpio.o
 .debug_info    0x000006ef      0x3fd ATMEGA 32 Drivers/Serial.o
 .debug_info    0x00000aec      0x3a2 main.o
 .debug_info    0x00000e8e      0x32a RTOS/heap_2.o
 .debug_info    0x000011b8      0x2d8 RTOS/list.o
 .debug_info    0x00001490      0x24e RTOS/port.o
 .debug_info    0x000016de     0x18d5 RTOS/queue.o
 .debug_info    0x00002fb3     0x258a RTOS/tasks.o

.debug_abbrev   0x00000000     0x116e
 *(.debug_abbrev)
 .debug_abbrev  0x00000000      0x4a3 C:/Program Files (x86)/Atmel/Studio/7.0/Packs/atmel/ATmega_DFP/1.7.374/gcc/dev/atmega32/avr5/crtatmega32.o
 .debug_abbrev  0x000004a3       0xde ATMEGA 32 Drivers/Gpio.o
 .debug_abbrev  0x00000581      0x1b2 ATMEGA 32 Drivers/Serial.o
 .debug_abbrev  0x00000733      0x11e main.o
 .debug_abbrev  0x00000851      0x191 RTOS/heap_2.o
 .debug_abbrev  0x000009e2       0xff RTOS/list.o
 .debug_abbrev  0x00000ae1      0x143 RTOS/port.o
 .debug_abbrev  0x00000c24      0x282 RTOS/queue.o
 .debug_abbrev  0x00000ea6      0x2c8 RTOS/tasks.o

.debug_line     0x00000000     0x35cd
 *(.debug_line .debug_line.* .debug_line_end)
 .debug_line    0x00000000      0x116 C:/Program Files (x86)/Atmel/Studio/7.0/Packs/atmel/ATmega_DFP/1.7.374/gcc/dev/atmega32/avr5/crtatmega32.o
 .debug_line    0x00000116      0x3b5 ATMEGA 32 Drivers/Gpio.o
 .debug_line    0x000004cb      0x3be ATMEGA 32 Drivers/Serial.o
 .debug_line    0x00000889      0x19c main.o
 .debug_line    0x00000a25      0x2c6 RTOS/heap_2.o
 .debug_line    0x00000ceb      0x1d3 RTOS/list.o
 .debug_line    0x00000ebe      0x2a0 RTOS/port.o
 .debug_line    0x0000115e      0xcf6 RTOS/queue.o
 .debug_line    0x00001e54     0x1779 RTOS/tasks.o

.debug_frame    0x00000000     0x10a8
 *(.debug_frame)
 .debug_frame   0x00000000      0x17c ATMEGA 32 Drivers/Gpio.o
 .debug_frame   0x0000017c      0x1f8 ATMEGA 32 Drivers/Serial.o
 .debug_frame   0x00000374       0x54 main.o
 .debug_frame   0x000003c8       0x98 RTOS/heap_2.o
 .debug_frame   0x00000460       0x88 RTOS/list.o
 .debug_frame   0x000004e8       0x84 RTOS/port.o
 .debug_frame   0x0000056c      0x3cc RTOS/queue.o
 .debug_frame   0x00000938      0x770 RTOS/tasks.o

.debug_str      0x00000000     0x1b27
 *(.debug_str)
 .debug_str     0x00000000      0x196 C:/Program Files (x86)/Atmel/Studio/7.0/Packs/atmel/ATmega_DFP/1.7.374/gcc/dev/atmega32/avr5/crtatmega32.o
 .debug_str     0x00000196      0x1c8 ATMEGA 32 Drivers/Gpio.o
                                0x224 (size before relaxing)
 .debug_str     0x0000035e      0x13b ATMEGA 32 Drivers/Serial.o
                                0x2bb (size before relaxing)
 .debug_str     0x00000499      0x115 main.o
                                0x2b5 (size before relaxing)
 .debug_str     0x000005ae      0x17f RTOS/heap_2.o
                                0x307 (size before relaxing)
 .debug_str     0x0000072d      0x121 RTOS/list.o
                                0x2be (size before relaxing)
 .debug_str     0x0000084e      0x11b RTOS/port.o
                                0x2b7 (size before relaxing)
 .debug_str     0x00000969      0x685 RTOS/queue.o
                                0x9d4 (size before relaxing)
 .debug_str     0x00000fee      0xb39 RTOS/tasks.o
                               0x108e (size before relaxing)

.debug_loc      0x00000000     0x635c
 *(.debug_loc)
 .debug_loc     0x00000000      0x78c ATMEGA 32 Drivers/Gpio.o
 .debug_loc     0x0000078c      0x768 ATMEGA 32 Drivers/Serial.o
 .debug_loc     0x00000ef4       0x62 main.o
 .debug_loc     0x00000f56      0x2bb RTOS/heap_2.o
 .debug_loc     0x00001211      0x145 RTOS/list.o
 .debug_loc     0x00001356      0x2a0 RTOS/port.o
 .debug_loc     0x000015f6     0x1d7f RTOS/queue.o
 .debug_loc     0x00003375     0x2fe7 RTOS/tasks.o

.debug_macinfo
 *(.debug_macinfo)

.debug_weaknames
 *(.debug_weaknames)

.debug_funcnames
 *(.debug_funcnames)

.debug_typenames
 *(.debug_typenames)

.debug_varnames
 *(.debug_varnames)

.debug_pubtypes
 *(.debug_pubtypes)

.debug_ranges   0x00000000      0x518
 *(.debug_ranges)
 .debug_ranges  0x00000000       0x50 ATMEGA 32 Drivers/Gpio.o
 .debug_ranges  0x00000050       0x80 ATMEGA 32 Drivers/Serial.o
 .debug_ranges  0x000000d0       0x20 main.o
 .debug_ranges  0x000000f0       0x30 RTOS/heap_2.o
 .debug_ranges  0x00000120       0x30 RTOS/list.o
 .debug_ranges  0x00000150       0x40 RTOS/port.o
 .debug_ranges  0x00000190      0x150 RTOS/queue.o
 .debug_ranges  0x000002e0      0x238 RTOS/tasks.o

.debug_macro
 *(.debug_macro)
OUTPUT(RTOS Semaphores.elf elf32-avr)
LOAD linker stubs
