Component: ARM Compiler 5.06 update 6 (build 750) Tool: armlink [4d35ed]

==============================================================================

Section Cross References

    steering_angle.o(i.Backward_1) refers to gpio_program.o(i.GPIO_u8GetPinValue) for GPIO_u8GetPinValue
    steering_angle.o(i.Backward_1) refers to steering_angle.o(.data) for encoder_counter_1
    steering_angle.o(i.Backward_2) refers to gpio_program.o(i.GPIO_u8GetPinValue) for GPIO_u8GetPinValue
    steering_angle.o(i.Backward_2) refers to steering_angle.o(.data) for encoder_counter_2
    steering_angle.o(i.CalculateAngle) refers to dfltll_clz.o(x$fpl$dfltll) for __aeabi_l2d
    steering_angle.o(i.CalculateAngle) refers to dmul.o(x$fpl$dmul) for __aeabi_dmul
    steering_angle.o(i.CalculateAngle) refers to ddiv.o(x$fpl$ddiv) for __aeabi_ddiv
    steering_angle.o(i.CalculateAngle) refers to dfix.o(x$fpl$dfix) for __aeabi_d2iz
    steering_angle.o(i.CalculateAngle) refers to usart_interface.o(i.USART_voidTransmit) for USART_voidTransmit
    steering_angle.o(i.CalculateAngle) refers to steering_angle.o(.data) for encoder_counter_1
    steering_angle.o(i.Forward_1) refers to gpio_program.o(i.GPIO_u8GetPinValue) for GPIO_u8GetPinValue
    steering_angle.o(i.Forward_1) refers to steering_angle.o(.data) for encoder_counter_1
    steering_angle.o(i.Forward_2) refers to gpio_program.o(i.GPIO_u8GetPinValue) for GPIO_u8GetPinValue
    steering_angle.o(i.Forward_2) refers to steering_angle.o(.data) for encoder_counter_2
    steering_angle.o(i.main) refers to steering_angle.o(i.rcc_init) for rcc_init
    steering_angle.o(i.main) refers to exti_program.o(i.EXTI_voidInit) for EXTI_voidInit
    steering_angle.o(i.main) refers to stk_program.o(i.STK_voidInit) for STK_voidInit
    steering_angle.o(i.main) refers to usart_interface.o(i.USART_voidInit) for USART_voidInit
    steering_angle.o(i.main) refers to gpio_program.o(i.GPIO_voidSetPinDirection) for GPIO_voidSetPinDirection
    steering_angle.o(i.main) refers to gpio_program.o(i.GPIO_voidSetPinPull) for GPIO_voidSetPinPull
    steering_angle.o(i.main) refers to afio_program.o(i.MAFIO_voidSetEXTIConfiguration) for MAFIO_voidSetEXTIConfiguration
    steering_angle.o(i.main) refers to exti_program.o(i.EXTI_voidSetCallBack) for EXTI_voidSetCallBack
    steering_angle.o(i.main) refers to exti_program.o(i.EXTI_voidSetSignalLatch) for EXTI_voidSetSignalLatch
    steering_angle.o(i.main) refers to nvic_program.o(i.NVIC_voidEnableInterrupt) for NVIC_voidEnableInterrupt
    steering_angle.o(i.main) refers to stk_program.o(i.STK_voidSetIntervalPeriodic) for STK_voidSetIntervalPeriodic
    steering_angle.o(i.main) refers to steering_angle.o(i.Forward_1) for Forward_1
    steering_angle.o(i.main) refers to steering_angle.o(i.Backward_1) for Backward_1
    steering_angle.o(i.main) refers to steering_angle.o(i.Forward_2) for Forward_2
    steering_angle.o(i.main) refers to steering_angle.o(i.Backward_2) for Backward_2
    steering_angle.o(i.main) refers to steering_angle.o(i.CalculateAngle) for CalculateAngle
    steering_angle.o(i.rcc_init) refers to rcc_interface.o(i.RCC_voidInitSysClock) for RCC_voidInitSysClock
    steering_angle.o(i.rcc_init) refers to rcc_interface.o(i.RCC_voidEnableClock) for RCC_voidEnableClock
    stk_program.o(i.STK_voidDelay_ms) refers to stk_program.o(i.STK_voidSetBusyWait) for STK_voidSetBusyWait
    stk_program.o(i.STK_voidSetIntervalPeriodic) refers to stk_program.o(.data) for STK_CallBack
    stk_program.o(i.STK_voidSetIntervalSingle) refers to stk_program.o(.data) for STK_CallBack
    stk_program.o(i.SysTick_Handler) refers to stk_program.o(.data) for STk_u8ModeOfInterval
    adc_program.o(i.ADC1_2_IRQHandler) refers to nvic_program.o(i.NVIC_voidDisableInterrupt) for NVIC_voidDisableInterrupt
    adc_program.o(i.ADC1_2_IRQHandler) refers to adc_program.o(.data) for g_callBackPtr
    adc_program.o(i.ADC1_voidSetCallBack) refers to adc_program.o(.data) for g_callBackPtr
    adc_program.o(i.ADC_u16ReadChannelPoll) refers to stk_program.o(i.STK_voidDelay_ms) for STK_voidDelay_ms
    adc_program.o(i.ADC_voidInit) refers to stk_program.o(i.STK_voidDelay_ms) for STK_voidDelay_ms
    adc_program.o(i.ADC_voidReadChannelInterrupt) refers to nvic_program.o(i.NVIC_voidEnableInterrupt) for NVIC_voidEnableInterrupt
    adc_program.o(i.ADC_voidReadChannelInterrupt) refers to stk_program.o(i.STK_voidDelay_ms) for STK_voidDelay_ms
    adc_program.o(i.ADC_voidReadChannelInterrupt) refers to nvic_program.o(i.NVIC_voidSetPendingFlag) for NVIC_voidSetPendingFlag
    usart_interface.o(i.USART_voidTransmit) refers to _printf_percent.o(.ARM.Collect$$_printf_percent$$00000000) for _printf_percent
    usart_interface.o(i.USART_voidTransmit) refers to _printf_d.o(.ARM.Collect$$_printf_percent$$00000009) for _printf_d
    usart_interface.o(i.USART_voidTransmit) refers to _printf_dec.o(.text) for _printf_int_dec
[...]
    faddsub_clz.o(x$fpl$fadd) refers to fnaninf.o(x$fpl$fnaninf) for __fpl_fnaninf
    faddsub_clz.o(x$fpl$frsb) refers (Special) to usenofp.o(x$fpl$usenofp) for __I$use$fp
    faddsub_clz.o(x$fpl$frsb) refers to faddsub_clz.o(x$fpl$fadd) for _fadd1
    faddsub_clz.o(x$fpl$frsb) refers to faddsub_clz.o(x$fpl$fsub) for _fsub1
    faddsub_clz.o(x$fpl$fsub) refers (Special) to usenofp.o(x$fpl$usenofp) for __I$use$fp
    faddsub_clz.o(x$fpl$fsub) refers to faddsub_clz.o(x$fpl$fadd) for _fadd1
    faddsub_clz.o(x$fpl$fsub) refers to fnaninf.o(x$fpl$fnaninf) for __fpl_fnaninf
    ffix.o(x$fpl$ffix) refers (Special) to usenofp.o(x$fpl$usenofp) for __I$use$fp
    ffix.o(x$fpl$ffix) refers to fnaninf.o(x$fpl$fnaninf) for __fpl_fnaninf
    ffix.o(x$fpl$ffixr) refers (Special) to usenofp.o(x$fpl$usenofp) for __I$use$fp
    ffix.o(x$fpl$ffixr) refers to fnaninf.o(x$fpl$fnaninf) for __fpl_fnaninf
    fmul.o(x$fpl$fmul) refers (Special) to usenofp.o(x$fpl$usenofp) for __I$use$fp
    fmul.o(x$fpl$fmul) refers to fretinf.o(x$fpl$fretinf) for __fpl_fretinf
    fmul.o(x$fpl$fmul) refers to fnaninf.o(x$fpl$fnaninf) for __fpl_fnaninf
    floor.o(i.__softfp_floor) refers (Special) to usenofp.o(x$fpl$usenofp) for __I$use$fp
    floor.o(i.__softfp_floor) refers to floor.o(i.floor) for floor
    floor.o(i.floor) refers (Special) to usenofp.o(x$fpl$usenofp) for __I$use$fp
    floor.o(i.floor) refers to daddsub_clz.o(x$fpl$dadd) for __aeabi_dadd
    floor.o(i.floor) refers to drleqf.o(x$fpl$drleqf) for __aeabi_cdrcmple
    floor.o(i.floor) refers to daddsub_clz.o(x$fpl$drsb) for __aeabi_drsub
    __rtentry.o(.ARM.Collect$$rtentry$$00000000) refers (Special) to __rtentry2.o(.ARM.Collect$$rtentry$$0000000A) for __rt_entry_li
    __rtentry.o(.ARM.Collect$$rtentry$$00000000) refers (Special) to __rtentry2.o(.ARM.Collect$$rtentry$$0000000D) for __rt_entry_main
    __rtentry.o(.ARM.Collect$$rtentry$$00000000) refers (Special) to __rtentry2.o(.ARM.Collect$$rtentry$$0000000C) for __rt_entry_postli_1
    __rtentry.o(.ARM.Collect$$rtentry$$00000000) refers (Special) to __rtentry2.o(.ARM.Collect$$rtentry$$00000009) for __rt_entry_postsh_1
    __rtentry.o(.ARM.Collect$$rtentry$$00000000) refers (Special) to __rtentry2.o(.ARM.Collect$$rtentry$$00000002) for __rt_entry_presh_1
    __rtentry.o(.ARM.Collect$$rtentry$$00000000) refers (Special) to __rtentry4.o(.ARM.Collect$$rtentry$$00000004) for __rt_entry_sh
    _printf_char_common.o(.text) refers to __printf.o(.text) for __printf
    daddsub_clz.o(x$fpl$dadd) refers (Special) to usenofp.o(x$fpl$usenofp) for __I$use$fp
    daddsub_clz.o(x$fpl$dadd) refers to daddsub_clz.o(x$fpl$dsub) for _dsub1
    daddsub_clz.o(x$fpl$dadd) refers to dretinf.o(x$fpl$dretinf) for __fpl_dretinf
    daddsub_clz.o(x$fpl$dadd) refers to dnaninf.o(x$fpl$dnaninf) for __fpl_dnaninf
    daddsub_clz.o(x$fpl$drsb) refers (Special) to usenofp.o(x$fpl$usenofp) for __I$use$fp
    daddsub_clz.o(x$fpl$drsb) refers to daddsub_clz.o(x$fpl$dadd) for _dadd1
    daddsub_clz.o(x$fpl$drsb) refers to daddsub_clz.o(x$fpl$dsub) for _dsub1
    daddsub_clz.o(x$fpl$dsub) refers (Special) to usenofp.o(x$fpl$usenofp) for __I$use$fp
    daddsub_clz.o(x$fpl$dsub) refers to daddsub_clz.o(x$fpl$dadd) for _dadd1
    daddsub_clz.o(x$fpl$dsub) refers to dnaninf.o(x$fpl$dnaninf) for __fpl_dnaninf
    dnaninf.o(x$fpl$dnaninf) refers (Special) to usenofp.o(x$fpl$usenofp) for __I$use$fp
    dretinf.o(x$fpl$dretinf) refers (Special) to usenofp.o(x$fpl$usenofp) for __I$use$fp
    drleqf.o(x$fpl$drleqf) refers (Special) to usenofp.o(x$fpl$usenofp) for __I$use$fp
    drleqf.o(x$fpl$drleqf) refers to dleqf.o(x$fpl$dleqf) for __fpl_dcmple_InfNaN
    fnaninf.o(x$fpl$fnaninf) refers (Special) to usenofp.o(x$fpl$usenofp) for __I$use$fp
    fretinf.o(x$fpl$fretinf) refers (Special) to usenofp.o(x$fpl$usenofp) for __I$use$fp
    __rtentry2.o(.ARM.Collect$$rtentry$$00000008) refers to boardinit2.o(.text) for _platform_post_stackheap_init
    __rtentry2.o(.ARM.Collect$$rtentry$$0000000A) refers to libinit.o(.ARM.Collect$$libinit$$00000000) for __rt_lib_init
    __rtentry2.o(.ARM.Collect$$rtentry$$0000000B) refers to boardinit3.o(.text) for _platform_post_lib_init
    __rtentry2.o(.ARM.Collect$$rtentry$$0000000D) refers to steering_angle.o(i.main) for main
    __rtentry2.o(.ARM.Collect$$rtentry$$0000000D) refers to exit.o(.text) for exit
    __rtentry2.o(.ARM.exidx) refers to __rtentry2.o(.ARM.Collect$$rtentry$$00000001) for .ARM.Collect$$rtentry$$00000001
    __rtentry2.o(.ARM.exidx) refers to __rtentry2.o(.ARM.Collect$$rtentry$$00000008) for .ARM.Collect$$rtentry$$00000008
    __rtentry2.o(.ARM.exidx) refers to __rtentry2.o(.ARM.Collect$$rtentry$$0000000A) for .ARM.Collect$$rtentry$$0000000A
    __rtentry2.o(.ARM.exidx) refers to __rtentry2.o(.ARM.Collect$$rtentry$$0000000B) for .ARM.Collect$$rtentry$$0000000B
    __rtentry2.o(.ARM.exidx) refers to __rtentry2.o(.ARM.Collect$$rtentry$$0000000D) for .ARM.Collect$$rtentry$$0000000D
    __rtentry4.o(.ARM.Collect$$rtentry$$00000004) refers to sys_stackheap_outer.o(.text) for __user_setup_stackheap
    __rtentry4.o(.ARM.exidx) refers to __rtentry4.o(.ARM.Collect$$rtentry$$00000004) for .ARM.Collect$$rtentry$$00000004
    dleqf.o(x$fpl$dleqf) refers (Special) to usenofp.o(x$fpl$usenofp) for __I$use$fp
    dleqf.o(x$fpl$dleqf) refers to dnaninf.o(x$fpl$dnaninf) for __fpl_dnaninf
    dleqf.o(x$fpl$dleqf) refers to dcmpi.o(x$fpl$dcmpinf) for __fpl_dcmp_Inf
    sys_stackheap_outer.o(.text) refers to libspace.o(.text) for __user_perproc_libspace
    sys_stackheap_outer.o(.text) refers to startup_stm32f10x_md.o(.text) for __user_initial_stackheap
    exit.o(.text) refers to rtexit.o(.ARM.Collect$$rtexit$$00000000) for __rt_exit
    libinit.o(.ARM.Collect$$libinit$$00000000) refers (Special) to libinit2.o(.ARM.Collect$$libinit$$0000002E) for __rt_lib_init_alloca_1
    libinit.o(.ARM.Collect$$libinit$$00000000) refers (Special) to libinit2.o(.ARM.Collect$$libinit$$0000002C) for __rt_lib_init_argv_1
    libinit.o(.ARM.Collect$$libinit$$00000000) refers (Special) to libinit2.o(.ARM.Collect$$libinit$$0000001B) for __rt_lib_init_atexit_1
    libinit.o(.ARM.Collect$$libinit$$00000000) refers (Special) to libinit2.o(.ARM.Collect$$libinit$$00000021) for __rt_lib_init_clock_1
    libinit.o(.ARM.Collect$$libinit$$00000000) refers (Special) to libinit2.o(.ARM.Collect$$libinit$$00000032) for __rt_lib_init_cpp_1
    libinit.o(.ARM.Collect$$libinit$$00000000) refers (Special) to libinit2.o(.ARM.Collect$$libinit$$00000030) for __rt_lib_init_exceptions_1
    libinit.o(.ARM.Collect$$libinit$$00000000) refers (Special) to libinit2.o(.ARM.Collect$$libinit$$00000002) for __rt_lib_init_fp_1
    libinit.o(.ARM.Collect$$libinit$$00000000) refers (Special) to libinit2.o(.ARM.Collect$$libinit$$0000001F) for __rt_lib_init_fp_trap_1
    libinit.o(.ARM.Collect$$libinit$$00000000) refers (Special) to libinit2.o(.ARM.Collect$$libinit$$00000023) for __rt_lib_init_getenv_1
    libinit.o(.ARM.Collect$$libinit$$00000000) refers (Special) to libinit2.o(.ARM.Collect$$libinit$$0000000A) for __rt_lib_init_heap_1
    libinit.o(.ARM.Collect$$libinit$$00000000) refers (Special) to libinit2.o(.ARM.Collect$$libinit$$00000011) for __rt_lib_init_lc_collate_1
    libinit.o(.ARM.Collect$$libinit$$00000000) refers (Special) to libinit2.o(.ARM.Collect$$libinit$$00000013) for __rt_lib_init_lc_ctype_1
    libinit.o(.ARM.Collect$$libinit$$00000000) refers (Special) to libinit2.o(.ARM.Collect$$libinit$$00000015) for __rt_lib_init_lc_monetary_1
    libinit.o(.ARM.Collect$$libinit$$00000000) refers (Special) to libinit2.o(.ARM.Collect$$libinit$$00000017) for __rt_lib_init_lc_numeric_1
    libinit.o(.ARM.Collect$$libinit$$00000000) refers (Special) to libinit2.o(.ARM.Collect$$libinit$$00000019) for __rt_lib_init_lc_time_1
    libinit.o(.ARM.Collect$$libinit$$00000000) refers (Special) to libinit2.o(.ARM.Collect$$libinit$$00000004) for __rt_lib_init_preinit_1
    libinit.o(.ARM.Collect$$libinit$$00000000) refers (Special) to libinit2.o(.ARM.Collect$$libinit$$0000000E) for __rt_lib_init_rand_1
    libinit.o(.ARM.Collect$$libinit$$00000000) refers (Special) to libinit2.o(.ARM.Collect$$libinit$$00000033) for __rt_lib_init_return
    libinit.o(.ARM.Collect$$libinit$$00000000) refers (Special) to libinit2.o(.ARM.Collect$$libinit$$0000001D) for __rt_lib_init_signal_1
    libinit.o(.ARM.Collect$$libinit$$00000000) refers (Special) to libinit2.o(.ARM.Collect$$libinit$$00000025) for __rt_lib_init_stdio_1
    libinit.o(.ARM.Collect$$libinit$$00000000) refers (Special) to libinit2.o(.ARM.Collect$$libinit$$0000000C) for __rt_lib_init_user_alloc_1
    dcmpi.o(x$fpl$dcmpinf) refers (Special) to usenofp.o(x$fpl$usenofp) for __I$use$fp
    libspace.o(.text) refers to libspace.o(.bss) for __libspace_start
    rtexit.o(.ARM.Collect$$rtexit$$00000000) refers (Special) to rtexit2.o(.ARM.Collect$$rtexit$$00000004) for __rt_exit_exit
    rtexit.o(.ARM.Collect$$rtexit$$00000000) refers (Special) to rtexit2.o(.ARM.Collect$$rtexit$$00000003) for __rt_exit_ls
    rtexit.o(.ARM.Collect$$rtexit$$00000000) refers (Special) to rtexit2.o(.ARM.Collect$$rtexit$$00000002) for __rt_exit_prels_1
    rtexit.o(.ARM.exidx) refers (Special) to rtexit2.o(.ARM.Collect$$rtexit$$00000004) for __rt_exit_exit
    rtexit.o(.ARM.exidx) refers (Special) to rtexit2.o(.ARM.Collect$$rtexit$$00000003) for __rt_exit_ls
    rtexit.o(.ARM.exidx) refers (Special) to rtexit2.o(.ARM.Collect$$rtexit$$00000002) for __rt_exit_prels_1
    rtexit.o(.ARM.exidx) refers to rtexit.o(.ARM.Collect$$rtexit$$00000000) for .ARM.Collect$$rtexit$$00000000
    libinit2.o(.ARM.Collect$$libinit$$00000010) refers to libinit2.o(.ARM.Collect$$libinit$$0000000F) for .ARM.Collect$$libinit$$0000000F
    libinit2.o(.ARM.Collect$$libinit$$00000012) refers to libinit2.o(.ARM.Collect$$libinit$$0000000F) for .ARM.Collect$$libinit$$0000000F
    libinit2.o(.ARM.Collect$$libinit$$00000014) refers to libinit2.o(.ARM.Collect$$libinit$$0000000F) for .ARM.Collect$$libinit$$0000000F
    libinit2.o(.ARM.Collect$$libinit$$00000016) refers to libinit2.o(.ARM.Collect$$libinit$$0000000F) for .ARM.Collect$$libinit$$0000000F
    libinit2.o(.ARM.Collect$$libinit$$00000018) refers to libinit2.o(.ARM.Collect$$libinit$$0000000F) for .ARM.Collect$$libinit$$0000000F
    libinit2.o(.ARM.Collect$$libinit$$00000026) refers to argv_veneer.o(.emb_text) for __ARM_argv_veneer
    libinit2.o(.ARM.Collect$$libinit$$00000027) refers to argv_veneer.o(.emb_text) for __ARM_argv_veneer
    rtexit2.o(.ARM.Collect$$rtexit$$00000003) refers to libshutdown.o(.ARM.Collect$$libshutdown$$00000000) for __rt_lib_shutdown
    rtexit2.o(.ARM.Collect$$rtexit$$00000004) refers to sys_exit.o(.text) for _sys_exit
    rtexit2.o(.ARM.exidx) refers to rtexit2.o(.ARM.Collect$$rtexit$$00000001) for .ARM.Collect$$rtexit$$00000001
    rtexit2.o(.ARM.exidx) refers to rtexit2.o(.ARM.Collect$$rtexit$$00000003) for .ARM.Collect$$rtexit$$00000003
    rtexit2.o(.ARM.exidx) refers to rtexit2.o(.ARM.Collect$$rtexit$$00000004) for .ARM.Collect$$rtexit$$00000004
    argv_veneer.o(.emb_text) refers to no_argv.o(.text) for __ARM_get_argv
    sys_exit.o(.text) refers (Special) to use_no_semi.o(.text) for __I$use$semihosting
    sys_exit.o(.text) refers (Special) to indicate_semi.o(.text) for __semihosting_library_function
    _get_argv_nomalloc.o(.text) refers (Special) to hrguard.o(.text) for __heap_region$guard
    _get_argv_nomalloc.o(.text) refers to defsig_rtmem_outer.o(.text) for __rt_SIGRTMEM
    _get_argv_nomalloc.o(.text) refers to sys_command.o(.text) for _sys_command_string
    libshutdown.o(.ARM.Collect$$libshutdown$$00000000) refers (Special) to libshutdown2.o(.ARM.Collect$$libshutdown$$00000002) for __rt_lib_shutdown_cpp_1
    libshutdown.o(.ARM.Collect$$libshutdown$$00000000) refers (Special) to libshutdown2.o(.ARM.Collect$$libshutdown$$00000007) for __rt_lib_shutdown_fp_trap_1
    libshutdown.o(.ARM.Collect$$libshutdown$$00000000) refers (Special) to libshutdown2.o(.ARM.Collect$$libshutdown$$0000000F) for __rt_lib_shutdown_heap_1
    libshutdown.o(.ARM.Collect$$libshutdown$$00000000) refers (Special) to libshutdown2.o(.ARM.Collect$$libshutdown$$00000010) for __rt_lib_shutdown_return
    libshutdown.o(.ARM.Collect$$libshutdown$$00000000) refers (Special) to libshutdown2.o(.ARM.Collect$$libshutdown$$0000000A) for __rt_lib_shutdown_signal_1
    libshutdown.o(.ARM.Collect$$libshutdown$$00000000) refers (Special) to libshutdown2.o(.ARM.Collect$$libshutdown$$00000004) for __rt_lib_shutdown_stdio_1
    libshutdown.o(.ARM.Collect$$libshutdown$$00000000) refers (Special) to libshutdown2.o(.ARM.Collect$$libshutdown$$0000000C) for __rt_lib_shutdown_user_alloc_1
    sys_command.o(.text) refers (Special) to use_no_semi.o(.text) for __I$use$semihosting
    sys_command.o(.text) refers (Special) to indicate_semi.o(.text) for __semihosting_library_function
    defsig_rtmem_outer.o(.text) refers to defsig_rtmem_inner.o(.text) for __rt_SIGRTMEM_inner
    defsig_rtmem_outer.o(.text) refers to defsig_exit.o(.text) for __sig_exit
    defsig_rtmem_formal.o(.text) refers to rt_raise.o(.text) for __rt_raise
    rt_raise.o(.text) refers to __raise.o(.text) for __raise
    rt_raise.o(.text) refers to sys_exit.o(.text) for _sys_exit
    defsig_exit.o(.text) refers to sys_exit.o(.text) for _sys_exit
    defsig_rtmem_inner.o(.text) refers to defsig_general.o(.text) for __default_signal_display
    __raise.o(.text) refers to defsig.o(CL$$defsig) for __default_signal_handler
    defsig_general.o(.text) refers to sys_wrch.o(.text) for _ttywrch
    sys_wrch.o(.text) refers (Special) to use_no_semi.o(.text) for __I$use$semihosting
    sys_wrch.o(.text) refers (Special) to indicate_semi.o(.text) for __semihosting_library_function
    defsig.o(CL$$defsig) refers to defsig_rtmem_inner.o(.text) for __rt_SIGRTMEM_inner
    defsig_abrt_inner.o(.text) refers to defsig_general.o(.text) for __default_signal_display
    defsig_fpe_inner.o(.text) refers to defsig_general.o(.text) for __default_signal_display
    defsig_rtred_inner.o(.text) refers to defsig_general.o(.text) for __default_signal_display
    defsig_stak_inner.o(.text) refers to defsig_general.o(.text) for __default_signal_display
    defsig_pvfn_inner.o(.text) refers to defsig_general.o(.text) for __default_signal_display
    defsig_cppl_inner.o(.text) refers to defsig_general.o(.text) for __default_signal_display
    defsig_segv_inner.o(.text) refers to defsig_general.o(.text) for __default_signal_display
    defsig_other.o(.text) refers to defsig_general.o(.text) for __default_signal_display


==============================================================================

Removing Unused input sections from the image.

    Removing rcc_interface.o(i.RCC_voidDisableClock), (72 bytes).
    Removing gpio_program.o(i.GPIO_voidSetPinValue), (156 bytes).
    Removing gpio_program.o(i.GPIO_voidTogglePinValue), (80 bytes).
    Removing pwm_interface.o(i.PWM_voidSetPinDirection), (2096 bytes).
    Removing pwm_interface.o(i.PWM_voidWrite), (216 bytes).
    Removing nvic_program.o(i.NVIC_u8GetActiveFlag), (48 bytes).
    Removing nvic_program.o(i.NVIC_voidClearPendingFlag), (40 bytes).
    Removing nvic_program.o(i.NVIC_voidSetPendingFlag), (40 bytes).
    Removing nvic_program.o(i.NVIC_voidSetPrioity), (40 bytes).
    Removing stk_program.o(i.STK_u32GetElapedTime), (16 bytes).
    Removing stk_program.o(i.STK_u32GetRemainingTime), (8 bytes).
    Removing stk_program.o(i.STK_voidDelay_ms), (18 bytes).
    Removing stk_program.o(i.STK_voidSetBusyWait), (58 bytes).
    Removing stk_program.o(i.STK_voidSetIntervalSingle), (56 bytes).
    Removing stk_program.o(i.STK_voidStartTimer), (20 bytes).
    Removing stk_program.o(i.STK_voidStopInterval), (34 bytes).
    Removing stk_program.o(i.STK_voidStopTimer), (24 bytes).
    Removing adc_program.o(i.ADC1_voidSetCallBack), (12 bytes).
    Removing adc_program.o(i.ADC_u16ReadChannelPoll), (2212 bytes).
    Removing adc_program.o(i.ADC_u16ReturnValue), (12 bytes).
    Removing adc_program.o(i.ADC_voidInit), (64 bytes).
    Removing adc_program.o(i.ADC_voidReadChannelInterrupt), (2060 bytes).
    Removing usart_interface.o(i.USART_charReceive), (140 bytes).
    Removing usart_interface.o(i.USART_voidReceiveString), (332 bytes).
    Removing usart_interface.o(i.USART_voidReceiveStringUntil), (344 bytes).
    Removing afio_program.o(i.AFIO_voidRemapPeripheralPins), (232 bytes).
    Removing afio_program.o(i.AFIO_voidSetEXTIConfiguration), (80 bytes).
    Removing spi_prog.o(i.MSPI1_voidSetCallBack), (12 bytes).
    Removing spi_prog.o(i.MSPI2_voidSetCallBack), (12 bytes).
    Removing spi_prog.o(i.MSPI_u8RecieveByte), (100 bytes).
    Removing spi_prog.o(i.MSPI_u8ReturnData), (40 bytes).
    Removing spi_prog.o(i.MSPI_voidInit), (496 bytes).
    Removing spi_prog.o(i.MSPI_voidInterruptInit), (92 bytes).
    Removing spi_prog.o(i.MSPI_voidLoadData), (32 bytes).
    Removing spi_prog.o(i.MSPI_voidRecieveString), (88 bytes).
    Removing spi_prog.o(i.MSPI_voidSendByte), (64 bytes).
    Removing spi_prog.o(i.MSPI_voidSendString), (64 bytes).
    Removing spi_prog.o(i.MSPI_voidTransferDataU8), (104 bytes).
    Removing dma.o(i.MDMA1_VidClearFlag), (28 bytes).
    Removing dma.o(i.MDMA1_VidDMADisable), (32 bytes).
    Removing dma.o(i.MDMA1_VidDMAEnable), (68 bytes).
    Removing dma.o(i.MDMA1_VidInerruptEnable), (36 bytes).
    Removing dma.o(i.MDMA1_VidSetAddress), (44 bytes).
    Removing dma.o(i.MDMA1_VidSetCallBackChannel7), (12 bytes).
    Removing dma.o(i.MDMA1_VidSetConfiguration), (932 bytes).
    Removing dma.o(i.MDMA1_u8GetFlag), (28 bytes).
    Removing i2c_program.o(i.I2C_clk_init), (76 bytes).
    Removing i2c_program.o(i.I2C_configure_ccr), (88 bytes).
    Removing i2c_program.o(i.I2C_disable_peripheral), (24 bytes).
    Removing i2c_program.o(i.I2C_enable_peripheral), (24 bytes).
    Removing i2c_program.o(i.I2C_generate_start_condition), (52 bytes).
    Removing i2c_program.o(i.I2C_generate_stop_condition), (52 bytes).
    Removing i2c_program.o(i.I2C_init), (136 bytes).
    Removing i2c_program.o(i.I2C_manage_ack), (44 bytes).
    Removing i2c_program.o(i.I2C_manage_clock_stretch), (44 bytes).
    Removing i2c_program.o(i.I2C_master_rx), (480 bytes).
    Removing i2c_program.o(i.I2C_master_tx), (216 bytes).
    Removing i2c_program.o(i.I2C_rest_peripheral), (40 bytes).
    Removing i2c_program.o(i.I2C_rise_time_configuration), (72 bytes).
    Removing i2c_program.o(i.I2C_send_addr_first), (32 bytes).
    Removing i2c_program.o(i.I2C_set_addressing_mode), (44 bytes).
    Removing i2c_program.o(i.I2C_set_clk_mode), (44 bytes).
    Removing i2c_program.o(i.I2C_set_fm_mode_duty_cycle), (44 bytes).
    Removing i2c_program.o(i.I2C_set_own_address1), (40 bytes).
    Removing i2c_program.o(i.I2C_slave_Check_StopBit), (60 bytes).
    Removing i2c_program.o(i.I2C_slave_rx), (140 bytes).
    Removing i2c_program.o(i.I2C_slave_tx), (168 bytes).
    Removing i2c_program.o(i.clear_addr_flag), (24 bytes).
    Removing i2c_program.o(i.clear_stop_flag), (32 bytes).
    Removing i2c_program.o(i.i2c_wait_untill_addr_set), (24 bytes).
    Removing i2c_program.o(i.i2c_wait_untill_sb_set), (24 bytes).
    Removing i2c_program.o(i.is_bus_busy), (24 bytes).
    Removing i2c_program.o(.data), (4 bytes).
    Removing esp8266_program.o(i.ESP8266_u8ValidateCmd), (104 bytes).
    Removing esp8266_program.o(i.ESP8266_voidClearBuffer), (36 bytes).
    Removing esp8266_program.o(i.ESP8266_voidConnectToWiFi), (336 bytes).
    Removing esp8266_program.o(i.ESP8266_voidConnectToserver), (288 bytes).
    Removing esp8266_program.o(i.ESP8266_voidDebugOutput), (20 bytes).
    Removing esp8266_program.o(i.ESP8266_voidInit), (144 bytes).
    Removing esp8266_program.o(i.ESP8266_voidRecieveData), (228 bytes).
    Removing esp8266_program.o(i.ESP8266_voidResetESP), (44 bytes).
    Removing esp8266_program.o(i.ESP8266_voidSendCmd), (38 bytes).
    Removing esp8266_program.o(i.ESP8266_voidSendData), (52 bytes).
    Removing esp8266_program.o(i.ESP8266_voidSendDataLength), (92 bytes).
    Removing esp8266_program.o(i.ESP8266_voidSendDataURL), (80 bytes).
    Removing esp8266_program.o(.bss), (200 bytes).
    Removing esp8266_program.o(.data), (2 bytes).
    Removing exti_program.o(i.EXTI_voidDisableEXTI), (20 bytes).
    Removing exti_program.o(i.EXTI_voidEnableEXTI), (20 bytes).
    Removing exti_program.o(i.EXTI_voidSoftWareTrigger), (20 bytes).
    Removing system_stm32f10x.o(.rev16_text), (4 bytes).
    Removing system_stm32f10x.o(.revsh_text), (4 bytes).
    Removing system_stm32f10x.o(.rrx_text), (6 bytes).
    Removing system_stm32f10x.o(i.SystemCoreClockUpdate), (164 bytes).
    Removing system_stm32f10x.o(.data), (20 bytes).

95 unused section(s) (total 14768 bytes) removed from the image.

==============================================================================

Image Symbol Table

    Local Symbols

    Symbol Name                              Value     Ov Type        Size  Object(Section)

    ../clib/angel/boardlib.s                 0x00000000   Number         0  boardshut.o ABSOLUTE
    ../clib/angel/boardlib.s                 0x00000000   Number         0  boardinit1.o ABSOLUTE
    ../clib/angel/boardlib.s                 0x00000000   Number         0  boardinit3.o ABSOLUTE
    ../clib/angel/boardlib.s                 0x00000000   Number         0  boardinit2.o ABSOLUTE
    ../clib/angel/handlers.s                 0x00000000   Number         0  __scatter_zi.o ABSOLUTE
    ../clib/angel/handlers.s                 0x00000000   Number         0  __scatter_copy.o ABSOLUTE
    ../clib/angel/kernel.s                   0x00000000   Number         0  __rtentry2.o ABSOLUTE
    ../clib/angel/kernel.s                   0x00000000   Number         0  __rtentry4.o ABSOLUTE
    ../clib/angel/kernel.s                   0x00000000   Number         0  rtexit.o ABSOLUTE
    ../clib/angel/kernel.s                   0x00000000   Number         0  __rtentry.o ABSOLUTE
    ../clib/angel/kernel.s                   0x00000000   Number         0  rtexit2.o ABSOLUTE
    ../clib/angel/rt.s                       0x00000000   Number         0  rt_raise.o ABSOLUTE
    ../clib/angel/scatter.s                  0x00000000   Number         0  __scatter.o ABSOLUTE
    ../clib/angel/startup.s                  0x00000000   Number         0  __main.o ABSOLUTE
    ../clib/angel/sys.s                      0x00000000   Number         0  use_no_semi.o ABSOLUTE
    ../clib/angel/sys.s                      0x00000000   Number         0  indicate_semi.o ABSOLUTE
    ../clib/angel/sys.s                      0x00000000   Number         0  sys_stackheap_outer.o ABSOLUTE
    ../clib/angel/sys.s                      0x00000000   Number         0  libspace.o ABSOLUTE
    ../clib/angel/sysapp.c                   0x00000000   Number         0  sys_command.o ABSOLUTE
    ../clib/angel/sysapp.c                   0x00000000   Number         0  sys_wrch.o ABSOLUTE
    ../clib/angel/sysapp.c                   0x00000000   Number         0  sys_exit.o ABSOLUTE
    ../clib/armsys.c                         0x00000000   Number         0  _get_argv_nomalloc.o ABSOLUTE
    ../clib/armsys.c                         0x00000000   Number         0  no_argv.o ABSOLUTE
    ../clib/armsys.c                         0x00000000   Number         0  argv_veneer.o ABSOLUTE
    ../clib/armsys.c                         0x00000000   Number         0  argv_veneer.o ABSOLUTE
    ../clib/heapalloc.c                      0x00000000   Number         0  hrguard.o ABSOLUTE
    ../clib/heapaux.c                        0x00000000   Number         0  heapauxi.o ABSOLUTE
    ../clib/libinit.s                        0x00000000   Number         0  libshutdown.o ABSOLUTE
    ../clib/libinit.s                        0x00000000   Number         0  libinit.o ABSOLUTE
    ../clib/libinit.s                        0x00000000   Number         0  libinit2.o ABSOLUTE
    ../clib/libinit.s                        0x00000000   Number         0  libshutdown2.o ABSOLUTE
    ../clib/memcpset.s                       0x00000000   Number         0  rt_memclr_w.o ABSOLUTE
    ../clib/printf.c                         0x00000000   Number         0  _printf_char_common.o ABSOLUTE
    ../clib/printf.c                         0x00000000   Number         0  _printf_dec.o ABSOLUTE
    ../clib/printf.c                         0x00000000   Number         0  _printf_intcommon.o ABSOLUTE
    ../clib/printf.c                         0x00000000   Number         0  __printf.o ABSOLUTE
    ../clib/printf.c                         0x00000000   Number         0  noretval__2sprintf.o ABSOLUTE
    ../clib/printf.c                         0x00000000   Number         0  _sputc.o ABSOLUTE
    ../clib/printf.c                         0x00000000   Number         0  __printf_nopercent.o ABSOLUTE
    ../clib/printf.c                         0x00000000   Number         0  __printf_ss_wp.o ABSOLUTE
    ../clib/printf.c                         0x00000000   Number         0  __printf_flags_wp.o ABSOLUTE
    ../clib/printf.c                         0x00000000   Number         0  __printf_flags_ss_wp.o ABSOLUTE
    ../clib/printf.c                         0x00000000   Number         0  __printf_wp.o ABSOLUTE
    ../clib/printf.c                         0x00000000   Number         0  __printf_flags_ss.o ABSOLUTE
    ../clib/printf.c                         0x00000000   Number         0  __printf_ss.o ABSOLUTE
    ../clib/printf.c                         0x00000000   Number         0  __printf_flags.o ABSOLUTE
    ../clib/printf.c                         0x00000000   Number         0  __2sprintf.o ABSOLUTE
    ../clib/printf_percent.s                 0x00000000   Number         0  _printf_percent.o ABSOLUTE
    ../clib/printf_percent.s                 0x00000000   Number         0  _printf_percent_end.o ABSOLUTE
    ../clib/printf_percent.s                 0x00000000   Number         0  _printf_d.o ABSOLUTE
    ../clib/signal.c                         0x00000000   Number         0  defsig_exit.o ABSOLUTE
    ../clib/signal.c                         0x00000000   Number         0  defsig_stak_inner.o ABSOLUTE
    ../clib/signal.c                         0x00000000   Number         0  defsig_pvfn_inner.o ABSOLUTE
    ../clib/signal.c                         0x00000000   Number         0  defsig_rtmem_inner.o ABSOLUTE
    ../clib/signal.c                         0x00000000   Number         0  __raise.o ABSOLUTE
    ../clib/signal.c                         0x00000000   Number         0  defsig_rtmem_formal.o ABSOLUTE
    ../clib/signal.c                         0x00000000   Number         0  defsig_general.o ABSOLUTE
    ../clib/signal.c                         0x00000000   Number         0  defsig_rtmem_outer.o ABSOLUTE
    ../clib/signal.c                         0x00000000   Number         0  defsig_abrt_inner.o ABSOLUTE
    ../clib/signal.c                         0x00000000   Number         0  defsig_fpe_inner.o ABSOLUTE
    ../clib/signal.c                         0x00000000   Number         0  defsig_other.o ABSOLUTE
    ../clib/signal.c                         0x00000000   Number         0  defsig_segv_inner.o ABSOLUTE
    ../clib/signal.c                         0x00000000   Number         0  defsig_rtred_inner.o ABSOLUTE
    ../clib/signal.c                         0x00000000   Number         0  defsig_cppl_inner.o ABSOLUTE
    ../clib/signal.s                         0x00000000   Number         0  defsig.o ABSOLUTE
    ../clib/stdlib.c                         0x00000000   Number         0  exit.o ABSOLUTE
    ../clib/string.c                         0x00000000   Number         0  strcat.o ABSOLUTE
    ../fplib/d2f.s                           0x00000000   Number         0  d2f.o ABSOLUTE
    ../fplib/daddsub.s                       0x00000000   Number         0  daddsub_clz.o ABSOLUTE
    ../fplib/dcmpi.s                         0x00000000   Number         0  dcmpi.o ABSOLUTE
    ../fplib/ddiv.s                          0x00000000   Number         0  ddiv.o ABSOLUTE
    ../fplib/dfix.s                          0x00000000   Number         0  dfix.o ABSOLUTE
    ../fplib/dfltll.s                        0x00000000   Number         0  dfltll_clz.o ABSOLUTE
    ../fplib/dleqf.s                         0x00000000   Number         0  dleqf.o ABSOLUTE
    ../fplib/dmul.s                          0x00000000   Number         0  dmul.o ABSOLUTE
    ../fplib/dnaninf.s                       0x00000000   Number         0  dnaninf.o ABSOLUTE
    ../fplib/dretinf.s                       0x00000000   Number         0  dretinf.o ABSOLUTE
    ../fplib/drleqf.s                        0x00000000   Number         0  drleqf.o ABSOLUTE
    ../fplib/f2d.s                           0x00000000   Number         0  f2d.o ABSOLUTE
    ../fplib/faddsub.s                       0x00000000   Number         0  faddsub_clz.o ABSOLUTE
    ../fplib/ffix.s                          0x00000000   Number         0  ffix.o ABSOLUTE
    ../fplib/fmul.s                          0x00000000   Number         0  fmul.o ABSOLUTE
    ../fplib/fnaninf.s                       0x00000000   Number         0  fnaninf.o ABSOLUTE
    ../fplib/fpinit.s                        0x00000000   Number         0  fpinit.o ABSOLUTE
    ../fplib/fretinf.s                       0x00000000   Number         0  fretinf.o ABSOLUTE
    ../fplib/usenofp.s                       0x00000000   Number         0  usenofp.o ABSOLUTE
    ../mathlib/floor.c                       0x00000000   Number         0  floor.o ABSOLUTE
    ADC_program.c                            0x00000000   Number         0  adc_program.o ABSOLUTE
    AFIO_program.c                           0x00000000   Number         0  afio_program.o ABSOLUTE
    DMA.c                                    0x00000000   Number         0  dma.o ABSOLUTE
    ESP8266_program.c                        0x00000000   Number         0  esp8266_program.o ABSOLUTE
    EXTI_program.c                           0x00000000   Number         0  exti_program.o ABSOLUTE
    GPIO_program.c                           0x00000000   Number         0  gpio_program.o ABSOLUTE
    I2C_program.c                            0x00000000   Number         0  i2c_program.o ABSOLUTE
    NVIC_program.c                           0x00000000   Number         0  nvic_program.o ABSOLUTE
    PWM_INTERFACE.c                          0x00000000   Number         0  pwm_interface.o ABSOLUTE
    RCC_INTERFACE.c                          0x00000000   Number         0  rcc_interface.o ABSOLUTE
    RTE\Device\STM32F103C8\startup_stm32f10x_md.s 0x00000000   Number         0  startup_stm32f10x_md.o ABSOLUTE
    RTE\Device\STM32F103C8\system_stm32f10x.c 0x00000000   Number         0  system_stm32f10x.o ABSOLUTE
    RTE\\Device\\STM32F103C8\\system_stm32f10x.c 0x00000000   Number         0  system_stm32f10x.o ABSOLUTE
    SPI_PROG.c                               0x00000000   Number         0  spi_prog.o ABSOLUTE
    STK_program.c                            0x00000000   Number         0  stk_program.o ABSOLUTE
    Steering_angle.c                         0x00000000   Number         0  steering_angle.o ABSOLUTE
    USART_INTERFACE.c                        0x00000000   Number         0  usart_interface.o ABSOLUTE
    dc.s                                     0x00000000   Number         0  dc.o ABSOLUTE
    RESET                                    0x08000000   Section      236  startup_stm32f10x_md.o(RESET)
    !!!main                                  0x080000ec   Section        8  __main.o(!!!main)
    !!!scatter                               0x080000f4   Section       52  __scatter.o(!!!scatter)
    !!handler_copy                           0x08000128   Section       26  __scatter_copy.o(!!handler_copy)
    !!handler_zi                             0x08000144   Section       28  __scatter_zi.o(!!handler_zi)
    .ARM.Collect$$_printf_percent$$00000000  0x08000160   Section        0  _printf_percent.o(.ARM.Collect$$_printf_percent$$00000000)
    .ARM.Collect$$_printf_percent$$00000009  0x08000160   Section        6  _printf_d.o(.ARM.Collect$$_printf_percent$$00000009)
    .ARM.Collect$$_printf_percent$$00000017  0x08000166   Section        4  _printf_percent_end.o(.ARM.Collect$$_printf_percent$$00000017)
    .ARM.Collect$$libinit$$00000000          0x0800016a   Section        2  libinit.o(.ARM.Collect$$libinit$$00000000)
    .ARM.Collect$$libinit$$00000002          0x0800016c   Section        0  libinit2.o(.ARM.Collect$$libinit$$00000002)
    .ARM.Collect$$libinit$$00000004          0x0800016c   Section        0  libinit2.o(.ARM.Collect$$libinit$$00000004)
    .ARM.Collect$$libinit$$0000000A          0x0800016c   Section        0  libinit2.o(.ARM.Collect$$libinit$$0000000A)
    .ARM.Collect$$libinit$$0000000C          0x0800016c   Section        0  libinit2.o(.ARM.Collect$$libinit$$0000000C)
    .ARM.Collect$$libinit$$0000000E          0x0800016c   Section        0  libinit2.o(.ARM.Collect$$libinit$$0000000E)
    .ARM.Collect$$libinit$$00000011          0x0800016c   Section        0  libinit2.o(.ARM.Collect$$libinit$$00000011)
    .ARM.Collect$$libinit$$00000013          0x0800016c   Section        0  libinit2.o(.ARM.Collect$$libinit$$00000013)
    .ARM.Collect$$libinit$$00000015          0x0800016c   Section        0  libinit2.o(.ARM.Collect$$libinit$$00000015)
    .ARM.Collect$$libinit$$00000017          0x0800016c   Section        0  libinit2.o(.ARM.Collect$$libinit$$00000017)
    .ARM.Collect$$libinit$$00000019          0x0800016c   Section        0  libinit2.o(.ARM.Collect$$libinit$$00000019)
    .ARM.Collect$$libinit$$0000001B          0x0800016c   Section        0  libinit2.o(.ARM.Collect$$libinit$$0000001B)
    .ARM.Collect$$libinit$$0000001D          0x0800016c   Section        0  libinit2.o(.ARM.Collect$$libinit$$0000001D)
    .ARM.Collect$$libinit$$0000001F          0x0800016c   Section        0  libinit2.o(.ARM.Collect$$libinit$$0000001F)
    .ARM.Collect$$libinit$$00000021          0x0800016c   Section        0  libinit2.o(.ARM.Collect$$libinit$$00000021)
    .ARM.Collect$$libinit$$00000023          0x0800016c   Section        0  libinit2.o(.ARM.Collect$$libinit$$00000023)
    .ARM.Collect$$libinit$$00000025          0x0800016c   Section        0  libinit2.o(.ARM.Collect$$libinit$$00000025)
    .ARM.Collect$$libinit$$0000002C          0x0800016c   Section        0  libinit2.o(.ARM.Collect$$libinit$$0000002C)
    .ARM.Collect$$libinit$$0000002E          0x0800016c   Section        0  libinit2.o(.ARM.Collect$$libinit$$0000002E)
    .ARM.Collect$$libinit$$00000030          0x0800016c   Section        0  libinit2.o(.ARM.Collect$$libinit$$00000030)
    .ARM.Collect$$libinit$$00000032          0x0800016c   Section        0  libinit2.o(.ARM.Collect$$libinit$$00000032)
    .ARM.Collect$$libinit$$00000033          0x0800016c   Section        2  libinit2.o(.ARM.Collect$$libinit$$00000033)
    .ARM.Collect$$libshutdown$$00000000      0x0800016e   Section        2  libshutdown.o(.ARM.Collect$$libshutdown$$00000000)
    .ARM.Collect$$libshutdown$$00000002      0x08000170   Section        0  libshutdown2.o(.ARM.Collect$$libshutdown$$00000002)
    .ARM.Collect$$libshutdown$$00000004      0x08000170   Section        0  libshutdown2.o(.ARM.Collect$$libshutdown$$00000004)
    .ARM.Collect$$libshutdown$$00000007      0x08000170   Section        0  libshutdown2.o(.ARM.Collect$$libshutdown$$00000007)
    .ARM.Collect$$libshutdown$$0000000A      0x08000170   Section        0  libshutdown2.o(.ARM.Collect$$libshutdown$$0000000A)
    .ARM.Collect$$libshutdown$$0000000C      0x08000170   Section        0  libshutdown2.o(.ARM.Collect$$libshutdown$$0000000C)
    .ARM.Collect$$libshutdown$$0000000F      0x08000170   Section        0  libshutdown2.o(.ARM.Collect$$libshutdown$$0000000F)
    .ARM.Collect$$libshutdown$$00000010      0x08000170   Section        2  libshutdown2.o(.ARM.Collect$$libshutdown$$00000010)
    .ARM.Collect$$rtentry$$00000000          0x08000172   Section        0  __rtentry.o(.ARM.Collect$$rtentry$$00000000)
    .ARM.Collect$$rtentry$$00000002          0x08000172   Section        0  __rtentry2.o(.ARM.Collect$$rtentry$$00000002)
    .ARM.Collect$$rtentry$$00000004          0x08000172   Section        6  __rtentry4.o(.ARM.Collect$$rtentry$$00000004)
    .ARM.Collect$$rtentry$$00000009          0x08000178   Section        0  __rtentry2.o(.ARM.Collect$$rtentry$$00000009)
    .ARM.Collect$$rtentry$$0000000A          0x08000178   Section        4  __rtentry2.o(.ARM.Collect$$rtentry$$0000000A)
    .ARM.Collect$$rtentry$$0000000C          0x0800017c   Section        0  __rtentry2.o(.ARM.Collect$$rtentry$$0000000C)
    .ARM.Collect$$rtentry$$0000000D          0x0800017c   Section        8  __rtentry2.o(.ARM.Collect$$rtentry$$0000000D)
    .ARM.Collect$$rtexit$$00000000           0x08000184   Section        2  rtexit.o(.ARM.Collect$$rtexit$$00000000)
    .ARM.Collect$$rtexit$$00000002           0x08000186   Section        0  rtexit2.o(.ARM.Collect$$rtexit$$00000002)
    .ARM.Collect$$rtexit$$00000003           0x08000186   Section        4  rtexit2.o(.ARM.Collect$$rtexit$$00000003)
    .ARM.Collect$$rtexit$$00000004           0x0800018a   Section        6  rtexit2.o(.ARM.Collect$$rtexit$$00000004)
    .text                                    0x08000190   Section       64  startup_stm32f10x_md.o(.text)
    .text                                    0x080001d0   Section        0  noretval__2sprintf.o(.text)
    .text                                    0x080001f8   Section        0  __printf.o(.text)
    .text                                    0x08000260   Section        0  _printf_dec.o(.text)
    .text                                    0x080002d8   Section        0  heapauxi.o(.text)
    .text                                    0x080002de   Section        0  _printf_intcommon.o(.text)
    .text                                    0x08000390   Section        0  _printf_char_common.o(.text)
    _printf_input_char                       0x08000391   Thumb Code    10  _printf_char_common.o(.text)
    .text                                    0x080003c0   Section        0  _sputc.o(.text)
    .text                                    0x080003ca   Section       74  sys_stackheap_outer.o(.text)
    .text                                    0x08000414   Section        0  exit.o(.text)
    .text                                    0x08000428   Section        8  libspace.o(.text)
    .text                                    0x08000430   Section        0  sys_exit.o(.text)
    .text                                    0x0800043c   Section        2  use_no_semi.o(.text)
    .text                                    0x0800043e   Section        0  indicate_semi.o(.text)
    i.ADC1_2_IRQHandler                      0x08000440   Section        0  adc_program.o(i.ADC1_2_IRQHandler)
    i.Backward_1                             0x0800045c   Section        0  steering_angle.o(i.Backward_1)
    i.Backward_2                             0x080004a8   Section        0  steering_angle.o(i.Backward_2)
    i.CalculateAngle                         0x080004f4   Section        0  steering_angle.o(i.CalculateAngle)
    i.DMA1_Channel7_IRQHandler               0x08000570   Section        0  dma.o(i.DMA1_Channel7_IRQHandler)
    i.EXTI0_IRQHandler                       0x08000580   Section        0  exti_program.o(i.EXTI0_IRQHandler)
    i.EXTI15_10_IRQHandler                   0x080005a0   Section        0  exti_program.o(i.EXTI15_10_IRQHandler)
    i.EXTI1_IRQHandler                       0x080005dc   Section        0  exti_program.o(i.EXTI1_IRQHandler)
    i.EXTI2_IRQHandler                       0x080005fc   Section        0  exti_program.o(i.EXTI2_IRQHandler)
    i.EXTI3_IRQHandler                       0x0800061c   Section        0  exti_program.o(i.EXTI3_IRQHandler)
    i.EXTI4_IRQHandler                       0x0800063c   Section        0  exti_program.o(i.EXTI4_IRQHandler)
    i.EXTI9_5_IRQHandler                     0x0800065c   Section        0  exti_program.o(i.EXTI9_5_IRQHandler)
    i.EXTI_voidInit                          0x08000698   Section        0  exti_program.o(i.EXTI_voidInit)
    i.EXTI_voidSetCallBack                   0x080006bc   Section        0  exti_program.o(i.EXTI_voidSetCallBack)
    i.EXTI_voidSetSignalLatch                0x080006c8   Section        0  exti_program.o(i.EXTI_voidSetSignalLatch)
    i.Forward_1                              0x08000734   Section        0  steering_angle.o(i.Forward_1)
    i.Forward_2                              0x08000780   Section        0  steering_angle.o(i.Forward_2)
    i.GPIO_u8GetPinValue                     0x080007cc   Section        0  gpio_program.o(i.GPIO_u8GetPinValue)
    i.GPIO_voidSetPinDirection               0x08000814   Section        0  gpio_program.o(i.GPIO_voidSetPinDirection)
    i.GPIO_voidSetPinPull                    0x08000940   Section        0  gpio_program.o(i.GPIO_voidSetPinPull)
    i.MAFIO_voidSetEXTIConfiguration         0x080009d4   Section        0  afio_program.o(i.MAFIO_voidSetEXTIConfiguration)
    i.NVIC_voidDisableInterrupt              0x08000a34   Section        0  nvic_program.o(i.NVIC_voidDisableInterrupt)
    i.NVIC_voidEnableInterrupt               0x08000a5c   Section        0  nvic_program.o(i.NVIC_voidEnableInterrupt)
    i.RCC_voidEnableClock                    0x08000a84   Section        0  rcc_interface.o(i.RCC_voidEnableClock)
    i.RCC_voidInitSysClock                   0x08000acc   Section        0  rcc_interface.o(i.RCC_voidInitSysClock)
    i.SPI1_IRQHandler                        0x08000b3c   Section        0  spi_prog.o(i.SPI1_IRQHandler)
    i.SPI2_IRQHandler                        0x08000b4c   Section        0  spi_prog.o(i.SPI2_IRQHandler)
    i.STK_voidInit                           0x08000b5c   Section        0  stk_program.o(i.STK_voidInit)
    i.STK_voidSetIntervalPeriodic            0x08000b68   Section        0  stk_program.o(i.STK_voidSetIntervalPeriodic)
    i.SetSysClock                            0x08000ba0   Section        0  system_stm32f10x.o(i.SetSysClock)
    SetSysClock                              0x08000ba1   Thumb Code     8  system_stm32f10x.o(i.SetSysClock)
    i.SetSysClockTo72                        0x08000ba8   Section        0  system_stm32f10x.o(i.SetSysClockTo72)
    SetSysClockTo72                          0x08000ba9   Thumb Code   214  system_stm32f10x.o(i.SetSysClockTo72)
    i.SysTick_Handler                        0x08000c88   Section        0  stk_program.o(i.SysTick_Handler)
    i.SystemInit                             0x08000ccc   Section        0  system_stm32f10x.o(i.SystemInit)
    i.USART_voidInit                         0x08000d2c   Section        0  usart_interface.o(i.USART_voidInit)
    i.USART_voidTransmit                     0x08000e10   Section        0  usart_interface.o(i.USART_voidTransmit)
    i.floor                                  0x08001308   Section        0  floor.o(i.floor)
    i.main                                   0x080013e4   Section        0  steering_angle.o(i.main)
    i.rcc_init                               0x080014d0   Section        0  steering_angle.o(i.rcc_init)
    x$fpl$d2f                                0x080014f8   Section       98  d2f.o(x$fpl$d2f)
    x$fpl$dadd                               0x0800155c   Section      336  daddsub_clz.o(x$fpl$dadd)
    _dadd1                                   0x0800156d   Thumb Code     0  daddsub_clz.o(x$fpl$dadd)
    x$fpl$dcmpinf                            0x080016ac   Section       24  dcmpi.o(x$fpl$dcmpinf)
    x$fpl$ddiv                               0x080016c4   Section      688  ddiv.o(x$fpl$ddiv)
    ddiv_entry                               0x080016cb   Thumb Code     0  ddiv.o(x$fpl$ddiv)
    x$fpl$dfix                               0x08001974   Section       94  dfix.o(x$fpl$dfix)
    x$fpl$dfltll                             0x080019d4   Section      162  dfltll_clz.o(x$fpl$dfltll)
    x$fpl$dleqf                              0x08001a78   Section      120  dleqf.o(x$fpl$dleqf)
    x$fpl$dmul                               0x08001af0   Section      340  dmul.o(x$fpl$dmul)
    x$fpl$dnaninf                            0x08001c44   Section      156  dnaninf.o(x$fpl$dnaninf)
    x$fpl$dretinf                            0x08001ce0   Section       12  dretinf.o(x$fpl$dretinf)
    x$fpl$drleqf                             0x08001cec   Section      108  drleqf.o(x$fpl$drleqf)
    x$fpl$drsb                               0x08001d58   Section       22  daddsub_clz.o(x$fpl$drsb)
    x$fpl$dsub                               0x08001d70   Section      468  daddsub_clz.o(x$fpl$dsub)
    _dsub1                                   0x08001d81   Thumb Code     0  daddsub_clz.o(x$fpl$dsub)
    x$fpl$f2d                                0x08001f44   Section       86  f2d.o(x$fpl$f2d)
    x$fpl$fadd                               0x08001f9c   Section      196  faddsub_clz.o(x$fpl$fadd)
    _fadd1                                   0x08001fab   Thumb Code     0  faddsub_clz.o(x$fpl$fadd)
    x$fpl$ffix                               0x08002060   Section       54  ffix.o(x$fpl$ffix)
    x$fpl$fmul                               0x08002098   Section      258  fmul.o(x$fpl$fmul)
    x$fpl$fnaninf                            0x0800219a   Section      140  fnaninf.o(x$fpl$fnaninf)
    x$fpl$fretinf                            0x08002226   Section       10  fretinf.o(x$fpl$fretinf)
    x$fpl$fsub                               0x08002230   Section      234  faddsub_clz.o(x$fpl$fsub)
    _fsub1                                   0x0800223f   Thumb Code     0  faddsub_clz.o(x$fpl$fsub)
    x$fpl$usenofp                            0x0800231a   Section        0  usenofp.o(x$fpl$usenofp)
    .data                                    0x20000000   Section       16  steering_angle.o(.data)
    .data                                    0x20000010   Section        5  stk_program.o(.data)
    STK_CallBack                             0x20000010   Data           4  stk_program.o(.data)
    STk_u8ModeOfInterval                     0x20000014   Data           1  stk_program.o(.data)
    .data                                    0x20000018   Section        8  adc_program.o(.data)
    g_callBackPtr                            0x2000001c   Data           4  adc_program.o(.data)
    .data                                    0x20000020   Section       10  spi_prog.o(.data)
    .data                                    0x2000002c   Section        4  dma.o(.data)
    .bss                                     0x20000030   Section       64  exti_program.o(.bss)
    EXTI_CallBack                            0x20000030   Data          64  exti_program.o(.bss)
    .bss                                     0x20000070   Section       96  libspace.o(.bss)
    HEAP                                     0x200000d0   Section      512  startup_stm32f10x_md.o(HEAP)
    Heap_Mem                                 0x200000d0   Data         512  startup_stm32f10x_md.o(HEAP)
    STACK                                    0x200002d0   Section     1024  startup_stm32f10x_md.o(STACK)
    Stack_Mem                                0x200002d0   Data        1024  startup_stm32f10x_md.o(STACK)
    __initial_sp                             0x200006d0   Data           0  startup_stm32f10x_md.o(STACK)

    Global Symbols

    Symbol Name                              Value     Ov Type        Size  Object(Section)

    BuildAttributes$$THM_ISAv4$P$D$K$B$S$PE$A:L22UL41UL21$X:L11$S22US41US21$IEEE1$IW$USESV6$~STKCKD$USESV7$~SHL$OTIME$ROPI$IEEEJ$EBA8$UX$STANDARDLIB$REQ8$PRES8$EABIv2 0x00000000   Number         0  anon$$obj.o ABSOLUTE
    __ARM_use_no_argv                        0x00000000   Number         0  steering_angle.o ABSOLUTE
    __ARM_exceptions_init                     - Undefined Weak Reference
    __alloca_initialize                       - Undefined Weak Reference
    __arm_preinit_                            - Undefined Weak Reference
    __cpp_initialize__aeabi_                  - Undefined Weak Reference
    __cxa_finalize                            - Undefined Weak Reference
    __rt_locale                               - Undefined Weak Reference
    __sigvec_lookup                           - Undefined Weak Reference
    _atexit_init                              - Undefined Weak Reference
    _call_atexit_fns                          - Undefined Weak Reference
    _clock_init                               - Undefined Weak Reference
    _fp_trap_init                             - Undefined Weak Reference
    _fp_trap_shutdown                         - Undefined Weak Reference
    _get_lc_collate                           - Undefined Weak Reference
    _get_lc_ctype                             - Undefined Weak Reference
    _get_lc_monetary                          - Undefined Weak Reference
    _get_lc_numeric                           - Undefined Weak Reference
    _get_lc_time                              - Undefined Weak Reference
    _getenv_init                              - Undefined Weak Reference
    _handle_redirection                       - Undefined Weak Reference
    _init_alloc                               - Undefined Weak Reference
    _init_user_alloc                          - Undefined Weak Reference
    _initio                                   - Undefined Weak Reference
    _printf_post_padding                      - Undefined Weak Reference
    _printf_pre_padding                       - Undefined Weak Reference
    _printf_truncate_signed                   - Undefined Weak Reference
    _printf_truncate_unsigned                 - Undefined Weak Reference
    _rand_init                                - Undefined Weak Reference
    _signal_finish                            - Undefined Weak Reference
    _signal_init                              - Undefined Weak Reference
    _terminate_alloc                          - Undefined Weak Reference
    _terminate_user_alloc                     - Undefined Weak Reference
    _terminateio                              - Undefined Weak Reference
    __Vectors_Size                           0x000000ec   Number         0  startup_stm32f10x_md.o ABSOLUTE
    __Vectors                                0x08000000   Data           4  startup_stm32f10x_md.o(RESET)
    __Vectors_End                            0x080000ec   Data           0  startup_stm32f10x_md.o(RESET)
    __main                                   0x080000ed   Thumb Code     8  __main.o(!!!main)
    __scatterload                            0x080000f5   Thumb Code     0  __scatter.o(!!!scatter)
    __scatterload_rt2                        0x080000f5   Thumb Code    44  __scatter.o(!!!scatter)
    __scatterload_rt2_thumb_only             0x080000f5   Thumb Code     0  __scatter.o(!!!scatter)
    __scatterload_null                       0x08000103   Thumb Code     0  __scatter.o(!!!scatter)
    __scatterload_copy                       0x08000129   Thumb Code    26  __scatter_copy.o(!!handler_copy)
    __scatterload_zeroinit                   0x08000145   Thumb Code    28  __scatter_zi.o(!!handler_zi)
    _printf_d                                0x08000161   Thumb Code     0  _printf_d.o(.ARM.Collect$$_printf_percent$$00000009)
    _printf_percent                          0x08000161   Thumb Code     0  _printf_percent.o(.ARM.Collect$$_printf_percent$$00000000)
    _printf_percent_end                      0x08000167   Thumb Code     0  _printf_percent_end.o(.ARM.Collect$$_printf_percent$$00000017)
    __rt_lib_init                            0x0800016b   Thumb Code     0  libinit.o(.ARM.Collect$$libinit$$00000000)
    __rt_lib_init_alloca_1                   0x0800016d   Thumb Code     0  libinit2.o(.ARM.Collect$$libinit$$0000002E)
    __rt_lib_init_argv_1                     0x0800016d   Thumb Code     0  libinit2.o(.ARM.Collect$$libinit$$0000002C)
    __rt_lib_init_atexit_1                   0x0800016d   Thumb Code     0  libinit2.o(.ARM.Collect$$libinit$$0000001B)
    __rt_lib_init_clock_1                    0x0800016d   Thumb Code     0  libinit2.o(.ARM.Collect$$libinit$$00000021)
    __rt_lib_init_cpp_1                      0x0800016d   Thumb Code     0  libinit2.o(.ARM.Collect$$libinit$$00000032)
    __rt_lib_init_exceptions_1               0x0800016d   Thumb Code     0  libinit2.o(.ARM.Collect$$libinit$$00000030)
    __rt_lib_init_fp_1                       0x0800016d   Thumb Code     0  libinit2.o(.ARM.Collect$$libinit$$00000002)
    __rt_lib_init_fp_trap_1                  0x0800016d   Thumb Code     0  libinit2.o(.ARM.Collect$$libinit$$0000001F)
    __rt_lib_init_getenv_1                   0x0800016d   Thumb Code     0  libinit2.o(.ARM.Collect$$libinit$$00000023)
    __rt_lib_init_heap_1                     0x0800016d   Thumb Code     0  libinit2.o(.ARM.Collect$$libinit$$0000000A)
    __rt_lib_init_lc_collate_1               0x0800016d   Thumb Code     0  libinit2.o(.ARM.Collect$$libinit$$00000011)
    __rt_lib_init_lc_ctype_1                 0x0800016d   Thumb Code     0  libinit2.o(.ARM.Collect$$libinit$$00000013)
    __rt_lib_init_lc_monetary_1              0x0800016d   Thumb Code     0  libinit2.o(.ARM.Collect$$libinit$$00000015)
    __rt_lib_init_lc_numeric_1               0x0800016d   Thumb Code     0  libinit2.o(.ARM.Collect$$libinit$$00000017)
    __rt_lib_init_lc_time_1                  0x0800016d   Thumb Code     0  libinit2.o(.ARM.Collect$$libinit$$00000019)
    __rt_lib_init_preinit_1                  0x0800016d   Thumb Code     0  libinit2.o(.ARM.Collect$$libinit$$00000004)
    __rt_lib_init_rand_1                     0x0800016d   Thumb Code     0  libinit2.o(.ARM.Collect$$libinit$$0000000E)
    __rt_lib_init_return                     0x0800016d   Thumb Code     0  libinit2.o(.ARM.Collect$$libinit$$00000033)
    __rt_lib_init_signal_1                   0x0800016d   Thumb Code     0  libinit2.o(.ARM.Collect$$libinit$$0000001D)
    __rt_lib_init_stdio_1                    0x0800016d   Thumb Code     0  libinit2.o(.ARM.Collect$$libinit$$00000025)
    __rt_lib_init_user_alloc_1               0x0800016d   Thumb Code     0  libinit2.o(.ARM.Collect$$libinit$$0000000C)
    __rt_lib_shutdown                        0x0800016f   Thumb Code     0  libshutdown.o(.ARM.Collect$$libshutdown$$00000000)
    __rt_lib_shutdown_cpp_1                  0x08000171   Thumb Code     0  libshutdown2.o(.ARM.Collect$$libshutdown$$00000002)
    __rt_lib_shutdown_fp_trap_1              0x08000171   Thumb Code     0  libshutdown2.o(.ARM.Collect$$libshutdown$$00000007)
    __rt_lib_shutdown_heap_1                 0x08000171   Thumb Code     0  libshutdown2.o(.ARM.Collect$$libshutdown$$0000000F)
    __rt_lib_shutdown_return                 0x08000171   Thumb Code     0  libshutdown2.o(.ARM.Collect$$libshutdown$$00000010)
    __rt_lib_shutdown_signal_1               0x08000171   Thumb Code     0  libshutdown2.o(.ARM.Collect$$libshutdown$$0000000A)
    __rt_lib_shutdown_stdio_1                0x08000171   Thumb Code     0  libshutdown2.o(.ARM.Collect$$libshutdown$$00000004)
    __rt_lib_shutdown_user_alloc_1           0x08000171   Thumb Code     0  libshutdown2.o(.ARM.Collect$$libshutdown$$0000000C)
    __rt_entry                               0x08000173   Thumb Code     0  __rtentry.o(.ARM.Collect$$rtentry$$00000000)
    __rt_entry_presh_1                       0x08000173   Thumb Code     0  __rtentry2.o(.ARM.Collect$$rtentry$$00000002)
    __rt_entry_sh                            0x08000173   Thumb Code     0  __rtentry4.o(.ARM.Collect$$rtentry$$00000004)
    __rt_entry_li                            0x08000179   Thumb Code     0  __rtentry2.o(.ARM.Collect$$rtentry$$0000000A)
    __rt_entry_postsh_1                      0x08000179   Thumb Code     0  __rtentry2.o(.ARM.Collect$$rtentry$$00000009)
    __rt_entry_main                          0x0800017d   Thumb Code     0  __rtentry2.o(.ARM.Collect$$rtentry$$0000000D)
    __rt_entry_postli_1                      0x0800017d   Thumb Code     0  __rtentry2.o(.ARM.Collect$$rtentry$$0000000C)
    __rt_exit                                0x08000185   Thumb Code     0  rtexit.o(.ARM.Collect$$rtexit$$00000000)
    __rt_exit_ls                             0x08000187   Thumb Code     0  rtexit2.o(.ARM.Collect$$rtexit$$00000003)
    __rt_exit_prels_1                        0x08000187   Thumb Code     0  rtexit2.o(.ARM.Collect$$rtexit$$00000002)
    __rt_exit_exit                           0x0800018b   Thumb Code     0  rtexit2.o(.ARM.Collect$$rtexit$$00000004)
    Reset_Handler                            0x08000191   Thumb Code     8  startup_stm32f10x_md.o(.text)
    NMI_Handler                              0x08000199   Thumb Code     2  startup_stm32f10x_md.o(.text)
    HardFault_Handler                        0x0800019b   Thumb Code     2  startup_stm32f10x_md.o(.text)
    MemManage_Handler                        0x0800019d   Thumb Code     2  startup_stm32f10x_md.o(.text)
    BusFault_Handler                         0x0800019f   Thumb Code     2  startup_stm32f10x_md.o(.text)
    UsageFault_Handler                       0x080001a1   Thumb Code     2  startup_stm32f10x_md.o(.text)
    SVC_Handler                              0x080001a3   Thumb Code     2  startup_stm32f10x_md.o(.text)
    DebugMon_Handler                         0x080001a5   Thumb Code     2  startup_stm32f10x_md.o(.text)
    PendSV_Handler                           0x080001a7   Thumb Code     2  startup_stm32f10x_md.o(.text)
    CAN1_RX1_IRQHandler                      0x080001ab   Thumb Code     0  startup_stm32f10x_md.o(.text)
    CAN1_SCE_IRQHandler                      0x080001ab   Thumb Code     0  startup_stm32f10x_md.o(.text)
    DMA1_Channel1_IRQHandler                 0x080001ab   Thumb Code     0  startup_stm32f10x_md.o(.text)
    DMA1_Channel2_IRQHandler                 0x080001ab   Thumb Code     0  startup_stm32f10x_md.o(.text)
    DMA1_Channel3_IRQHandler                 0x080001ab   Thumb Code     0  startup_stm32f10x_md.o(.text)
    DMA1_Channel4_IRQHandler                 0x080001ab   Thumb Code     0  startup_stm32f10x_md.o(.text)
    DMA1_Channel5_IRQHandler                 0x080001ab   Thumb Code     0  startup_stm32f10x_md.o(.text)
    DMA1_Channel6_IRQHandler                 0x080001ab   Thumb Code     0  startup_stm32f10x_md.o(.text)
    FLASH_IRQHandler                         0x080001ab   Thumb Code     0  startup_stm32f10x_md.o(.text)
    I2C1_ER_IRQHandler                       0x080001ab   Thumb Code     0  startup_stm32f10x_md.o(.text)
    I2C1_EV_IRQHandler                       0x080001ab   Thumb Code     0  startup_stm32f10x_md.o(.text)
    I2C2_ER_IRQHandler                       0x080001ab   Thumb Code     0  startup_stm32f10x_md.o(.text)
    I2C2_EV_IRQHandler                       0x080001ab   Thumb Code     0  startup_stm32f10x_md.o(.text)
    PVD_IRQHandler                           0x080001ab   Thumb Code     0  startup_stm32f10x_md.o(.text)
    RCC_IRQHandler                           0x080001ab   Thumb Code     0  startup_stm32f10x_md.o(.text)
    RTCAlarm_IRQHandler                      0x080001ab   Thumb Code     0  startup_stm32f10x_md.o(.text)
    RTC_IRQHandler                           0x080001ab   Thumb Code     0  startup_stm32f10x_md.o(.text)
    TAMPER_IRQHandler                        0x080001ab   Thumb Code     0  startup_stm32f10x_md.o(.text)
    TIM1_BRK_IRQHandler                      0x080001ab   Thumb Code     0  startup_stm32f10x_md.o(.text)
    TIM1_CC_IRQHandler                       0x080001ab   Thumb Code     0  startup_stm32f10x_md.o(.text)
    TIM1_TRG_COM_IRQHandler                  0x080001ab   Thumb Code     0  startup_stm32f10x_md.o(.text)
    TIM1_UP_IRQHandler                       0x080001ab   Thumb Code     0  startup_stm32f10x_md.o(.text)
    TIM2_IRQHandler                          0x080001ab   Thumb Code     0  startup_stm32f10x_md.o(.text)
    TIM3_IRQHandler                          0x080001ab   Thumb Code     0  startup_stm32f10x_md.o(.text)
    TIM4_IRQHandler                          0x080001ab   Thumb Code     0  startup_stm32f10x_md.o(.text)
    USART1_IRQHandler                        0x080001ab   Thumb Code     0  startup_stm32f10x_md.o(.text)
    USART2_IRQHandler                        0x080001ab   Thumb Code     0  startup_stm32f10x_md.o(.text)
    USART3_IRQHandler                        0x080001ab   Thumb Code     0  startup_stm32f10x_md.o(.text)
    USBWakeUp_IRQHandler                     0x080001ab   Thumb Code     0  startup_stm32f10x_md.o(.text)
    USB_HP_CAN1_TX_IRQHandler                0x080001ab   Thumb Code     0  startup_stm32f10x_md.o(.text)
    USB_LP_CAN1_RX0_IRQHandler               0x080001ab   Thumb Code     0  startup_stm32f10x_md.o(.text)
    WWDG_IRQHandler                          0x080001ab   Thumb Code     0  startup_stm32f10x_md.o(.text)
    __user_initial_stackheap                 0x080001ad   Thumb Code     0  startup_stm32f10x_md.o(.text)
    __2sprintf                               0x080001d1   Thumb Code    34  noretval__2sprintf.o(.text)
    __printf                                 0x080001f9   Thumb Code   104  __printf.o(.text)
    _printf_int_dec                          0x08000261   Thumb Code   104  _printf_dec.o(.text)
    __use_two_region_memory                  0x080002d9   Thumb Code     2  heapauxi.o(.text)
    __rt_heap_escrow$2region                 0x080002db   Thumb Code     2  heapauxi.o(.text)
    __rt_heap_expand$2region                 0x080002dd   Thumb Code     2  heapauxi.o(.text)
    _printf_int_common                       0x080002df   Thumb Code   178  _printf_intcommon.o(.text)
    _printf_char_common                      0x0800039b   Thumb Code    32  _printf_char_common.o(.text)
    _sputc                                   0x080003c1   Thumb Code    10  _sputc.o(.text)
    __user_setup_stackheap                   0x080003cb   Thumb Code    74  sys_stackheap_outer.o(.text)
    exit                                     0x08000415   Thumb Code    18  exit.o(.text)
    __user_libspace                          0x08000429   Thumb Code     8  libspace.o(.text)
    __user_perproc_libspace                  0x08000429   Thumb Code     0  libspace.o(.text)
    __user_perthread_libspace                0x08000429   Thumb Code     0  libspace.o(.text)
    _sys_exit                                0x08000431   Thumb Code     8  sys_exit.o(.text)
    __I$use$semihosting                      0x0800043d   Thumb Code     0  use_no_semi.o(.text)
    __use_no_semihosting_swi                 0x0800043d   Thumb Code     2  use_no_semi.o(.text)
    __semihosting_library_function           0x0800043f   Thumb Code     0  indicate_semi.o(.text)
    ADC1_2_IRQHandler                        0x08000441   Thumb Code    22  adc_program.o(i.ADC1_2_IRQHandler)
    Backward_1                               0x0800045d   Thumb Code    70  steering_angle.o(i.Backward_1)
    Backward_2                               0x080004a9   Thumb Code    70  steering_angle.o(i.Backward_2)
    CalculateAngle                           0x080004f5   Thumb Code    90  steering_angle.o(i.CalculateAngle)
    DMA1_Channel7_IRQHandler                 0x08000571   Thumb Code    10  dma.o(i.DMA1_Channel7_IRQHandler)
    EXTI0_IRQHandler                         0x08000581   Thumb Code    22  exti_program.o(i.EXTI0_IRQHandler)
    EXTI15_10_IRQHandler                     0x080005a1   Thumb Code    52  exti_program.o(i.EXTI15_10_IRQHandler)
    EXTI1_IRQHandler                         0x080005dd   Thumb Code    22  exti_program.o(i.EXTI1_IRQHandler)
    EXTI2_IRQHandler                         0x080005fd   Thumb Code    22  exti_program.o(i.EXTI2_IRQHandler)
    EXTI3_IRQHandler                         0x0800061d   Thumb Code    22  exti_program.o(i.EXTI3_IRQHandler)
    EXTI4_IRQHandler                         0x0800063d   Thumb Code    22  exti_program.o(i.EXTI4_IRQHandler)
    EXTI9_5_IRQHandler                       0x0800065d   Thumb Code    52  exti_program.o(i.EXTI9_5_IRQHandler)
    EXTI_voidInit                            0x08000699   Thumb Code    30  exti_program.o(i.EXTI_voidInit)
    EXTI_voidSetCallBack                     0x080006bd   Thumb Code     8  exti_program.o(i.EXTI_voidSetCallBack)
    EXTI_voidSetSignalLatch                  0x080006c9   Thumb Code   102  exti_program.o(i.EXTI_voidSetSignalLatch)
    Forward_1                                0x08000735   Thumb Code    70  steering_angle.o(i.Forward_1)
    Forward_2                                0x08000781   Thumb Code    70  steering_angle.o(i.Forward_2)
    GPIO_u8GetPinValue                       0x080007cd   Thumb Code    58  gpio_program.o(i.GPIO_u8GetPinValue)
    GPIO_voidSetPinDirection                 0x08000815   Thumb Code   288  gpio_program.o(i.GPIO_voidSetPinDirection)
    GPIO_voidSetPinPull                      0x08000941   Thumb Code   134  gpio_program.o(i.GPIO_voidSetPinPull)
    MAFIO_voidSetEXTIConfiguration           0x080009d5   Thumb Code    92  afio_program.o(i.MAFIO_voidSetEXTIConfiguration)
    NVIC_voidDisableInterrupt                0x08000a35   Thumb Code    36  nvic_program.o(i.NVIC_voidDisableInterrupt)
    NVIC_voidEnableInterrupt                 0x08000a5d   Thumb Code    36  nvic_program.o(i.NVIC_voidEnableInterrupt)
    RCC_voidEnableClock                      0x08000a85   Thumb Code    68  rcc_interface.o(i.RCC_voidEnableClock)
    RCC_voidInitSysClock                     0x08000acd   Thumb Code   108  rcc_interface.o(i.RCC_voidInitSysClock)
    SPI1_IRQHandler                          0x08000b3d   Thumb Code    10  spi_prog.o(i.SPI1_IRQHandler)
    SPI2_IRQHandler                          0x08000b4d   Thumb Code    10  spi_prog.o(i.SPI2_IRQHandler)
    STK_voidInit                             0x08000b5d   Thumb Code    10  stk_program.o(i.STK_voidInit)
    STK_voidSetIntervalPeriodic              0x08000b69   Thumb Code    46  stk_program.o(i.STK_voidSetIntervalPeriodic)
    SysTick_Handler                          0x08000c89   Thumb Code    58  stk_program.o(i.SysTick_Handler)
    SystemInit                               0x08000ccd   Thumb Code    78  system_stm32f10x.o(i.SystemInit)
    USART_voidInit                           0x08000d2d   Thumb Code   198  usart_interface.o(i.USART_voidInit)
    USART_voidTransmit                       0x08000e11   Thumb Code  1264  usart_interface.o(i.USART_voidTransmit)
    floor                                    0x08001309   Thumb Code   204  floor.o(i.floor)
    main                                     0x080013e5   Thumb Code   212  steering_angle.o(i.main)
    rcc_init                                 0x080014d1   Thumb Code    40  steering_angle.o(i.rcc_init)
    __aeabi_d2f                              0x080014f9   Thumb Code     0  d2f.o(x$fpl$d2f)
    _d2f                                     0x080014f9   Thumb Code    98  d2f.o(x$fpl$d2f)
    __aeabi_dadd                             0x0800155d   Thumb Code     0  daddsub_clz.o(x$fpl$dadd)
    _dadd                                    0x0800155d   Thumb Code   332  daddsub_clz.o(x$fpl$dadd)
    __fpl_dcmp_Inf                           0x080016ad   Thumb Code    24  dcmpi.o(x$fpl$dcmpinf)
    __aeabi_ddiv                             0x080016c5   Thumb Code     0  ddiv.o(x$fpl$ddiv)
    _ddiv                                    0x080016c5   Thumb Code   552  ddiv.o(x$fpl$ddiv)
    __aeabi_d2iz                             0x08001975   Thumb Code     0  dfix.o(x$fpl$dfix)
    _dfix                                    0x08001975   Thumb Code    94  dfix.o(x$fpl$dfix)
    __aeabi_l2d                              0x080019d5   Thumb Code     0  dfltll_clz.o(x$fpl$dfltll)
    _ll_sto_d                                0x080019d5   Thumb Code   162  dfltll_clz.o(x$fpl$dfltll)
    __aeabi_cdcmple                          0x08001a79   Thumb Code     0  dleqf.o(x$fpl$dleqf)
    _dcmple                                  0x08001a79   Thumb Code   120  dleqf.o(x$fpl$dleqf)
    __fpl_dcmple_InfNaN                      0x08001adb   Thumb Code     0  dleqf.o(x$fpl$dleqf)
    __aeabi_dmul                             0x08001af1   Thumb Code     0  dmul.o(x$fpl$dmul)
    _dmul                                    0x08001af1   Thumb Code   332  dmul.o(x$fpl$dmul)
    __fpl_dnaninf                            0x08001c45   Thumb Code   156  dnaninf.o(x$fpl$dnaninf)
    __fpl_dretinf                            0x08001ce1   Thumb Code    12  dretinf.o(x$fpl$dretinf)
    __aeabi_cdrcmple                         0x08001ced   Thumb Code     0  drleqf.o(x$fpl$drleqf)
    _drcmple                                 0x08001ced   Thumb Code   108  drleqf.o(x$fpl$drleqf)
    __aeabi_drsub                            0x08001d59   Thumb Code     0  daddsub_clz.o(x$fpl$drsb)
    _drsb                                    0x08001d59   Thumb Code    22  daddsub_clz.o(x$fpl$drsb)
    __aeabi_dsub                             0x08001d71   Thumb Code     0  daddsub_clz.o(x$fpl$dsub)
    _dsub                                    0x08001d71   Thumb Code   464  daddsub_clz.o(x$fpl$dsub)
    __aeabi_f2d                              0x08001f45   Thumb Code     0  f2d.o(x$fpl$f2d)
    _f2d                                     0x08001f45   Thumb Code    86  f2d.o(x$fpl$f2d)
    __aeabi_fadd                             0x08001f9d   Thumb Code     0  faddsub_clz.o(x$fpl$fadd)
    _fadd                                    0x08001f9d   Thumb Code   196  faddsub_clz.o(x$fpl$fadd)
    __aeabi_f2iz                             0x08002061   Thumb Code     0  ffix.o(x$fpl$ffix)
    _ffix                                    0x08002061   Thumb Code    54  ffix.o(x$fpl$ffix)
    __aeabi_fmul                             0x08002099   Thumb Code     0  fmul.o(x$fpl$fmul)
    _fmul                                    0x08002099   Thumb Code   258  fmul.o(x$fpl$fmul)
    __fpl_fnaninf                            0x0800219b   Thumb Code   140  fnaninf.o(x$fpl$fnaninf)
    __fpl_fretinf                            0x08002227   Thumb Code    10  fretinf.o(x$fpl$fretinf)
    __aeabi_fsub                             0x08002231   Thumb Code     0  faddsub_clz.o(x$fpl$fsub)
    _fsub                                    0x08002231   Thumb Code   234  faddsub_clz.o(x$fpl$fsub)
    __I$use$fp                               0x0800231a   Number         0  usenofp.o(x$fpl$usenofp)
    Region$$Table$$Base                      0x0800231c   Number         0  anon$$obj.o(Region$$Table)
    Region$$Table$$Limit                     0x0800233c   Number         0  anon$$obj.o(Region$$Table)
    encoder_counter_1                        0x20000000   Data           8  steering_angle.o(.data)
    encoder_counter_2                        0x20000008   Data           8  steering_angle.o(.data)
    val                                      0x20000018   Data           2  adc_program.o(.data)
    MSPI1_CallBack                           0x20000020   Data           4  spi_prog.o(.data)
    MSPI2_CallBack                           0x20000024   Data           4  spi_prog.o(.data)
    configure_SPI1                           0x20000028   Data           1  spi_prog.o(.data)
    configure_SPI2                           0x20000029   Data           1  spi_prog.o(.data)
    DMA_CallBackChannel7                     0x2000002c   Data           4  dma.o(.data)
    __libspace_start                         0x20000070   Data          96  libspace.o(.bss)
    __temporary_stack_top$libspace           0x200000d0   Data           0  libspace.o(.bss)



==============================================================================

Memory Map of the image

  Image Entry point : 0x080000ed

  Load Region LR_IROM1 (Base: 0x08000000, Size: 0x0000236c, Max: 0x00010000, ABSOLUTE)

    Execution Region ER_IROM1 (Exec base: 0x08000000, Load base: 0x08000000, Size: 0x0000233c, Max: 0x00010000, ABSOLUTE)

    Exec Addr    Load Addr    Size         Type   Attr      Idx    E Section Name        Object

    0x08000000   0x08000000   0x000000ec   Data   RO          960    RESET               startup_stm32f10x_md.o
    0x080000ec   0x080000ec   0x00000008   Code   RO         1072  * !!!main             c_w.l(__main.o)
    0x080000f4   0x080000f4   0x00000034   Code   RO         1293    !!!scatter          c_w.l(__scatter.o)
    0x08000128   0x08000128   0x0000001a   Code   RO         1295    !!handler_copy      c_w.l(__scatter_copy.o)
    0x08000142   0x08000142   0x00000002   PAD
    0x08000144   0x08000144   0x0000001c   Code   RO         1297    !!handler_zi        c_w.l(__scatter_zi.o)
    0x08000160   0x08000160   0x00000000   Code   RO         1065    .ARM.Collect$$_printf_percent$$00000000  c_w.l(_printf_percent.o)
    0x08000160   0x08000160   0x00000006   Code   RO         1064    .ARM.Collect$$_printf_percent$$00000009  c_w.l(_printf_d.o)
    0x08000166   0x08000166   0x00000004   Code   RO         1115    .ARM.Collect$$_printf_percent$$00000017  c_w.l(_printf_percent_end.o)
    0x0800016a   0x0800016a   0x00000002   Code   RO         1161    .ARM.Collect$$libinit$$00000000  c_w.l(libinit.o)
    0x0800016c   0x0800016c   0x00000000   Code   RO         1170    .ARM.Collect$$libinit$$00000002  c_w.l(libinit2.o)
    0x0800016c   0x0800016c   0x00000000   Code   RO         1172    .ARM.Collect$$libinit$$00000004  c_w.l(libinit2.o)
    0x0800016c   0x0800016c   0x00000000   Code   RO         1175    .ARM.Collect$$libinit$$0000000A  c_w.l(libinit2.o)
    0x0800016c   0x0800016c   0x00000000   Code   RO         1177    .ARM.Collect$$libinit$$0000000C  c_w.l(libinit2.o)
    0x0800016c   0x0800016c   0x00000000   Code   RO         1179    .ARM.Collect$$libinit$$0000000E  c_w.l(libinit2.o)
    0x0800016c   0x0800016c   0x00000000   Code   RO         1182    .ARM.Collect$$libinit$$00000011  c_w.l(libinit2.o)
    0x0800016c   0x0800016c   0x00000000   Code   RO         1184    .ARM.Collect$$libinit$$00000013  c_w.l(libinit2.o)
    0x0800016c   0x0800016c   0x00000000   Code   RO         1186    .ARM.Collect$$libinit$$00000015  c_w.l(libinit2.o)
    0x0800016c   0x0800016c   0x00000000   Code   RO         1188    .ARM.Collect$$libinit$$00000017  c_w.l(libinit2.o)
    0x0800016c   0x0800016c   0x00000000   Code   RO         1190    .ARM.Collect$$libinit$$00000019  c_w.l(libinit2.o)
    0x0800016c   0x0800016c   0x00000000   Code   RO         1192    .ARM.Collect$$libinit$$0000001B  c_w.l(libinit2.o)
    0x0800016c   0x0800016c   0x00000000   Code   RO         1194    .ARM.Collect$$libinit$$0000001D  c_w.l(libinit2.o)
    0x0800016c   0x0800016c   0x00000000   Code   RO         1196    .ARM.Collect$$libinit$$0000001F  c_w.l(libinit2.o)
    0x0800016c   0x0800016c   0x00000000   Code   RO         1198    .ARM.Collect$$libinit$$00000021  c_w.l(libinit2.o)
    0x0800016c   0x0800016c   0x00000000   Code   RO         1200    .ARM.Collect$$libinit$$00000023  c_w.l(libinit2.o)
    0x0800016c   0x0800016c   0x00000000   Code   RO         1202    .ARM.Collect$$libinit$$00000025  c_w.l(libinit2.o)
    0x0800016c   0x0800016c   0x00000000   Code   RO         1206    .ARM.Collect$$libinit$$0000002C  c_w.l(libinit2.o)
    0x0800016c   0x0800016c   0x00000000   Code   RO         1208    .ARM.Collect$$libinit$$0000002E  c_w.l(libinit2.o)
    0x0800016c   0x0800016c   0x00000000   Code   RO         1210    .ARM.Collect$$libinit$$00000030  c_w.l(libinit2.o)
    0x0800016c   0x0800016c   0x00000000   Code   RO         1212    .ARM.Collect$$libinit$$00000032  c_w.l(libinit2.o)
    0x0800016c   0x0800016c   0x00000002   Code   RO         1213    .ARM.Collect$$libinit$$00000033  c_w.l(libinit2.o)
    0x0800016e   0x0800016e   0x00000002   Code   RO         1233    .ARM.Collect$$libshutdown$$00000000  c_w.l(libshutdown.o)
    0x08000170   0x08000170   0x00000000   Code   RO         1246    .ARM.Collect$$libshutdown$$00000002  c_w.l(libshutdown2.o)
    0x08000170   0x08000170   0x00000000   Code   RO         1248    .ARM.Collect$$libshutdown$$00000004  c_w.l(libshutdown2.o)
    0x08000170   0x08000170   0x00000000   Code   RO         1251    .ARM.Collect$$libshutdown$$00000007  c_w.l(libshutdown2.o)
    0x08000170   0x08000170   0x00000000   Code   RO         1254    .ARM.Collect$$libshutdown$$0000000A  c_w.l(libshutdown2.o)
    0x08000170   0x08000170   0x00000000   Code   RO         1256    .ARM.Collect$$libshutdown$$0000000C  c_w.l(libshutdown2.o)
    0x08000170   0x08000170   0x00000000   Code   RO         1259    .ARM.Collect$$libshutdown$$0000000F  c_w.l(libshutdown2.o)
    0x08000170   0x08000170   0x00000002   Code   RO         1260    .ARM.Collect$$libshutdown$$00000010  c_w.l(libshutdown2.o)
    0x08000172   0x08000172   0x00000000   Code   RO         1108    .ARM.Collect$$rtentry$$00000000  c_w.l(__rtentry.o)
    0x08000172   0x08000172   0x00000000   Code   RO         1134    .ARM.Collect$$rtentry$$00000002  c_w.l(__rtentry2.o)
    0x08000172   0x08000172   0x00000006   Code   RO         1146    .ARM.Collect$$rtentry$$00000004  c_w.l(__rtentry4.o)
    0x08000178   0x08000178   0x00000000   Code   RO         1136    .ARM.Collect$$rtentry$$00000009  c_w.l(__rtentry2.o)
    0x08000178   0x08000178   0x00000004   Code   RO         1137    .ARM.Collect$$rtentry$$0000000A  c_w.l(__rtentry2.o)
    0x0800017c   0x0800017c   0x00000000   Code   RO         1139    .ARM.Collect$$rtentry$$0000000C  c_w.l(__rtentry2.o)
    0x0800017c   0x0800017c   0x00000008   Code   RO         1140    .ARM.Collect$$rtentry$$0000000D  c_w.l(__rtentry2.o)
    0x08000184   0x08000184   0x00000002   Code   RO         1167    .ARM.Collect$$rtexit$$00000000  c_w.l(rtexit.o)
    0x08000186   0x08000186   0x00000000   Code   RO         1215    .ARM.Collect$$rtexit$$00000002  c_w.l(rtexit2.o)
    0x08000186   0x08000186   0x00000004   Code   RO         1216    .ARM.Collect$$rtexit$$00000003  c_w.l(rtexit2.o)
    0x0800018a   0x0800018a   0x00000006   Code   RO         1217    .ARM.Collect$$rtexit$$00000004  c_w.l(rtexit2.o)
    0x08000190   0x08000190   0x00000040   Code   RO          961    .text               startup_stm32f10x_md.o
    0x080001d0   0x080001d0   0x00000028   Code   RO         1038    .text               c_w.l(noretval__2sprintf.o)
    0x080001f8   0x080001f8   0x00000068   Code   RO         1040    .text               c_w.l(__printf.o)
    0x08000260   0x08000260   0x00000078   Code   RO         1042    .text               c_w.l(_printf_dec.o)
    0x080002d8   0x080002d8   0x00000006   Code   RO         1070    .text               c_w.l(heapauxi.o)
    0x080002de   0x080002de   0x000000b2   Code   RO         1109    .text               c_w.l(_printf_intcommon.o)
    0x08000390   0x08000390   0x00000030   Code   RO         1111    .text               c_w.l(_printf_char_common.o)
    0x080003c0   0x080003c0   0x0000000a   Code   RO         1113    .text               c_w.l(_sputc.o)
    0x080003ca   0x080003ca   0x0000004a   Code   RO         1152    .text               c_w.l(sys_stackheap_outer.o)
    0x08000414   0x08000414   0x00000012   Code   RO         1154    .text               c_w.l(exit.o)
    0x08000426   0x08000426   0x00000002   PAD
    0x08000428   0x08000428   0x00000008   Code   RO         1164    .text               c_w.l(libspace.o)
    0x08000430   0x08000430   0x0000000c   Code   RO         1225    .text               c_w.l(sys_exit.o)
    0x0800043c   0x0800043c   0x00000002   Code   RO         1236    .text               c_w.l(use_no_semi.o)
    0x0800043e   0x0800043e   0x00000000   Code   RO         1238    .text               c_w.l(indicate_semi.o)
    0x0800043e   0x0800043e   0x00000002   PAD
    0x08000440   0x08000440   0x0000001c   Code   RO          311    i.ADC1_2_IRQHandler  adc_program.o
    0x0800045c   0x0800045c   0x0000004c   Code   RO            1    i.Backward_1        steering_angle.o
    0x080004a8   0x080004a8   0x0000004c   Code   RO            2    i.Backward_2        steering_angle.o
    0x080004f4   0x080004f4   0x0000007c   Code   RO            3    i.CalculateAngle    steering_angle.o
    0x08000570   0x08000570   0x00000010   Code   RO          544    i.DMA1_Channel7_IRQHandler  dma.o
    0x08000580   0x08000580   0x00000020   Code   RO          866    i.EXTI0_IRQHandler  exti_program.o
    0x080005a0   0x080005a0   0x0000003c   Code   RO          867    i.EXTI15_10_IRQHandler  exti_program.o
    0x080005dc   0x080005dc   0x00000020   Code   RO          868    i.EXTI1_IRQHandler  exti_program.o
    0x080005fc   0x080005fc   0x00000020   Code   RO          869    i.EXTI2_IRQHandler  exti_program.o
    0x0800061c   0x0800061c   0x00000020   Code   RO          870    i.EXTI3_IRQHandler  exti_program.o
    0x0800063c   0x0800063c   0x00000020   Code   RO          871    i.EXTI4_IRQHandler  exti_program.o
    0x0800065c   0x0800065c   0x0000003c   Code   RO          872    i.EXTI9_5_IRQHandler  exti_program.o
    0x08000698   0x08000698   0x00000024   Code   RO          875    i.EXTI_voidInit     exti_program.o
    0x080006bc   0x080006bc   0x0000000c   Code   RO          876    i.EXTI_voidSetCallBack  exti_program.o
    0x080006c8   0x080006c8   0x0000006c   Code   RO          877    i.EXTI_voidSetSignalLatch  exti_program.o
    0x08000734   0x08000734   0x0000004c   Code   RO            4    i.Forward_1         steering_angle.o
    0x08000780   0x08000780   0x0000004c   Code   RO            5    i.Forward_2         steering_angle.o
    0x080007cc   0x080007cc   0x00000048   Code   RO          111    i.GPIO_u8GetPinValue  gpio_program.o
    0x08000814   0x08000814   0x0000012c   Code   RO          112    i.GPIO_voidSetPinDirection  gpio_program.o
    0x08000940   0x08000940   0x00000094   Code   RO          113    i.GPIO_voidSetPinPull  gpio_program.o
    0x080009d4   0x080009d4   0x00000060   Code   RO          420    i.MAFIO_voidSetEXTIConfiguration  afio_program.o
    0x08000a34   0x08000a34   0x00000028   Code   RO          185    i.NVIC_voidDisableInterrupt  nvic_program.o
    0x08000a5c   0x08000a5c   0x00000028   Code   RO          186    i.NVIC_voidEnableInterrupt  nvic_program.o
    0x08000a84   0x08000a84   0x00000048   Code   RO           82    i.RCC_voidEnableClock  rcc_interface.o
    0x08000acc   0x08000acc   0x00000070   Code   RO           83    i.RCC_voidInitSysClock  rcc_interface.o
    0x08000b3c   0x08000b3c   0x00000010   Code   RO          459    i.SPI1_IRQHandler   spi_prog.o
    0x08000b4c   0x08000b4c   0x00000010   Code   RO          460    i.SPI2_IRQHandler   spi_prog.o
    0x08000b5c   0x08000b5c   0x0000000a   Code   RO          234    i.STK_voidInit      stk_program.o
    0x08000b66   0x08000b66   0x00000002   PAD
    0x08000b68   0x08000b68   0x00000038   Code   RO          236    i.STK_voidSetIntervalPeriodic  stk_program.o
    0x08000ba0   0x08000ba0   0x00000008   Code   RO          969    i.SetSysClock       system_stm32f10x.o
    0x08000ba8   0x08000ba8   0x000000e0   Code   RO          970    i.SetSysClockTo72   system_stm32f10x.o
    0x08000c88   0x08000c88   0x00000044   Code   RO          241    i.SysTick_Handler   stk_program.o
    0x08000ccc   0x08000ccc   0x00000060   Code   RO          972    i.SystemInit        system_stm32f10x.o
    0x08000d2c   0x08000d2c   0x000000e4   Code   RO          366    i.USART_voidInit    usart_interface.o
    0x08000e10   0x08000e10   0x000004f8   Code   RO          369    i.USART_voidTransmit  usart_interface.o
    0x08001308   0x08001308   0x000000dc   Code   RO         1105    i.floor             m_ws.l(floor.o)
    0x080013e4   0x080013e4   0x000000ec   Code   RO            6    i.main              steering_angle.o
    0x080014d0   0x080014d0   0x00000028   Code   RO            7    i.rcc_init          steering_angle.o
    0x080014f8   0x080014f8   0x00000062   Code   RO         1074    x$fpl$d2f           fz_ws.l(d2f.o)
    0x0800155a   0x0800155a   0x00000002   PAD
    0x0800155c   0x0800155c   0x00000150   Code   RO         1116    x$fpl$dadd          fz_ws.l(daddsub_clz.o)
    0x080016ac   0x080016ac   0x00000018   Code   RO         1162    x$fpl$dcmpinf       fz_ws.l(dcmpi.o)
    0x080016c4   0x080016c4   0x000002b0   Code   RO         1077    x$fpl$ddiv          fz_ws.l(ddiv.o)
    0x08001974   0x08001974   0x0000005e   Code   RO         1080    x$fpl$dfix          fz_ws.l(dfix.o)
    0x080019d2   0x080019d2   0x00000002   PAD
    0x080019d4   0x080019d4   0x000000a2   Code   RO         1084    x$fpl$dfltll        fz_ws.l(dfltll_clz.o)
    0x08001a76   0x08001a76   0x00000002   PAD
    0x08001a78   0x08001a78   0x00000078   Code   RO         1150    x$fpl$dleqf         fz_ws.l(dleqf.o)
    0x08001af0   0x08001af0   0x00000154   Code   RO         1088    x$fpl$dmul          fz_ws.l(dmul.o)
    0x08001c44   0x08001c44   0x0000009c   Code   RO         1122    x$fpl$dnaninf       fz_ws.l(dnaninf.o)
    0x08001ce0   0x08001ce0   0x0000000c   Code   RO         1124    x$fpl$dretinf       fz_ws.l(dretinf.o)
    0x08001cec   0x08001cec   0x0000006c   Code   RO         1126    x$fpl$drleqf        fz_ws.l(drleqf.o)
    0x08001d58   0x08001d58   0x00000016   Code   RO         1117    x$fpl$drsb          fz_ws.l(daddsub_clz.o)
    0x08001d6e   0x08001d6e   0x00000002   PAD
    0x08001d70   0x08001d70   0x000001d4   Code   RO         1118    x$fpl$dsub          fz_ws.l(daddsub_clz.o)
    0x08001f44   0x08001f44   0x00000056   Code   RO         1090    x$fpl$f2d           fz_ws.l(f2d.o)
    0x08001f9a   0x08001f9a   0x00000002   PAD
    0x08001f9c   0x08001f9c   0x000000c4   Code   RO         1092    x$fpl$fadd          fz_ws.l(faddsub_clz.o)
    0x08002060   0x08002060   0x00000036   Code   RO         1098    x$fpl$ffix          fz_ws.l(ffix.o)
    0x08002096   0x08002096   0x00000002   PAD
    0x08002098   0x08002098   0x00000102   Code   RO         1102    x$fpl$fmul          fz_ws.l(fmul.o)
    0x0800219a   0x0800219a   0x0000008c   Code   RO         1128    x$fpl$fnaninf       fz_ws.l(fnaninf.o)
    0x08002226   0x08002226   0x0000000a   Code   RO         1130    x$fpl$fretinf       fz_ws.l(fretinf.o)
    0x08002230   0x08002230   0x000000ea   Code   RO         1094    x$fpl$fsub          fz_ws.l(faddsub_clz.o)
    0x0800231a   0x0800231a   0x00000000   Code   RO         1132    x$fpl$usenofp       fz_ws.l(usenofp.o)
    0x0800231a   0x0800231a   0x00000002   PAD
    0x0800231c   0x0800231c   0x00000020   Data   RO         1291    Region$$Table       anon$$obj.o


    Execution Region RW_IRAM1 (Exec base: 0x20000000, Load base: 0x0800233c, Size: 0x000006d0, Max: 0x00005000, ABSOLUTE)

    Exec Addr    Load Addr    Size         Type   Attr      Idx    E Section Name        Object

    0x20000000   0x0800233c   0x00000010   Data   RW            8    .data               steering_angle.o
    0x20000010   0x0800234c   0x00000005   Data   RW          242    .data               stk_program.o
    0x20000015   0x08002351   0x00000003   PAD
    0x20000018   0x08002354   0x00000008   Data   RW          317    .data               adc_program.o
    0x20000020   0x0800235c   0x0000000a   Data   RW          461    .data               spi_prog.o
    0x2000002a   0x08002366   0x00000002   PAD
    0x2000002c   0x08002368   0x00000004   Data   RW          553    .data               dma.o
    0x20000030        -       0x00000040   Zero   RW          879    .bss                exti_program.o
    0x20000070        -       0x00000060   Zero   RW         1165    .bss                c_w.l(libspace.o)
    0x200000d0        -       0x00000200   Zero   RW          959    HEAP                startup_stm32f10x_md.o
    0x200002d0        -       0x00000400   Zero   RW          958    STACK               startup_stm32f10x_md.o


==============================================================================

Image component sizes


      Code (inc. data)   RO Data    RW Data    ZI Data      Debug   Object Name

        28          6          0          8          0       1422   adc_program.o
        96          4          0          0          0        685   afio_program.o
        16          6          0          4          0       1198   dma.o
       436         82          0          0         64       5888   exti_program.o
       520         40          0          0          0       2034   gpio_program.o
        80          8          0          0          0       1067   nvic_program.o
       184          8          0          0          0       1081   rcc_interface.o
        32         12          0         10          0       1890   spi_prog.o
        64         26        236          0       1536        892   startup_stm32f10x_md.o
       704         82          0         16          0       6143   steering_angle.o
       134         20          0          5          0       2275   stk_program.o
       328         28          0          0          0       5353   system_stm32f10x.o
      1500         72          0          0          0       3082   usart_interface.o

    ----------------------------------------------------------------------
      4124        394        268         48       1600      33010   Object Totals
         0          0         32          0          0          0   (incl. Generated)
         2          0          0          5          0          0   (incl. Padding)

    ----------------------------------------------------------------------

      Code (inc. data)   RO Data    RW Data    ZI Data      Debug   Library Member Name

         8          0          0          0          0         68   __main.o
       104          0          0          0          0         84   __printf.o
         0          0          0          0          0          0   __rtentry.o
        12          0          0          0          0          0   __rtentry2.o
         6          0          0          0          0          0   __rtentry4.o
        52          8          0          0          0          0   __scatter.o
        26          0          0          0          0          0   __scatter_copy.o
        28          0          0          0          0          0   __scatter_zi.o
        48          6          0          0          0         96   _printf_char_common.o
         6          0          0          0          0          0   _printf_d.o
       120         16          0          0          0         92   _printf_dec.o
       178          0          0          0          0         88   _printf_intcommon.o
         0          0          0          0          0          0   _printf_percent.o
         4          0          0          0          0          0   _printf_percent_end.o
        10          0          0          0          0         68   _sputc.o
        18          0          0          0          0         80   exit.o
         6          0          0          0          0        152   heapauxi.o
         0          0          0          0          0          0   indicate_semi.o
         2          0          0          0          0          0   libinit.o
         2          0          0          0          0          0   libinit2.o
         2          0          0          0          0          0   libshutdown.o
         2          0          0          0          0          0   libshutdown2.o
         8          4          0          0         96         68   libspace.o
        40          6          0          0          0         84   noretval__2sprintf.o
         2          0          0          0          0          0   rtexit.o
        10          0          0          0          0          0   rtexit2.o
        12          4          0          0          0         68   sys_exit.o
        74          0          0          0          0         80   sys_stackheap_outer.o
         2          0          0          0          0         68   use_no_semi.o
        98          4          0          0          0         92   d2f.o
       826         16          0          0          0        348   daddsub_clz.o
        24          0          0          0          0         68   dcmpi.o
       688        140          0          0          0        208   ddiv.o
        94          4          0          0          0         92   dfix.o
       162          0          0          0          0         84   dfltll_clz.o
       120          4          0          0          0         92   dleqf.o
       340         12          0          0          0        104   dmul.o
       156          4          0          0          0         92   dnaninf.o
        12          0          0          0          0         68   dretinf.o
       108          0          0          0          0         80   drleqf.o
        86          4          0          0          0         84   f2d.o
       430          8          0          0          0        168   faddsub_clz.o
        54          4          0          0          0         84   ffix.o
       258          4          0          0          0         84   fmul.o
       140          4          0          0          0         84   fnaninf.o
        10          0          0          0          0         68   fretinf.o
         0          0          0          0          0          0   usenofp.o
       220         16          0          0          0         84   floor.o

    ----------------------------------------------------------------------
      4628        268          0          0         96       3080   Library Totals
        20          0          0          0          0          0   (incl. Padding)

    ----------------------------------------------------------------------

      Code (inc. data)   RO Data    RW Data    ZI Data      Debug   Library Name

       782         44          0          0         96       1096   c_w.l
      3606        208          0          0          0       1900   fz_ws.l
       220         16          0          0          0         84   m_ws.l

    ----------------------------------------------------------------------
      4628        268          0          0         96       3080   Library Totals

    ----------------------------------------------------------------------

==============================================================================


      Code (inc. data)   RO Data    RW Data    ZI Data      Debug   

      8752        662        268         48       1696      32758   Grand Totals
      8752        662        268         48       1696      32758   ELF Image Totals
      8752        662        268         48          0          0   ROM Totals

==============================================================================

    Total RO  Size (Code + RO Data)                 9020 (   8.81kB)
    Total RW  Size (RW Data + ZI Data)              1744 (   1.70kB)
    Total ROM Size (Code + RO Data + RW Data)       9068 (   8.86kB)

==============================================================================

