Archive member included to satisfy reference by file (symbol)

c:/program files (x86)/atmel/studio/7.0/toolchain/avr8/avr8-gnu-toolchain/bin/../lib/gcc/avr/5.4.0/avr5\libgcc.a(_udivmodhi4.o)
                              Free RTOS/queue.o (__udivmodhi4)
c:/program files (x86)/atmel/studio/7.0/toolchain/avr8/avr8-gnu-toolchain/bin/../lib/gcc/avr/5.4.0/avr5\libgcc.a(_exit.o)
                              C:/Program Files (x86)/Atmel/Studio/7.0/Packs/atmel/ATmega_DFP/1.7.374/gcc/dev/atmega32/avr5/crtatmega32.o (exit)
c:/program files (x86)/atmel/studio/7.0/toolchain/avr8/avr8-gnu-toolchain/bin/../lib/gcc/avr/5.4.0/avr5\libgcc.a(_copy_data.o)
                              Free RTOS/heap_2.o (__do_copy_data)
c:/program files (x86)/atmel/studio/7.0/toolchain/avr8/avr8-gnu-toolchain/bin/../lib/gcc/avr/5.4.0/avr5\libgcc.a(_clear_bss.o)
                              ATMEGA 32 Drivers/Gpio.o (__do_clear_bss)
c:/program files (x86)/atmel/studio/7.0/toolchain/avr8/avr8-gnu-toolchain/bin/../lib/gcc/avr/5.4.0/../../../../avr/lib/avr5\libc.a(memcpy.o)
                              Free RTOS/queue.o (memcpy)
c:/program files (x86)/atmel/studio/7.0/toolchain/avr8/avr8-gnu-toolchain/bin/../lib/gcc/avr/5.4.0/../../../../avr/lib/avr5\libc.a(memset.o)
                              Free RTOS/tasks.o (memset)

Allocating common symbols
Common symbol       size              file

xQueueRegistry      0x20              Free RTOS/queue.o
xb                  0x2               main.o

Discarded input sections

 .data          0x00000000        0x0 C:/Program Files (x86)/Atmel/Studio/7.0/Packs/atmel/ATmega_DFP/1.7.374/gcc/dev/atmega32/avr5/crtatmega32.o
 .bss           0x00000000        0x0 C:/Program Files (x86)/Atmel/Studio/7.0/Packs/atmel/ATmega_DFP/1.7.374/gcc/dev/atmega32/avr5/crtatmega32.o
 .text          0x00000000        0x0 ATMEGA 32 Drivers/Gpio.o
 .data          0x00000000        0x0 ATMEGA 32 Drivers/Gpio.o
 .bss           0x00000000        0x0 ATMEGA 32 Drivers/Gpio.o
 .text.attachInterrupt
                0x00000000       0xc8 ATMEGA 32 Drivers/Gpio.o
 .text.noInterrupts
                0x00000000        0x4 ATMEGA 32 Drivers/Gpio.o
 .text.Interrupts
                0x00000000        0x4 ATMEGA 32 Drivers/Gpio.o
 .text          0x00000000        0x0 Free RTOS/croutine.o
 .data          0x00000000        0x0 Free RTOS/croutine.o
 .bss           0x00000000        0x0 Free RTOS/croutine.o
 .debug_info    0x00000000       0x64 Free RTOS/croutine.o
 .debug_abbrev  0x00000000       0x26 Free RTOS/croutine.o
 .debug_aranges
                0x00000000       0x18 Free RTOS/croutine.o
 .debug_line    0x00000000       0x1a Free RTOS/croutine.o
 .debug_str     0x00000000      0x17c Free RTOS/croutine.o
 .comment       0x00000000       0x31 Free RTOS/croutine.o
 .text          0x00000000        0x0 Free RTOS/event_groups.o
 .data          0x00000000        0x0 Free RTOS/event_groups.o
 .bss           0x00000000        0x0 Free RTOS/event_groups.o
 .text.xEventGroupGetBitsFromISR
                0x00000000        0x8 Free RTOS/event_groups.o
 .text.xEventGroupSync
                0x00000000       0xd6 Free RTOS/event_groups.o
 .text.vEventGroupDelete
                0x00000000       0x2e Free RTOS/event_groups.o
 .text.vEventGroupSetBitsCallback
                0x00000000        0x8 Free RTOS/event_groups.o
 .text.vEventGroupClearBitsCallback
                0x00000000        0x8 Free RTOS/event_groups.o
 .text.uxEventGroupGetNumber
                0x00000000        0xe Free RTOS/event_groups.o
 .text.vEventGroupSetNumber
                0x00000000        0x6 Free RTOS/event_groups.o
 .text          0x00000000        0x0 Free RTOS/heap_2.o
 .data          0x00000000        0x0 Free RTOS/heap_2.o
 .bss           0x00000000        0x0 Free RTOS/heap_2.o
 .text.xPortGetFreeHeapSize
                0x00000000        0xa Free RTOS/heap_2.o
 .text.vPortInitialiseBlocks
                0x00000000        0x2 Free RTOS/heap_2.o
 .text          0x00000000        0x0 Free RTOS/list.o
 .data          0x00000000        0x0 Free RTOS/list.o
 .bss           0x00000000        0x0 Free RTOS/list.o
 .text.vListInsertEnd
                0x00000000       0x42 Free RTOS/list.o
 .text          0x00000000        0x0 Free RTOS/port.o
 .data          0x00000000        0x0 Free RTOS/port.o
 .bss           0x00000000        0x0 Free RTOS/port.o
 .text.vPortEndScheduler
                0x00000000        0x2 Free RTOS/port.o
 .text          0x00000000        0x0 Free RTOS/queue.o
 .data          0x00000000        0x0 Free RTOS/queue.o
 .bss           0x00000000        0x0 Free RTOS/queue.o
 .text.prvGetDisinheritPriorityAfterTimeout
                0x00000000       0x20 Free RTOS/queue.o
 .text.prvIsQueueEmpty
                0x00000000       0x1a Free RTOS/queue.o
 .text.prvIsQueueFull
                0x00000000       0x1c Free RTOS/queue.o
 .text.prvCopyDataToQueue
                0x00000000       0xbe Free RTOS/queue.o
 .text.prvCopyDataFromQueue
                0x00000000       0x34 Free RTOS/queue.o
 .text.prvUnlockQueue
                0x00000000       0x68 Free RTOS/queue.o
 .text.xQueueGenericReset
                0x00000000       0xc0 Free RTOS/queue.o
 .text.prvInitialiseNewQueue
                0x00000000       0x36 Free RTOS/queue.o
 .text.xQueueGenericCreate
                0x00000000       0x82 Free RTOS/queue.o
 .text.xQueueGenericSend
                0x00000000      0x124 Free RTOS/queue.o
 .text.prvInitialiseMutex
                0x00000000       0x20 Free RTOS/queue.o
 .text.xQueueCreateMutex
                0x00000000       0x1c Free RTOS/queue.o
 .text.xQueueGenericSendFromISR
                0x00000000       0x78 Free RTOS/queue.o
 .text.xQueueGiveFromISR
                0x00000000       0x52 Free RTOS/queue.o
 .text.xQueueReceive
                0x00000000      0x11e Free RTOS/queue.o
 .text.xQueueSemaphoreTake
                0x00000000      0x162 Free RTOS/queue.o
 .text.xQueuePeek
                0x00000000      0x122 Free RTOS/queue.o
 .text.xQueueReceiveFromISR
                0x00000000       0x6e Free RTOS/queue.o
 .text.xQueuePeekFromISR
                0x00000000       0x2e Free RTOS/queue.o
 .text.uxQueueMessagesWaiting
                0x00000000       0x10 Free RTOS/queue.o
 .text.uxQueueSpacesAvailable
                0x00000000       0x16 Free RTOS/queue.o
 .text.uxQueueMessagesWaitingFromISR
                0x00000000        0x6 Free RTOS/queue.o
 .text.uxQueueGetQueueNumber
                0x00000000        0x6 Free RTOS/queue.o
 .text.vQueueSetQueueNumber
                0x00000000        0x6 Free RTOS/queue.o
 .text.ucQueueGetQueueType
                0x00000000        0x6 Free RTOS/queue.o
 .text.xQueueIsQueueEmptyFromISR
                0x00000000       0x10 Free RTOS/queue.o
 .text.xQueueIsQueueFullFromISR
                0x00000000       0x12 Free RTOS/queue.o
 .text.vQueueAddToRegistry
                0x00000000       0x74 Free RTOS/queue.o
 .text.pcQueueGetName
                0x00000000       0x42 Free RTOS/queue.o
 .text.vQueueUnregisterQueue
                0x00000000       0x42 Free RTOS/queue.o
 .text.vQueueDelete
                0x00000000       0x16 Free RTOS/queue.o
 .debug_info    0x00000000     0x186a Free RTOS/queue.o
 .debug_abbrev  0x00000000      0x282 Free RTOS/queue.o
 .debug_loc     0x00000000     0x1c93 Free RTOS/queue.o
 .debug_aranges
                0x00000000      0x110 Free RTOS/queue.o
 .debug_ranges  0x00000000      0x148 Free RTOS/queue.o
 .debug_line    0x00000000      0xcba Free RTOS/queue.o
 .debug_str     0x00000000      0x999 Free RTOS/queue.o
 .comment       0x00000000       0x31 Free RTOS/queue.o
 .debug_frame   0x00000000      0x3b4 Free RTOS/queue.o
 COMMON         0x00000000       0x20 Free RTOS/queue.o
 .text          0x00000000        0x0 Free RTOS/stream_buffer.o
 .data          0x00000000        0x0 Free RTOS/stream_buffer.o
 .bss           0x00000000        0x0 Free RTOS/stream_buffer.o
 .text.prvBytesInBuffer
                0x00000000       0x26 Free RTOS/stream_buffer.o
 .text.prvInitialiseNewStreamBuffer
                0x00000000       0x20 Free RTOS/stream_buffer.o
 .text.prvWriteBytesToBuffer
                0x00000000       0x88 Free RTOS/stream_buffer.o
 .text.prvWriteMessageToBuffer
                0x00000000       0x90 Free RTOS/stream_buffer.o
 .text.prvReadBytesFromBuffer
                0x00000000       0x88 Free RTOS/stream_buffer.o
 .text.prvReadMessageFromBuffer
                0x00000000       0x90 Free RTOS/stream_buffer.o
 .text.xStreamBufferGenericCreate
                0x00000000       0x68 Free RTOS/stream_buffer.o
 .text.vStreamBufferDelete
                0x00000000       0x1a Free RTOS/stream_buffer.o
 .text.xStreamBufferReset
                0x00000000       0x52 Free RTOS/stream_buffer.o
 .text.xStreamBufferSetTriggerLevel
                0x00000000       0x22 Free RTOS/stream_buffer.o
 .text.xStreamBufferSpacesAvailable
                0x00000000       0x34 Free RTOS/stream_buffer.o
 .text.xStreamBufferBytesAvailable
                0x00000000        0x6 Free RTOS/stream_buffer.o
 .text.xStreamBufferSend
                0x00000000      0x174 Free RTOS/stream_buffer.o
 .text.xStreamBufferSendFromISR
                0x00000000       0x8e Free RTOS/stream_buffer.o
 .text.xStreamBufferReceive
                0x00000000      0x102 Free RTOS/stream_buffer.o
 .text.xStreamBufferNextMessageLengthBytes
                0x00000000       0x54 Free RTOS/stream_buffer.o
 .text.xStreamBufferReceiveFromISR
                0x00000000       0x8a Free RTOS/stream_buffer.o
 .text.xStreamBufferIsEmpty
                0x00000000       0x18 Free RTOS/stream_buffer.o
 .text.xStreamBufferIsFull
                0x00000000       0x2c Free RTOS/stream_buffer.o
 .text.xStreamBufferSendCompletedFromISR
                0x00000000       0x4c Free RTOS/stream_buffer.o
 .text.xStreamBufferReceiveCompletedFromISR
                0x00000000       0x4c Free RTOS/stream_buffer.o
 .text.uxStreamBufferGetStreamBufferNumber
                0x00000000        0x6 Free RTOS/stream_buffer.o
 .text.vStreamBufferSetStreamBufferNumber
                0x00000000        0x6 Free RTOS/stream_buffer.o
 .text.ucStreamBufferGetStreamBufferType
                0x00000000        0x8 Free RTOS/stream_buffer.o
 .debug_info    0x00000000     0x1373 Free RTOS/stream_buffer.o
 .debug_abbrev  0x00000000      0x22a Free RTOS/stream_buffer.o
 .debug_loc     0x00000000     0x1c29 Free RTOS/stream_buffer.o
 .debug_aranges
                0x00000000       0xd8 Free RTOS/stream_buffer.o
 .debug_ranges  0x00000000       0xc8 Free RTOS/stream_buffer.o
 .debug_line    0x00000000      0x7c8 Free RTOS/stream_buffer.o
 .debug_str     0x00000000      0x82f Free RTOS/stream_buffer.o
 .comment       0x00000000       0x31 Free RTOS/stream_buffer.o
 .debug_frame   0x00000000      0x424 Free RTOS/stream_buffer.o
 .text          0x00000000        0x0 Free RTOS/tasks.o
 .data          0x00000000        0x0 Free RTOS/tasks.o
 .bss           0x00000000        0x0 Free RTOS/tasks.o
 .text.prvTaskIsTaskSuspended
                0x00000000       0x2e Free RTOS/tasks.o
 .text.prvTaskCheckFreeStackSpace
                0x00000000       0x1a Free RTOS/tasks.o
 .text.vTaskDelete
                0x00000000       0xb0 Free RTOS/tasks.o
 .text.eTaskGetState
                0x00000000       0x98 Free RTOS/tasks.o
 .text.uxTaskPriorityGet
                0x00000000       0x1e Free RTOS/tasks.o
 .text.uxTaskPriorityGetFromISR
                0x00000000       0x14 Free RTOS/tasks.o
 .text.vTaskPrioritySet
                0x00000000      0x13e Free RTOS/tasks.o
 .text.vTaskResume
                0x00000000       0xcc Free RTOS/tasks.o
 .text.xTaskResumeFromISR
                0x00000000       0xda Free RTOS/tasks.o
 .text.vTaskEndScheduler
                0x00000000        0xc Free RTOS/tasks.o
 .text.xTaskGetTickCount
                0x00000000       0x14 Free RTOS/tasks.o
 .text.xTaskGetTickCountFromISR
                0x00000000        0xa Free RTOS/tasks.o
 .text.uxTaskGetNumberOfTasks
                0x00000000        0x6 Free RTOS/tasks.o
 .text.pcTaskGetName
                0x00000000       0x10 Free RTOS/tasks.o
 .text.xTaskDelayUntil
                0x00000000       0x84 Free RTOS/tasks.o
 .text.vTaskDelay
                0x00000000       0x2c Free RTOS/tasks.o
 .text.xTaskCatchUpTicks
                0x00000000       0x28 Free RTOS/tasks.o
 .text.vTaskSuspend
                0x00000000       0xc2 Free RTOS/tasks.o
 .text.vTaskPlaceOnEventList
                0x00000000       0x24 Free RTOS/tasks.o
 .text.xTaskRemoveFromEventList
                0x00000000      0x17a Free RTOS/tasks.o
 .text.vTaskSetTimeOutState
                0x00000000       0x20 Free RTOS/tasks.o
 .text.vTaskInternalSetTimeOutState
                0x00000000       0x16 Free RTOS/tasks.o
 .text.xTaskCheckForTimeOut
                0x00000000       0x7e Free RTOS/tasks.o
 .text.vTaskMissedYield
                0x00000000        0x8 Free RTOS/tasks.o
 .text.uxTaskGetTaskNumber
                0x00000000        0xe Free RTOS/tasks.o
 .text.vTaskSetTaskNumber
                0x00000000        0xa Free RTOS/tasks.o
 .text.vTaskGetInfo
                0x00000000       0xa6 Free RTOS/tasks.o
 .text.prvListTasksWithinSingleList
                0x00000000       0xb4 Free RTOS/tasks.o
 .text.uxTaskGetSystemState
                0x00000000       0xe8 Free RTOS/tasks.o
 .text.xTaskGetCurrentTaskHandle
                0x00000000        0xa Free RTOS/tasks.o
 .text.xTaskPriorityInherit
                0x00000000      0x128 Free RTOS/tasks.o
 .text.xTaskPriorityDisinherit
                0x00000000       0xc6 Free RTOS/tasks.o
 .text.vTaskPriorityDisinheritAfterTimeout
                0x00000000       0xe6 Free RTOS/tasks.o
 .text.pvTaskIncrementMutexHeldCount
                0x00000000       0x24 Free RTOS/tasks.o
 .text.ulTaskGenericNotifyTake
                0x00000000      0x106 Free RTOS/tasks.o
 .text.xTaskGenericNotifyWait
                0x00000000      0x142 Free RTOS/tasks.o
 .text.xTaskGenericNotify
                0x00000000      0x20a Free RTOS/tasks.o
 .text.xTaskGenericNotifyFromISR
                0x00000000      0x260 Free RTOS/tasks.o
 .text.vTaskGenericNotifyGiveFromISR
                0x00000000      0x194 Free RTOS/tasks.o
 .text.xTaskGenericNotifyStateClear
                0x00000000       0x34 Free RTOS/tasks.o
 .text.ulTaskGenericNotifyValueClear
                0x00000000       0x6c Free RTOS/tasks.o
 .text          0x00000000        0x0 Free RTOS/timers.o
 .data          0x00000000        0x0 Free RTOS/timers.o
 .bss           0x00000000        0x0 Free RTOS/timers.o
 .debug_info    0x00000000       0x64 Free RTOS/timers.o
 .debug_abbrev  0x00000000       0x26 Free RTOS/timers.o
 .debug_aranges
                0x00000000       0x18 Free RTOS/timers.o
 .debug_line    0x00000000       0x1a Free RTOS/timers.o
 .debug_str     0x00000000      0x17a Free RTOS/timers.o
 .comment       0x00000000       0x31 Free RTOS/timers.o
 .text          0x00000000        0x0 main.o
 .data          0x00000000        0x0 main.o
 .bss           0x00000000        0x0 main.o
 .text          0x00000000        0x0 c:/program files (x86)/atmel/studio/7.0/toolchain/avr8/avr8-gnu-toolchain/bin/../lib/gcc/avr/5.4.0/avr5\libgcc.a(_udivmodhi4.o)
 .data          0x00000000        0x0 c:/program files (x86)/atmel/studio/7.0/toolchain/avr8/avr8-gnu-toolchain/bin/../lib/gcc/avr/5.4.0/avr5\libgcc.a(_udivmodhi4.o)
 .bss           0x00000000        0x0 c:/program files (x86)/atmel/studio/7.0/toolchain/avr8/avr8-gnu-toolchain/bin/../lib/gcc/avr/5.4.0/avr5\libgcc.a(_udivmodhi4.o)
 .text.libgcc.mul
                0x00000000        0x0 c:/program files (x86)/atmel/studio/7.0/toolchain/avr8/avr8-gnu-toolchain/bin/../lib/gcc/avr/5.4.0/avr5\libgcc.a(_udivmodhi4.o)
 .text.libgcc.div
                0x00000000       0x28 c:/program files (x86)/atmel/studio/7.0/toolchain/avr8/avr8-gnu-toolchain/bin/../lib/gcc/avr/5.4.0/avr5\libgcc.a(_udivmodhi4.o)
 .text.libgcc   0x00000000        0x0 c:/program files (x86)/atmel/studio/7.0/toolchain/avr8/avr8-gnu-toolchain/bin/../lib/gcc/avr/5.4.0/avr5\libgcc.a(_udivmodhi4.o)
 .text.libgcc.prologue
                0x00000000        0x0 c:/program files (x86)/atmel/studio/7.0/toolchain/avr8/avr8-gnu-toolchain/bin/../lib/gcc/avr/5.4.0/avr5\libgcc.a(_udivmodhi4.o)
 .text.libgcc.builtins
                0x00000000        0x0 c:/program files (x86)/atmel/studio/7.0/toolchain/avr8/avr8-gnu-toolchain/bin/../lib/gcc/avr/5.4.0/avr5\libgcc.a(_udivmodhi4.o)
 .text.libgcc.fmul
                0x00000000        0x0 c:/program files (x86)/atmel/studio/7.0/toolchain/avr8/avr8-gnu-toolchain/bin/../lib/gcc/avr/5.4.0/avr5\libgcc.a(_udivmodhi4.o)
 .text.libgcc.fixed
                0x00000000        0x0 c:/program files (x86)/atmel/studio/7.0/toolchain/avr8/avr8-gnu-toolchain/bin/../lib/gcc/avr/5.4.0/avr5\libgcc.a(_udivmodhi4.o)
 .text          0x00000000        0x0 c:/program files (x86)/atmel/studio/7.0/toolchain/avr8/avr8-gnu-toolchain/bin/../lib/gcc/avr/5.4.0/avr5\libgcc.a(_exit.o)
 .data          0x00000000        0x0 c:/program files (x86)/atmel/studio/7.0/toolchain/avr8/avr8-gnu-toolchain/bin/../lib/gcc/avr/5.4.0/avr5\libgcc.a(_exit.o)
 .bss           0x00000000        0x0 c:/program files (x86)/atmel/studio/7.0/toolchain/avr8/avr8-gnu-toolchain/bin/../lib/gcc/avr/5.4.0/avr5\libgcc.a(_exit.o)
 .text.libgcc.mul
                0x00000000        0x0 c:/program files (x86)/atmel/studio/7.0/toolchain/avr8/avr8-gnu-toolchain/bin/../lib/gcc/avr/5.4.0/avr5\libgcc.a(_exit.o)
 .text.libgcc.div
                0x00000000        0x0 c:/program files (x86)/atmel/studio/7.0/toolchain/avr8/avr8-gnu-toolchain/bin/../lib/gcc/avr/5.4.0/avr5\libgcc.a(_exit.o)
 .text.libgcc   0x00000000        0x0 c:/program files (x86)/atmel/studio/7.0/toolchain/avr8/avr8-gnu-toolchain/bin/../lib/gcc/avr/5.4.0/avr5\libgcc.a(_exit.o)
 .text.libgcc.prologue
                0x00000000        0x0 c:/program files (x86)/atmel/studio/7.0/toolchain/avr8/avr8-gnu-toolchain/bin/../lib/gcc/avr/5.4.0/avr5\libgcc.a(_exit.o)
 .text.libgcc.builtins
                0x00000000        0x0 c:/program files (x86)/atmel/studio/7.0/toolchain/avr8/avr8-gnu-toolchain/bin/../lib/gcc/avr/5.4.0/avr5\libgcc.a(_exit.o)
 .text.libgcc.fmul
                0x00000000        0x0 c:/program files (x86)/atmel/studio/7.0/toolchain/avr8/avr8-gnu-toolchain/bin/../lib/gcc/avr/5.4.0/avr5\libgcc.a(_exit.o)
 .text.libgcc.fixed
                0x00000000        0x0 c:/program files (x86)/atmel/studio/7.0/toolchain/avr8/avr8-gnu-toolchain/bin/../lib/gcc/avr/5.4.0/avr5\libgcc.a(_exit.o)
 .text          0x00000000        0x0 c:/program files (x86)/atmel/studio/7.0/toolchain/avr8/avr8-gnu-toolchain/bin/../lib/gcc/avr/5.4.0/avr5\libgcc.a(_copy_data.o)
 .data          0x00000000        0x0 c:/program files (x86)/atmel/studio/7.0/toolchain/avr8/avr8-gnu-toolchain/bin/../lib/gcc/avr/5.4.0/avr5\libgcc.a(_copy_data.o)
 .bss           0x00000000        0x0 c:/program files (x86)/atmel/studio/7.0/toolchain/avr8/avr8-gnu-toolchain/bin/../lib/gcc/avr/5.4.0/avr5\libgcc.a(_copy_data.o)
 .text.libgcc.mul
                0x00000000        0x0 c:/program files (x86)/atmel/studio/7.0/toolchain/avr8/avr8-gnu-toolchain/bin/../lib/gcc/avr/5.4.0/avr5\libgcc.a(_copy_data.o)
 .text.libgcc.div
                0x00000000        0x0 c:/program files (x86)/atmel/studio/7.0/toolchain/avr8/avr8-gnu-toolchain/bin/../lib/gcc/avr/5.4.0/avr5\libgcc.a(_copy_data.o)
 .text.libgcc   0x00000000        0x0 c:/program files (x86)/atmel/studio/7.0/toolchain/avr8/avr8-gnu-toolchain/bin/../lib/gcc/avr/5.4.0/avr5\libgcc.a(_copy_data.o)
 .text.libgcc.prologue
                0x00000000        0x0 c:/program files (x86)/atmel/studio/7.0/toolchain/avr8/avr8-gnu-toolchain/bin/../lib/gcc/avr/5.4.0/avr5\libgcc.a(_copy_data.o)
 .text.libgcc.builtins
                0x00000000        0x0 c:/program files (x86)/atmel/studio/7.0/toolchain/avr8/avr8-gnu-toolchain/bin/../lib/gcc/avr/5.4.0/avr5\libgcc.a(_copy_data.o)
 .text.libgcc.fmul
                0x00000000        0x0 c:/program files (x86)/atmel/studio/7.0/toolchain/avr8/avr8-gnu-toolchain/bin/../lib/gcc/avr/5.4.0/avr5\libgcc.a(_copy_data.o)
 .text.libgcc.fixed
                0x00000000        0x0 c:/program files (x86)/atmel/studio/7.0/toolchain/avr8/avr8-gnu-toolchain/bin/../lib/gcc/avr/5.4.0/avr5\libgcc.a(_copy_data.o)
 .text          0x00000000        0x0 c:/program files (x86)/atmel/studio/7.0/toolchain/avr8/avr8-gnu-toolchain/bin/../lib/gcc/avr/5.4.0/avr5\libgcc.a(_clear_bss.o)
 .data          0x00000000        0x0 c:/program files (x86)/atmel/studio/7.0/toolchain/avr8/avr8-gnu-toolchain/bin/../lib/gcc/avr/5.4.0/avr5\libgcc.a(_clear_bss.o)
 .bss           0x00000000        0x0 c:/program files (x86)/atmel/studio/7.0/toolchain/avr8/avr8-gnu-toolchain/bin/../lib/gcc/avr/5.4.0/avr5\libgcc.a(_clear_bss.o)
 .text.libgcc.mul
                0x00000000        0x0 c:/program files (x86)/atmel/studio/7.0/toolchain/avr8/avr8-gnu-toolchain/bin/../lib/gcc/avr/5.4.0/avr5\libgcc.a(_clear_bss.o)
 .text.libgcc.div
                0x00000000        0x0 c:/program files (x86)/atmel/studio/7.0/toolchain/avr8/avr8-gnu-toolchain/bin/../lib/gcc/avr/5.4.0/avr5\libgcc.a(_clear_bss.o)
 .text.libgcc   0x00000000        0x0 c:/program files (x86)/atmel/studio/7.0/toolchain/avr8/avr8-gnu-toolchain/bin/../lib/gcc/avr/5.4.0/avr5\libgcc.a(_clear_bss.o)
 .text.libgcc.prologue
                0x00000000        0x0 c:/program files (x86)/atmel/studio/7.0/toolchain/avr8/avr8-gnu-toolchain/bin/../lib/gcc/avr/5.4.0/avr5\libgcc.a(_clear_bss.o)
 .text.libgcc.builtins
                0x00000000        0x0 c:/program files (x86)/atmel/studio/7.0/toolchain/avr8/avr8-gnu-toolchain/bin/../lib/gcc/avr/5.4.0/avr5\libgcc.a(_clear_bss.o)
 .text.libgcc.fmul
                0x00000000        0x0 c:/program files (x86)/atmel/studio/7.0/toolchain/avr8/avr8-gnu-toolchain/bin/../lib/gcc/avr/5.4.0/avr5\libgcc.a(_clear_bss.o)
 .text.libgcc.fixed
                0x00000000        0x0 c:/program files (x86)/atmel/studio/7.0/toolchain/avr8/avr8-gnu-toolchain/bin/../lib/gcc/avr/5.4.0/avr5\libgcc.a(_clear_bss.o)
 .text          0x00000000        0x0 c:/program files (x86)/atmel/studio/7.0/toolchain/avr8/avr8-gnu-toolchain/bin/../lib/gcc/avr/5.4.0/../../../../avr/lib/avr5\libc.a(memcpy.o)
 .data          0x00000000        0x0 c:/program files (x86)/atmel/studio/7.0/toolchain/avr8/avr8-gnu-toolchain/bin/../lib/gcc/avr/5.4.0/../../../../avr/lib/avr5\libc.a(memcpy.o)
 .bss           0x00000000        0x0 c:/program files (x86)/atmel/studio/7.0/toolchain/avr8/avr8-gnu-toolchain/bin/../lib/gcc/avr/5.4.0/../../../../avr/lib/avr5\libc.a(memcpy.o)
 .text.avr-libc
                0x00000000       0x12 c:/program files (x86)/atmel/studio/7.0/toolchain/avr8/avr8-gnu-toolchain/bin/../lib/gcc/avr/5.4.0/../../../../avr/lib/avr5\libc.a(memcpy.o)
 .text          0x00000000        0x0 c:/program files (x86)/atmel/studio/7.0/toolchain/avr8/avr8-gnu-toolchain/bin/../lib/gcc/avr/5.4.0/../../../../avr/lib/avr5\libc.a(memset.o)
 .data          0x00000000        0x0 c:/program files (x86)/atmel/studio/7.0/toolchain/avr8/avr8-gnu-toolchain/bin/../lib/gcc/avr/5.4.0/../../../../avr/lib/avr5\libc.a(memset.o)
 .bss           0x00000000        0x0 c:/program files (x86)/atmel/studio/7.0/toolchain/avr8/avr8-gnu-toolchain/bin/../lib/gcc/avr/5.4.0/../../../../avr/lib/avr5\libc.a(memset.o)

Memory Configuration

Name             Origin             Length             Attributes
text             0x00000000         0x00008000         xr
data             0x00800060         0x00000800         rw !x
eeprom           0x00810000         0x00000400         rw !x
fuse             0x00820000         0x00000002         rw !x
lock             0x00830000         0x00000400         rw !x
signature        0x00840000         0x00000400         rw !x
user_signatures  0x00850000         0x00000400         rw !x
*default*        0x00000000         0xffffffff

Linker script and memory map

LOAD C:/Program Files (x86)/Atmel/Studio/7.0/Packs/atmel/ATmega_DFP/1.7.374/gcc/dev/atmega32/avr5/crtatmega32.o
LOAD ATMEGA 32 Drivers/Gpio.o
LOAD Free RTOS/croutine.o
LOAD Free RTOS/event_groups.o
LOAD Free RTOS/heap_2.o
LOAD Free RTOS/list.o
LOAD Free RTOS/port.o
LOAD Free RTOS/queue.o
LOAD Free RTOS/stream_buffer.o
LOAD Free RTOS/tasks.o
LOAD Free RTOS/timers.o
LOAD main.o
START GROUP
LOAD c:/program files (x86)/atmel/studio/7.0/toolchain/avr8/avr8-gnu-toolchain/bin/../lib/gcc/avr/5.4.0/../../../../avr/lib/avr5\libm.a
END GROUP
START GROUP
LOAD c:/program files (x86)/atmel/studio/7.0/toolchain/avr8/avr8-gnu-toolchain/bin/../lib/gcc/avr/5.4.0/avr5\libgcc.a
LOAD c:/program files (x86)/atmel/studio/7.0/toolchain/avr8/avr8-gnu-toolchain/bin/../lib/gcc/avr/5.4.0/../../../../avr/lib/avr5\libm.a
LOAD c:/program files (x86)/atmel/studio/7.0/toolchain/avr8/avr8-gnu-toolchain/bin/../lib/gcc/avr/5.4.0/../../../../avr/lib/avr5\libc.a
LOAD C:/Program Files (x86)/Atmel/Studio/7.0/Packs/atmel/ATmega_DFP/1.7.374/gcc/dev/atmega32/avr5\libatmega32.a
END GROUP
                0x00000000                __TEXT_REGION_ORIGIN__ = DEFINED (__TEXT_REGION_ORIGIN__)?__TEXT_REGION_ORIGIN__:0x0
                [0x00800060]                __DATA_REGION_ORIGIN__ = DEFINED (__DATA_REGION_ORIGIN__)?__DATA_REGION_ORIGIN__:0x800060
                [0x00008000]                __TEXT_REGION_LENGTH__ = DEFINED (__TEXT_REGION_LENGTH__)?__TEXT_REGION_LENGTH__:0x20000
                [0x00000800]                __DATA_REGION_LENGTH__ = DEFINED (__DATA_REGION_LENGTH__)?__DATA_REGION_LENGTH__:0xffa0
                [0x00000400]                __EEPROM_REGION_LENGTH__ = DEFINED (__EEPROM_REGION_LENGTH__)?__EEPROM_REGION_LENGTH__:0x10000
                [0x00000002]                __FUSE_REGION_LENGTH__ = DEFINED (__FUSE_REGION_LENGTH__)?__FUSE_REGION_LENGTH__:0x400
                0x00000400                __LOCK_REGION_LENGTH__ = DEFINED (__LOCK_REGION_LENGTH__)?__LOCK_REGION_LENGTH__:0x400
                0x00000400                __SIGNATURE_REGION_LENGTH__ = DEFINED (__SIGNATURE_REGION_LENGTH__)?__SIGNATURE_REGION_LENGTH__:0x400
                0x00000400                __USER_SIGNATURE_REGION_LENGTH__ = DEFINED (__USER_SIGNATURE_REGION_LENGTH__)?__USER_SIGNATURE_REGION_LENGTH__:0x400

.hash
 *(.hash)

.dynsym
 *(.dynsym)

.dynstr
 *(.dynstr)

.gnu.version
 *(.gnu.version)

.gnu.version_d
 *(.gnu.version_d)

.gnu.version_r
 *(.gnu.version_r)

.rel.init
 *(.rel.init)

.rela.init
 *(.rela.init)

.rel.text
 *(.rel.text)
 *(.rel.text.*)
 *(.rel.gnu.linkonce.t*)

.rela.text
 *(.rela.text)
 *(.rela.text.*)
 *(.rela.gnu.linkonce.t*)

.rel.fini
 *(.rel.fini)

.rela.fini
 *(.rela.fini)

.rel.rodata
 *(.rel.rodata)
 *(.rel.rodata.*)
 *(.rel.gnu.linkonce.r*)

.rela.rodata
 *(.rela.rodata)
 *(.rela.rodata.*)
 *(.rela.gnu.linkonce.r*)

.rel.data
 *(.rel.data)
 *(.rel.data.*)
 *(.rel.gnu.linkonce.d*)

.rela.data
 *(.rela.data)
 *(.rela.data.*)
 *(.rela.gnu.linkonce.d*)

.rel.ctors
 *(.rel.ctors)

.rela.ctors
 *(.rela.ctors)

.rel.dtors
 *(.rel.dtors)

.rela.dtors
 *(.rela.dtors)

.rel.got
 *(.rel.got)

.rela.got
 *(.rela.got)

.rel.bss
 *(.rel.bss)

.rela.bss
 *(.rela.bss)

.rel.plt
 *(.rel.plt)

.rela.plt
 *(.rela.plt)

.text           0x00000000     0x1be4
 *(.vectors)
 .vectors       0x00000000       0x54 C:/Program Files (x86)/Atmel/Studio/7.0/Packs/atmel/ATmega_DFP/1.7.374/gcc/dev/atmega32/avr5/crtatmega32.o
                0x00000000                __vector_default
                0x00000000                __vectors
 *(.vectors)
 *(.progmem.gcc*)
                0x00000054                . = ALIGN (0x2)
                0x00000054                __trampolines_start = .
 *(.trampolines)
 .trampolines   0x00000054        0x0 linker stubs
 *(.trampolines*)
                0x00000054                __trampolines_end = .
 *libprintf_flt.a:*(.progmem.data)
 *libc.a:*(.progmem.data)
 *(.progmem*)
                0x00000054                . = ALIGN (0x2)
 *(.jumptables)
 *(.jumptables*)
 *(.lowtext)
 *(.lowtext*)
                0x00000054                __ctors_start = .
 *(.ctors)
                0x00000054                __ctors_end = .
                0x00000054                __dtors_start = .
 *(.dtors)
                0x00000054                __dtors_end = .
 SORT(*)(.ctors)
 SORT(*)(.dtors)
 *(.init0)
 .init0         0x00000054        0x0 C:/Program Files (x86)/Atmel/Studio/7.0/Packs/atmel/ATmega_DFP/1.7.374/gcc/dev/atmega32/avr5/crtatmega32.o
                0x00000054                __init
 *(.init0)
 *(.init1)
 *(.init1)
 *(.init2)
 .init2         0x00000054        0xc C:/Program Files (x86)/Atmel/Studio/7.0/Packs/atmel/ATmega_DFP/1.7.374/gcc/dev/atmega32/avr5/crtatmega32.o
 *(.init2)
 *(.init3)
 *(.init3)
 *(.init4)
 .init4         0x00000060       0x16 c:/program files (x86)/atmel/studio/7.0/toolchain/avr8/avr8-gnu-toolchain/bin/../lib/gcc/avr/5.4.0/avr5\libgcc.a(_copy_data.o)
                0x00000060                __do_copy_data
 .init4         0x00000076       0x10 c:/program files (x86)/atmel/studio/7.0/toolchain/avr8/avr8-gnu-toolchain/bin/../lib/gcc/avr/5.4.0/avr5\libgcc.a(_clear_bss.o)
                0x00000076                __do_clear_bss
 *(.init4)
 *(.init5)
 *(.init5)
 *(.init6)
 *(.init6)
 *(.init7)
 *(.init7)
 *(.init8)
 *(.init8)
 *(.init9)
 .init9         0x00000086        0x8 C:/Program Files (x86)/Atmel/Studio/7.0/Packs/atmel/ATmega_DFP/1.7.374/gcc/dev/atmega32/avr5/crtatmega32.o
 *(.init9)
 *(.text)
 .text          0x0000008e        0x4 C:/Program Files (x86)/Atmel/Studio/7.0/Packs/atmel/ATmega_DFP/1.7.374/gcc/dev/atmega32/avr5/crtatmega32.o
                0x0000008e                __vector_12
                0x0000008e                __bad_interrupt
                0x0000008e                __vector_6
                0x0000008e                __vector_11
                0x0000008e                __vector_13
                0x0000008e                __vector_17
                0x0000008e                __vector_19
                0x0000008e                __vector_5
                0x0000008e                __vector_4
                0x0000008e                __vector_9
                0x0000008e                __vector_15
                0x0000008e                __vector_8
                0x0000008e                __vector_14
                0x0000008e                __vector_10
                0x0000008e                __vector_16
                0x0000008e                __vector_18
                0x0000008e                __vector_20
                0x00000092                . = ALIGN (0x2)
 *(.text.*)
 .text.pinMode  0x00000092      0x312 ATMEGA 32 Drivers/Gpio.o
                0x00000092                pinMode
 .text.digitalWrite
                0x000003a4      0x254 ATMEGA 32 Drivers/Gpio.o
                0x000003a4                digitalWrite
 .text.digitalRead
                0x000005f8       0xe6 ATMEGA 32 Drivers/Gpio.o
                0x000005f8                digitalRead
 .text.__vector_1
                0x000006de       0x4e ATMEGA 32 Drivers/Gpio.o
                0x000006de                __vector_1
 .text.__vector_2
                0x0000072c       0x4e ATMEGA 32 Drivers/Gpio.o
                0x0000072c                __vector_2
 .text.__vector_3
                0x0000077a       0x4e ATMEGA 32 Drivers/Gpio.o
                0x0000077a                __vector_3
 .text.prvTestWaitCondition
                0x000007c8       0x26 Free RTOS/event_groups.o
 .text.xEventGroupCreate
                0x000007ee       0x26 Free RTOS/event_groups.o
                0x000007ee                xEventGroupCreate
 .text.xEventGroupWaitBits
                0x00000814       0xe4 Free RTOS/event_groups.o
                0x00000814                xEventGroupWaitBits
 .text.xEventGroupClearBits
                0x000008f8       0x1e Free RTOS/event_groups.o
                0x000008f8                xEventGroupClearBits
 .text.xEventGroupSetBits
                0x00000916       0xc8 Free RTOS/event_groups.o
                0x00000916                xEventGroupSetBits
 .text.prvHeapInit
                0x000009de       0x36 Free RTOS/heap_2.o
 .text.pvPortMalloc
                0x00000a14      0x12a Free RTOS/heap_2.o
                0x00000a14                pvPortMalloc
 .text.vPortFree
                0x00000b3e       0x66 Free RTOS/heap_2.o
                0x00000b3e                vPortFree
 .text.vListInitialise
                0x00000ba4       0x1c Free RTOS/list.o
                0x00000ba4                vListInitialise
 .text.vListInitialiseItem
                0x00000bc0        0x8 Free RTOS/list.o
                0x00000bc0                vListInitialiseItem
 .text.vListInsert
                0x00000bc8       0x62 Free RTOS/list.o
                0x00000bc8                vListInsert
 .text.uxListRemove
                0x00000c2a       0x4e Free RTOS/list.o
                0x00000c2a                uxListRemove
 .text.prvSetupTimerInterrupt
                0x00000c78       0x12 Free RTOS/port.o
 .text.pxPortInitialiseStack
                0x00000c8a       0xd8 Free RTOS/port.o
                0x00000c8a                pxPortInitialiseStack
 .text.xPortStartScheduler
                0x00000d62       0x5e Free RTOS/port.o
                0x00000d62                xPortStartScheduler
 .text.vPortYield
                0x00000dc0       0xb2 Free RTOS/port.o
                0x00000dc0                vPortYield
 .text.vPortYieldFromTick
                0x00000e72       0xb8 Free RTOS/port.o
                0x00000e72                vPortYieldFromTick
 .text.__vector_7
                0x00000f2a        0x6 Free RTOS/port.o
                0x00000f2a                __vector_7
 .text.prvResetNextTaskUnblockTime
                0x00000f30       0x38 Free RTOS/tasks.o
 .text.prvDeleteTCB
                0x00000f68       0x1a Free RTOS/tasks.o
 .text.prvInitialiseNewTask
                0x00000f82      0x120 Free RTOS/tasks.o
 .text.prvInitialiseTaskLists
                0x000010a2       0x6e Free RTOS/tasks.o
 .text.prvAddNewTaskToReadyList
                0x00001110       0xfc Free RTOS/tasks.o
 .text.prvCheckTasksWaitingTermination
                0x0000120c       0x4c Free RTOS/tasks.o
 .text.prvIdleTask
                0x00001258       0x12 Free RTOS/tasks.o
 .text.prvAddCurrentTaskToDelayedList
                0x0000126a      0x102 Free RTOS/tasks.o
 .text.xTaskCreate
                0x0000136c       0xa8 Free RTOS/tasks.o
                0x0000136c                xTaskCreate
 .text.vTaskStartScheduler
                0x00001414       0x58 Free RTOS/tasks.o
                0x00001414                vTaskStartScheduler
 .text.vTaskSuspendAll
                0x0000146c        0xc Free RTOS/tasks.o
                0x0000146c                vTaskSuspendAll
 .text.xTaskIncrementTick
                0x00001478      0x208 Free RTOS/tasks.o
                0x00001478                xTaskIncrementTick
 .text.xTaskResumeAll
                0x00001680      0x1aa Free RTOS/tasks.o
                0x00001680                xTaskResumeAll
 .text.vTaskSwitchContext
                0x0000182a       0xa8 Free RTOS/tasks.o
                0x0000182a                vTaskSwitchContext
 .text.vTaskPlaceOnUnorderedEventList
                0x000018d2       0x8c Free RTOS/tasks.o
                0x000018d2                vTaskPlaceOnUnorderedEventList
 .text.vTaskRemoveFromUnorderedEventList
                0x0000195e      0x14c Free RTOS/tasks.o
                0x0000195e                vTaskRemoveFromUnorderedEventList
 .text.uxTaskResetEventItemValue
                0x00001aaa       0x2e Free RTOS/tasks.o
                0x00001aaa                uxTaskResetEventItemValue
 .text.read_button
                0x00001ad8       0x56 main.o
                0x00001ad8                read_button
 .text.toggle_led
                0x00001b2e       0x36 main.o
                0x00001b2e                toggle_led
 .text.main     0x00001b64       0x6e main.o
                0x00001b64                main
 .text.avr-libc
                0x00001bd2        0xe c:/program files (x86)/atmel/studio/7.0/toolchain/avr8/avr8-gnu-toolchain/bin/../lib/gcc/avr/5.4.0/../../../../avr/lib/avr5\libc.a(memset.o)
                0x00001bd2                memset
                0x00001be0                . = ALIGN (0x2)
 *(.fini9)
 .fini9         0x00001be0        0x0 c:/program files (x86)/atmel/studio/7.0/toolchain/avr8/avr8-gnu-toolchain/bin/../lib/gcc/avr/5.4.0/avr5\libgcc.a(_exit.o)
                0x00001be0                _exit
                0x00001be0                exit
 *(.fini9)
 *(.fini8)
 *(.fini8)
 *(.fini7)
 *(.fini7)
 *(.fini6)
 *(.fini6)
 *(.fini5)
 *(.fini5)
 *(.fini4)
 *(.fini4)
 *(.fini3)
 *(.fini3)
 *(.fini2)
 *(.fini2)
 *(.fini1)
 *(.fini1)
 *(.fini0)
 .fini0         0x00001be0        0x4 c:/program files (x86)/atmel/studio/7.0/toolchain/avr8/avr8-gnu-toolchain/bin/../lib/gcc/avr/5.4.0/avr5\libgcc.a(_exit.o)
 *(.fini0)
                0x00001be4                _etext = .

.data           0x00800060       0x14 load address 0x00001be4
                0x00800060                PROVIDE (__data_start, .)
 *(.data)
 *(.data*)
 .data.xFreeBytesRemaining
                0x00800060        0x2 Free RTOS/heap_2.o
 .data.uxTopUsedPriority
                0x00800062        0x1 Free RTOS/tasks.o
                0x00800062                uxTopUsedPriority
 *(.gnu.linkonce.d*)
 *(.rodata)
 *(.rodata*)
 .rodata.str1.1
                0x00800063        0x5 Free RTOS/tasks.o
 .rodata.str1.1
                0x00800068        0xb main.o
 *(.gnu.linkonce.r*)
                0x00800074                . = ALIGN (0x2)
 *fill*         0x00800073        0x1 
                0x00800074                _edata = .
                0x00800074                PROVIDE (__data_end, .)

.bss            0x00800074      0x3a5
                0x00800074                PROVIDE (__bss_start, .)
 *(.bss)
 *(.bss*)
 .bss.ISR2      0x00800074        0x2 ATMEGA 32 Drivers/Gpio.o
                0x00800074                ISR2
 .bss.ISR1      0x00800076        0x2 ATMEGA 32 Drivers/Gpio.o
                0x00800076                ISR1
 .bss.ISR0      0x00800078        0x2 ATMEGA 32 Drivers/Gpio.o
                0x00800078                ISR0
 .bss.xHeapHasBeenInitialised.2121
                0x0080007a        0x1 Free RTOS/heap_2.o
 .bss.xEnd      0x0080007b        0x4 Free RTOS/heap_2.o
 .bss.xStart    0x0080007f        0x4 Free RTOS/heap_2.o
 .bss.ucHeap    0x00800083      0x320 Free RTOS/heap_2.o
 .bss.uxSchedulerSuspended
                0x008003a3        0x1 Free RTOS/tasks.o
 .bss.xIdleTaskHandle
                0x008003a4        0x2 Free RTOS/tasks.o
 .bss.xNextTaskUnblockTime
                0x008003a6        0x2 Free RTOS/tasks.o
 .bss.uxTaskNumber
                0x008003a8        0x1 Free RTOS/tasks.o
 .bss.xNumOfOverflows
                0x008003a9        0x1 Free RTOS/tasks.o
 .bss.xYieldPending
                0x008003aa        0x1 Free RTOS/tasks.o
 .bss.xPendedTicks
                0x008003ab        0x2 Free RTOS/tasks.o
 .bss.xSchedulerRunning
                0x008003ad        0x1 Free RTOS/tasks.o
 .bss.uxTopReadyPriority
                0x008003ae        0x1 Free RTOS/tasks.o
 .bss.xTickCount
                0x008003af        0x2 Free RTOS/tasks.o
 .bss.uxCurrentNumberOfTasks
                0x008003b1        0x1 Free RTOS/tasks.o
 .bss.xSuspendedTaskList
                0x008003b2        0x9 Free RTOS/tasks.o
 .bss.uxDeletedTasksWaitingCleanUp
                0x008003bb        0x1 Free RTOS/tasks.o
 .bss.xTasksWaitingTermination
                0x008003bc        0x9 Free RTOS/tasks.o
 .bss.xPendingReadyList
                0x008003c5        0x9 Free RTOS/tasks.o
 .bss.pxOverflowDelayedTaskList
                0x008003ce        0x2 Free RTOS/tasks.o
 .bss.pxDelayedTaskList
                0x008003d0        0x2 Free RTOS/tasks.o
 .bss.xDelayedTaskList2
                0x008003d2        0x9 Free RTOS/tasks.o
 .bss.xDelayedTaskList1
                0x008003db        0x9 Free RTOS/tasks.o
 .bss.pxReadyTasksLists
                0x008003e4       0x2d Free RTOS/tasks.o
 .bss.pxCurrentTCB
                0x00800411        0x2 Free RTOS/tasks.o
                0x00800411                pxCurrentTCB
 .bss.task2     0x00800413        0x2 main.o
                0x00800413                task2
 .bss.task1     0x00800415        0x2 main.o
                0x00800415                task1
 *(COMMON)
 COMMON         0x00800417        0x2 main.o
                0x00800417                xb
                0x00800419                PROVIDE (__bss_end, .)
                0x00001be4                __data_load_start = LOADADDR (.data)
                0x00001bf8                __data_load_end = (__data_load_start + SIZEOF (.data))

.noinit         0x00800419        0x0
                [!provide]                PROVIDE (__noinit_start, .)
 *(.noinit*)
                [!provide]                PROVIDE (__noinit_end, .)
                0x00800419                _end = .
                [!provide]                PROVIDE (__heap_start, .)

.eeprom         0x00810000        0x0
 *(.eeprom*)
                0x00810000                __eeprom_end = .

.fuse
 *(.fuse)
 *(.lfuse)
 *(.hfuse)
 *(.efuse)

.lock
 *(.lock*)

.signature
 *(.signature*)

.user_signatures
 *(.user_signatures*)

.stab
 *(.stab)

.stabstr
 *(.stabstr)

.stab.excl
 *(.stab.excl)

.stab.exclstr
 *(.stab.exclstr)

.stab.index
 *(.stab.index)

.stab.indexstr
 *(.stab.indexstr)

.comment        0x00000000       0x30
 *(.comment)
 .comment       0x00000000       0x30 ATMEGA 32 Drivers/Gpio.o
                                 0x31 (size before relaxing)
 .comment       0x00000030       0x31 Free RTOS/event_groups.o
 .comment       0x00000030       0x31 Free RTOS/heap_2.o
 .comment       0x00000030       0x31 Free RTOS/list.o
 .comment       0x00000030       0x31 Free RTOS/port.o
 .comment       0x00000030       0x31 Free RTOS/tasks.o
 .comment       0x00000030       0x31 main.o

.note.gnu.avr.deviceinfo
                0x00000000       0x3c
 .note.gnu.avr.deviceinfo
                0x00000000       0x3c C:/Program Files (x86)/Atmel/Studio/7.0/Packs/atmel/ATmega_DFP/1.7.374/gcc/dev/atmega32/avr5/crtatmega32.o

.note.gnu.build-id
 *(.note.gnu.build-id)

.debug
 *(.debug)

.line
 *(.line)

.debug_srcinfo
 *(.debug_srcinfo)

.debug_sfnames
 *(.debug_sfnames)

.debug_aranges  0x00000000      0x3c0
 *(.debug_aranges)
 .debug_aranges
                0x00000000       0x60 ATMEGA 32 Drivers/Gpio.o
 .debug_aranges
                0x00000060       0x78 Free RTOS/event_groups.o
 .debug_aranges
                0x000000d8       0x40 Free RTOS/heap_2.o
 .debug_aranges
                0x00000118       0x40 Free RTOS/list.o
 .debug_aranges
                0x00000158       0x50 Free RTOS/port.o
 .debug_aranges
                0x000001a8      0x1e8 Free RTOS/tasks.o
 .debug_aranges
                0x00000390       0x30 main.o

.debug_pubnames
 *(.debug_pubnames)

.debug_info     0x00000000     0x41f7
 *(.debug_info .gnu.linkonce.wi.*)
 .debug_info    0x00000000      0x4e6 C:/Program Files (x86)/Atmel/Studio/7.0/Packs/atmel/ATmega_DFP/1.7.374/gcc/dev/atmega32/avr5/crtatmega32.o
 .debug_info    0x000004e6      0x209 ATMEGA 32 Drivers/Gpio.o
 .debug_info    0x000006ef      0x97a Free RTOS/event_groups.o
 .debug_info    0x00001069      0x32a Free RTOS/heap_2.o
 .debug_info    0x00001393      0x2d8 Free RTOS/list.o
 .debug_info    0x0000166b      0x24e Free RTOS/port.o
 .debug_info    0x000018b9     0x258a Free RTOS/tasks.o
 .debug_info    0x00003e43      0x3b4 main.o

.debug_abbrev   0x00000000      0xf16
 *(.debug_abbrev)
 .debug_abbrev  0x00000000      0x4a3 C:/Program Files (x86)/Atmel/Studio/7.0/Packs/atmel/ATmega_DFP/1.7.374/gcc/dev/atmega32/avr5/crtatmega32.o
 .debug_abbrev  0x000004a3       0xde ATMEGA 32 Drivers/Gpio.o
 .debug_abbrev  0x00000581      0x1dc Free RTOS/event_groups.o
 .debug_abbrev  0x0000075d      0x191 Free RTOS/heap_2.o
 .debug_abbrev  0x000008ee       0xff Free RTOS/list.o
 .debug_abbrev  0x000009ed      0x143 Free RTOS/port.o
 .debug_abbrev  0x00000b30      0x2c8 Free RTOS/tasks.o
 .debug_abbrev  0x00000df8      0x11e main.o

.debug_line     0x00000000     0x2983
 *(.debug_line .debug_line.* .debug_line_end)
 .debug_line    0x00000000      0x116 C:/Program Files (x86)/Atmel/Studio/7.0/Packs/atmel/ATmega_DFP/1.7.374/gcc/dev/atmega32/avr5/crtatmega32.o
 .debug_line    0x00000116      0x3b5 ATMEGA 32 Drivers/Gpio.o
 .debug_line    0x000004cb      0x444 Free RTOS/event_groups.o
 .debug_line    0x0000090f      0x2cb Free RTOS/heap_2.o
 .debug_line    0x00000bda      0x1d8 Free RTOS/list.o
 .debug_line    0x00000db2      0x2a5 Free RTOS/port.o
 .debug_line    0x00001057     0x177e Free RTOS/tasks.o
 .debug_line    0x000027d5      0x1ae main.o

.debug_frame    0x00000000      0xc60
 *(.debug_frame)
 .debug_frame   0x00000000      0x17c ATMEGA 32 Drivers/Gpio.o
 .debug_frame   0x0000017c      0x17c Free RTOS/event_groups.o
 .debug_frame   0x000002f8       0x98 Free RTOS/heap_2.o
 .debug_frame   0x00000390       0x88 Free RTOS/list.o
 .debug_frame   0x00000418       0x84 Free RTOS/port.o
 .debug_frame   0x0000049c      0x770 Free RTOS/tasks.o
 .debug_frame   0x00000c0c       0x54 main.o

.debug_str      0x00000000     0x16ef
 *(.debug_str)
 .debug_str     0x00000000      0x196 C:/Program Files (x86)/Atmel/Studio/7.0/Packs/atmel/ATmega_DFP/1.7.374/gcc/dev/atmega32/avr5/crtatmega32.o
 .debug_str     0x00000196      0x1d0 ATMEGA 32 Drivers/Gpio.o
                                0x21c (size before relaxing)
 .debug_str     0x00000366      0x432 Free RTOS/event_groups.o
                                0x5d6 (size before relaxing)
 .debug_str     0x00000798      0x145 Free RTOS/heap_2.o
                                0x304 (size before relaxing)
 .debug_str     0x000008dd       0x86 Free RTOS/list.o
                                0x2bb (size before relaxing)
 .debug_str     0x00000963      0x115 Free RTOS/port.o
                                0x2b4 (size before relaxing)
 .debug_str     0x00000a78      0xc43 Free RTOS/tasks.o
                               0x108b (size before relaxing)
 .debug_str     0x000016bb       0x34 main.o
                                0x292 (size before relaxing)

.debug_loc      0x00000000     0x4b0a
 *(.debug_loc)
 .debug_loc     0x00000000      0x78c ATMEGA 32 Drivers/Gpio.o
 .debug_loc     0x0000078c      0xbeb Free RTOS/event_groups.o
 .debug_loc     0x00001377      0x2bb Free RTOS/heap_2.o
 .debug_loc     0x00001632      0x145 Free RTOS/list.o
 .debug_loc     0x00001777      0x2a0 Free RTOS/port.o
 .debug_loc     0x00001a17     0x2fe7 Free RTOS/tasks.o
 .debug_loc     0x000049fe      0x10c main.o

.debug_macinfo
 *(.debug_macinfo)

.debug_weaknames
 *(.debug_weaknames)

.debug_funcnames
 *(.debug_funcnames)

.debug_typenames
 *(.debug_typenames)

.debug_varnames
 *(.debug_varnames)

.debug_pubtypes
 *(.debug_pubtypes)

.debug_ranges   0x00000000      0x3c8
 *(.debug_ranges)
 .debug_ranges  0x00000000       0x50 ATMEGA 32 Drivers/Gpio.o
 .debug_ranges  0x00000050       0x80 Free RTOS/event_groups.o
 .debug_ranges  0x000000d0       0x30 Free RTOS/heap_2.o
 .debug_ranges  0x00000100       0x30 Free RTOS/list.o
 .debug_ranges  0x00000130       0x40 Free RTOS/port.o
 .debug_ranges  0x00000170      0x238 Free RTOS/tasks.o
 .debug_ranges  0x000003a8       0x20 main.o

.debug_macro
 *(.debug_macro)
OUTPUT(RTOS Events.elf elf32-avr)
LOAD linker stubs
